<?xml version="1.0" encoding="UTF-8"?>
<OmniDataTransform xmlns="http://soap.sforce.com/2006/04/metadata">
    <active>false</active>
    <assignmentRulesUsed>false</assignmentRulesUsed>
    <deletedOnSuccess>false</deletedOnSuccess>
    <errorIgnored>false</errorIgnored>
    <expectedInputJson>{
  &quot;ContextId&quot; : &quot;0015e000003I9JbAAK&quot;,
  &quot;createOrderDate&quot; : null,
  &quot;createOrderPriceList&quot; : null,
  &quot;createOrderStatus&quot; : null,
  &quot;orderName&quot; : null,
  &quot;selectOrderName&quot; : null,
  &quot;selectType&quot; : &quot;selectOrder&quot;
}</expectedInputJson>
    <fieldLevelSecurityEnabled>false</fieldLevelSecurityEnabled>
    <inputType>JSON</inputType>
    <name>CPQCreateOpportunity</name>
    <nullInputsIncludedInOutput>false</nullInputsIncludedInOutput>
    <omniDataTransformItem>
        <disabled>false</disabled>
        <filterGroup>0.0</filterGroup>
        <globalKey>CPQ-CreateOpportunityCustoma005g00002v1JK4AAMItem3</globalKey>
        <inputFieldName>opportunityStage</inputFieldName>
        <inputObjectQuerySequence>0.0</inputObjectQuerySequence>
        <linkedObjectSequence>0.0</linkedObjectSequence>
        <name>CPQCreateOpportunity</name>
        <outputCreationSequence>1.0</outputCreationSequence>
        <outputFieldName>StageName</outputFieldName>
        <outputObjectName>Opportunity</outputObjectName>
        <requiredForUpsert>false</requiredForUpsert>
        <upsertKey>false</upsertKey>
    </omniDataTransformItem>
    <omniDataTransformItem>
        <disabled>true</disabled>
        <filterGroup>0.0</filterGroup>
        <filterOperator>=</filterOperator>
        <globalKey>CPQ-CreateOpportunityCustoma005g00002v1JK4AAMItem0</globalKey>
        <inputObjectQuerySequence>0.0</inputObjectQuerySequence>
        <linkedObjectSequence>0.0</linkedObjectSequence>
        <migrationValue>FAKEMAPPING</migrationValue>
        <name>CPQCreateOpportunity</name>
        <outputCreationSequence>1.0</outputCreationSequence>
        <outputFieldName>Id</outputFieldName>
        <outputObjectName>Opportunity</outputObjectName>
        <requiredForUpsert>false</requiredForUpsert>
        <upsertKey>false</upsertKey>
    </omniDataTransformItem>
    <omniDataTransformItem>
        <disabled>false</disabled>
        <filterGroup>0.0</filterGroup>
        <globalKey>CPQ-CreateOpportunityCustoma005g00002v1JK4AAMItem1</globalKey>
        <inputFieldName>opportunityName</inputFieldName>
        <inputObjectQuerySequence>0.0</inputObjectQuerySequence>
        <linkedObjectSequence>0.0</linkedObjectSequence>
        <name>CPQCreateOpportunity</name>
        <outputCreationSequence>1.0</outputCreationSequence>
        <outputFieldName>Name</outputFieldName>
        <outputObjectName>Opportunity</outputObjectName>
        <requiredForUpsert>false</requiredForUpsert>
        <upsertKey>false</upsertKey>
    </omniDataTransformItem>
    <omniDataTransformItem>
        <disabled>false</disabled>
        <filterGroup>0.0</filterGroup>
        <globalKey>CPQ-CreateOpportunityCustoma005g00002v1JK4AAMItem5</globalKey>
        <inputFieldName>ContextId</inputFieldName>
        <inputObjectQuerySequence>0.0</inputObjectQuerySequence>
        <linkedObjectSequence>0.0</linkedObjectSequence>
        <name>CPQCreateOpportunity</name>
        <outputCreationSequence>1.0</outputCreationSequence>
        <outputFieldName>AccountId</outputFieldName>
        <outputObjectName>Opportunity</outputObjectName>
        <requiredForUpsert>false</requiredForUpsert>
        <upsertKey>false</upsertKey>
    </omniDataTransformItem>
    <omniDataTransformItem>
        <disabled>false</disabled>
        <filterGroup>0.0</filterGroup>
        <globalKey>CPQ-CreateOpportunityCustoma005g00002v1JK4AAMItem2</globalKey>
        <inputFieldName>opportunityCloseDate</inputFieldName>
        <inputObjectQuerySequence>0.0</inputObjectQuerySequence>
        <linkedObjectSequence>0.0</linkedObjectSequence>
        <name>CPQCreateOpportunity</name>
        <outputCreationSequence>1.0</outputCreationSequence>
        <outputFieldName>CloseDate</outputFieldName>
        <outputObjectName>Opportunity</outputObjectName>
        <requiredForUpsert>false</requiredForUpsert>
        <upsertKey>false</upsertKey>
    </omniDataTransformItem>
    <omniDataTransformItem>
        <disabled>false</disabled>
        <filterGroup>0.0</filterGroup>
        <globalKey>CPQ-CreateOpportunityCustom6483</globalKey>
        <inputFieldName>createQuotePriceList</inputFieldName>
        <inputObjectQuerySequence>0.0</inputObjectQuerySequence>
        <linkedObjectSequence>0.0</linkedObjectSequence>
        <name>CPQCreateOpportunity</name>
        <outputCreationSequence>1.0</outputCreationSequence>
        <outputFieldName>vlocity_cmt__PriceListId__c</outputFieldName>
        <outputObjectName>Opportunity</outputObjectName>
        <requiredForUpsert>false</requiredForUpsert>
        <upsertKey>false</upsertKey>
    </omniDataTransformItem>
    <outputType>SObject</outputType>
    <previewJsonData>{
  &quot;ContextId&quot; : &quot;0015g00000EyHr5AAF&quot;,
  &quot;createQuotePriceList&quot; : null,
  &quot;isBulk&quot; : &quot;bulk&quot;,
  &quot;opportunityCloseDate&quot; : &quot;2021-06-08&quot;,
  &quot;opportunityName&quot; : &quot;sd&quot;,
  &quot;opportunityStage&quot; : &quot;Prospecting&quot;,
  &quot;quoteName&quot; : null,
  &quot;selectActionType&quot; : &quot;changeAssets&quot;,
  &quot;selectOpportunity&quot; : null,
  &quot;selectQuoteName&quot; : null,
  &quot;selectQuoteType&quot; : &quot;createOpportunity&quot;,
  &quot;selectType&quot; : &quot;createQuote&quot;
}</previewJsonData>
    <processSuperBulk>false</processSuperBulk>
    <responseCacheTtlMinutes>0.0</responseCacheTtlMinutes>
    <rollbackOnError>false</rollbackOnError>
    <sourceObject>json</sourceObject>
    <sourceObjectDefault>false</sourceObjectDefault>
    <synchronousProcessThreshold>0.0</synchronousProcessThreshold>
    <type>Load</type>
    <uniqueName>CPQCreateOpportunity_1</uniqueName>
    <versionNumber>1.0</versionNumber>
    <xmlDeclarationRemoved>false</xmlDeclarationRemoved>
</OmniDataTransform>
