<?xml version="1.0" encoding="UTF-8"?>
<OmniDataTransform xmlns="http://soap.sforce.com/2006/04/metadata">
    <active>false</active>
    <assignmentRulesUsed>false</assignmentRulesUsed>
    <deletedOnSuccess>false</deletedOnSuccess>
    <description>This Data Raptor is used for creating and Updating the Frame Contracts, Contract Documents and Contract Discounts</description>
    <errorIgnored>false</errorIgnored>
    <expectedInputJson>{
  &quot;AccountId&quot; : &quot;001f400000R8I3eAAF&quot;,
  &quot;ContractId&quot; : &quot;&quot;,
  &quot;ContractStatus&quot; : &quot;Draft&quot;,
  &quot;ContractType&quot; : &quot;Default&quot;,
  &quot;Oppty&quot; : {
    &quot;AccountId&quot; : &quot;001f400000R8I3eAAF&quot;,
    &quot;Discount&quot; : [ {
      &quot;AppliesToAllItems&quot; : true,
      &quot;EffectiveEndDate&quot; : &quot;2020-02-19T21:25:00.000Z&quot;,
      &quot;EffectiveStartDate&quot; : &quot;2019-02-14T21:25:00.000Z&quot;,
      &quot;Name&quot; : &quot;Discount33333&quot;,
      &quot;ReferenceNumber&quot; : &quot;77777777&quot;,
      &quot;TemplateId&quot; : &quot;a2yf4000000unwXAAQ&quot;
    }, {
      &quot;AppliesToAllItems&quot; : true,
      &quot;Description&quot; : &quot;sdlaksasdjlasd&quot;,
      &quot;DiscountItem&quot; : [ {
        &quot;CatalogCategoryId&quot; : &quot;a0Ff4000003W2I7EAK&quot;,
        &quot;Description&quot; : &quot;sdkjakda&quot;,
        &quot;Name&quot; : &quot;DiscountItem1&quot;,
        &quot;ProductId&quot; : &quot;01tf4000001opAuAAI&quot;
      }, {
        &quot;CatalogCategoryId&quot; : &quot;a0Ff4000003W2I7EAK&quot;,
        &quot;Description&quot; : &quot;sdkjakdascdasds&quot;,
        &quot;Name&quot; : &quot;DiscountItem2&quot;,
        &quot;ProductId&quot; : &quot;01tf4000001opAuAAI&quot;
      } ],
      &quot;DiscountPricing&quot; : {
        &quot;AdjustmentValue&quot; : 1000,
        &quot;Amount&quot; : 12,
        &quot;Name&quot; : &quot;Discount PRicing11&quot;,
        &quot;PricingVariableId&quot; : &quot;a2rf4000000Qwz7AAC&quot;,
        &quot;TimePlanId&quot; : &quot;a39f4000000R2vhAAC&quot;,
        &quot;TimePolicyId&quot; : &quot;a3Af40000009YaJEAU&quot;
      },
      &quot;EffectiveEndDate&quot; : &quot;2020-02-19T21:25:00.000Z&quot;,
      &quot;EffectiveStartDate&quot; : &quot;2019-02-14T21:25:00.000Z&quot;,
      &quot;Name&quot; : &quot;Discount111&quot;,
      &quot;ReferenceNumber&quot; : &quot;111111111&quot;,
      &quot;TemplateId&quot; : &quot;a2yf4000000unwXAAQ&quot;
    }, {
      &quot;AppliesToAllItems&quot; : true,
      &quot;DiscountItem&quot; : {
        &quot;CatalogCategoryId&quot; : &quot;a0Ff4000003W2I7EAK&quot;,
        &quot;Description&quot; : &quot;slkndekaw&quot;,
        &quot;Name&quot; : &quot;DiscountItem2-2&quot;,
        &quot;ProductId&quot; : &quot;01tf4000003hmOdAAI&quot;
      },
      &quot;DiscountPricing&quot; : [ {
        &quot;AdjustmentValue&quot; : 1000,
        &quot;Name&quot; : &quot;Discount PRicing2-1&quot;,
        &quot;PricingVariableId&quot; : &quot;a2rf4000000Qwz7AAC&quot;,
        &quot;TimePlanId&quot; : &quot;a39f4000000R2vhAAC&quot;,
        &quot;TimePolicyId&quot; : &quot;a3Af40000009YaJEAU&quot;
      }, {
        &quot;AdjustmentValue&quot; : 1000,
        &quot;Name&quot; : &quot;Discount PRicing2-2&quot;,
        &quot;PricingVariableId&quot; : &quot;a2rf4000000Qwz7AAC&quot;,
        &quot;TimePlanId&quot; : &quot;a39f4000000R2vhAAC&quot;,
        &quot;TimePolicyId&quot; : &quot;a3Af40000009YaJEAU&quot;
      } ],
      &quot;EffectiveEndDate&quot; : &quot;2020-02-19T21:25:00.000Z&quot;,
      &quot;EffectiveStartDate&quot; : &quot;2019-02-14T21:25:00.000Z&quot;,
      &quot;Name&quot; : &quot;Discount2222&quot;,
      &quot;ReferenceNumber&quot; : &quot;2222222&quot;,
      &quot;TemplateId&quot; : &quot;a2yf4000000unwXAAQ&quot;
    } ],
    &quot;Name&quot; : &quot;Test123&quot;,
    &quot;originalContractId&quot; : &quot;800f4000000wMc8AAE&quot;
  },
  &quot;OpptyId&quot; : &quot;006f400000DGGxc&quot;,
  &quot;StartDate&quot; : &quot;2019-02-14&quot;,
  &quot;VersionStatus&quot; : &quot;Active&quot;,
  &quot;errorDetails&quot; : &quot;&quot;,
  &quot;errorInfo&quot; : &quot;&quot;,
  &quot;errorOK&quot; : &quot;&quot;,
  &quot;isFrameContract&quot; : true
}</expectedInputJson>
    <fieldLevelSecurityEnabled>false</fieldLevelSecurityEnabled>
    <inputType>JSON</inputType>
    <name>CreateContractDiscountsOppty</name>
    <nullInputsIncludedInOutput>false</nullInputsIncludedInOutput>
    <omniDataTransformItem>
        <disabled>false</disabled>
        <filterGroup>0.0</filterGroup>
        <globalKey>CreateContractDiscountsOpptyCustoma0Nf4000004AIsXEAWItem13</globalKey>
        <inputFieldName>Oppty:Discount:Name</inputFieldName>
        <inputObjectQuerySequence>0.0</inputObjectQuerySequence>
        <linkedObjectSequence>0.0</linkedObjectSequence>
        <name>CreateContractDiscountsOppty</name>
        <outputCreationSequence>3.0</outputCreationSequence>
        <outputFieldName>Name</outputFieldName>
        <outputObjectName>vlocity_cmt__ContractVersionDiscount__c</outputObjectName>
        <requiredForUpsert>false</requiredForUpsert>
        <upsertKey>false</upsertKey>
    </omniDataTransformItem>
    <omniDataTransformItem>
        <disabled>false</disabled>
        <filterGroup>0.0</filterGroup>
        <globalKey>CreateContractDiscountsOpptyCustoma0Nf4000004AIsXEAWItem14</globalKey>
        <inputFieldName>Oppty:Discount:ReferenceNumber</inputFieldName>
        <inputObjectQuerySequence>0.0</inputObjectQuerySequence>
        <linkedObjectSequence>0.0</linkedObjectSequence>
        <name>CreateContractDiscountsOppty</name>
        <outputCreationSequence>3.0</outputCreationSequence>
        <outputFieldName>vlocity_cmt__ReferenceNumber__c</outputFieldName>
        <outputObjectName>vlocity_cmt__ContractVersionDiscount__c</outputObjectName>
        <requiredForUpsert>true</requiredForUpsert>
        <upsertKey>false</upsertKey>
    </omniDataTransformItem>
    <omniDataTransformItem>
        <disabled>true</disabled>
        <filterGroup>0.0</filterGroup>
        <filterOperator>=</filterOperator>
        <globalKey>CreateContractDiscountsOpptyCustoma0Nf4000004AIsXEAWItem7</globalKey>
        <inputObjectQuerySequence>0.0</inputObjectQuerySequence>
        <linkedObjectSequence>0.0</linkedObjectSequence>
        <migrationValue>FAKEMAPPING</migrationValue>
        <name>CreateContractDiscountsOppty</name>
        <outputCreationSequence>2.0</outputCreationSequence>
        <outputFieldName>Id</outputFieldName>
        <outputObjectName>vlocity_cmt__ContractVersion__c</outputObjectName>
        <requiredForUpsert>false</requiredForUpsert>
        <upsertKey>false</upsertKey>
    </omniDataTransformItem>
    <omniDataTransformItem>
        <disabled>false</disabled>
        <filterGroup>0.0</filterGroup>
        <globalKey>CreateContractDiscountsOpptyCustoma0Nf4000004AIsXEAWItem19</globalKey>
        <inputFieldName>Oppty:Discount:DiscountItem:Description</inputFieldName>
        <inputObjectQuerySequence>0.0</inputObjectQuerySequence>
        <linkedObjectSequence>0.0</linkedObjectSequence>
        <name>CreateContractDiscountsOppty</name>
        <outputCreationSequence>4.0</outputCreationSequence>
        <outputFieldName>vlocity_cmt__Description__c</outputFieldName>
        <outputObjectName>vlocity_cmt__ContractVersionDiscountItem__c</outputObjectName>
        <requiredForUpsert>false</requiredForUpsert>
        <upsertKey>false</upsertKey>
    </omniDataTransformItem>
    <omniDataTransformItem>
        <disabled>false</disabled>
        <filterGroup>0.0</filterGroup>
        <globalKey>CreateContractDiscountsOpptyCustoma0Nf4000004AIsXEAWItem20</globalKey>
        <inputFieldName>Oppty:Discount:DiscountItem:Name</inputFieldName>
        <inputObjectQuerySequence>0.0</inputObjectQuerySequence>
        <linkedObjectSequence>0.0</linkedObjectSequence>
        <name>CreateContractDiscountsOppty</name>
        <outputCreationSequence>4.0</outputCreationSequence>
        <outputFieldName>Name</outputFieldName>
        <outputObjectName>vlocity_cmt__ContractVersionDiscountItem__c</outputObjectName>
        <requiredForUpsert>true</requiredForUpsert>
        <upsertKey>false</upsertKey>
    </omniDataTransformItem>
    <omniDataTransformItem>
        <disabled>true</disabled>
        <filterGroup>0.0</filterGroup>
        <filterOperator>=</filterOperator>
        <globalKey>CreateContractDiscountsOpptyCustoma0Nf4000004AIsXEAWItem16</globalKey>
        <inputObjectQuerySequence>0.0</inputObjectQuerySequence>
        <linkedObjectSequence>0.0</linkedObjectSequence>
        <migrationValue>FAKEMAPPING</migrationValue>
        <name>CreateContractDiscountsOppty</name>
        <outputCreationSequence>4.0</outputCreationSequence>
        <outputFieldName>Id</outputFieldName>
        <outputObjectName>vlocity_cmt__ContractVersionDiscountItem__c</outputObjectName>
        <requiredForUpsert>false</requiredForUpsert>
        <upsertKey>false</upsertKey>
    </omniDataTransformItem>
    <omniDataTransformItem>
        <disabled>false</disabled>
        <filterGroup>0.0</filterGroup>
        <globalKey>CreateContractDiscountsOpptyCustoma0Nf4000004AIsXEAWItem18</globalKey>
        <inputFieldName>Oppty:Discount:DiscountItem:CatalogCategoryId</inputFieldName>
        <inputObjectQuerySequence>0.0</inputObjectQuerySequence>
        <linkedObjectSequence>0.0</linkedObjectSequence>
        <name>CreateContractDiscountsOppty</name>
        <outputCreationSequence>4.0</outputCreationSequence>
        <outputFieldName>vlocity_cmt__CatalogCategoryId__c</outputFieldName>
        <outputObjectName>vlocity_cmt__ContractVersionDiscountItem__c</outputObjectName>
        <requiredForUpsert>false</requiredForUpsert>
        <upsertKey>false</upsertKey>
    </omniDataTransformItem>
    <omniDataTransformItem>
        <disabled>false</disabled>
        <filterGroup>0.0</filterGroup>
        <globalKey>CreateContractDiscountsOpptyCustom1736</globalKey>
        <inputFieldName>Oppty:Discount:AppliesToAllItems</inputFieldName>
        <inputObjectQuerySequence>0.0</inputObjectQuerySequence>
        <linkedObjectSequence>0.0</linkedObjectSequence>
        <name>CreateContractDiscountsOppty</name>
        <outputCreationSequence>3.0</outputCreationSequence>
        <outputFieldName>vlocity_cmt__AppliesToAllItems__c</outputFieldName>
        <outputObjectName>vlocity_cmt__ContractVersionDiscount__c</outputObjectName>
        <requiredForUpsert>false</requiredForUpsert>
        <upsertKey>false</upsertKey>
    </omniDataTransformItem>
    <omniDataTransformItem>
        <disabled>false</disabled>
        <filterGroup>0.0</filterGroup>
        <globalKey>CreateContractDiscountsOpptyCustoma0Nf4000004AIsXEAWItem15</globalKey>
        <inputFieldName>Oppty:Discount:TemplateId</inputFieldName>
        <inputObjectQuerySequence>0.0</inputObjectQuerySequence>
        <linkedObjectSequence>0.0</linkedObjectSequence>
        <name>CreateContractDiscountsOppty</name>
        <outputCreationSequence>3.0</outputCreationSequence>
        <outputFieldName>vlocity_cmt__DiscountTemplateId__c</outputFieldName>
        <outputObjectName>vlocity_cmt__ContractVersionDiscount__c</outputObjectName>
        <requiredForUpsert>false</requiredForUpsert>
        <upsertKey>false</upsertKey>
    </omniDataTransformItem>
    <omniDataTransformItem>
        <disabled>false</disabled>
        <filterGroup>0.0</filterGroup>
        <globalKey>CreateContractDiscountsOpptyCustoma0Nf4000004AIsXEAWItem9</globalKey>
        <inputFieldName>VersionStatus</inputFieldName>
        <inputObjectQuerySequence>0.0</inputObjectQuerySequence>
        <linkedObjectSequence>0.0</linkedObjectSequence>
        <name>CreateContractDiscountsOppty</name>
        <outputCreationSequence>2.0</outputCreationSequence>
        <outputFieldName>vlocity_cmt__Status__c</outputFieldName>
        <outputObjectName>vlocity_cmt__ContractVersion__c</outputObjectName>
        <requiredForUpsert>false</requiredForUpsert>
        <upsertKey>false</upsertKey>
    </omniDataTransformItem>
    <omniDataTransformItem>
        <disabled>false</disabled>
        <filterGroup>0.0</filterGroup>
        <globalKey>CreateContractDiscountsOpptyCustoma0Nf4000004AIsXEAWItem26</globalKey>
        <inputFieldName>Oppty:Discount:DiscountPricing:Name</inputFieldName>
        <inputObjectQuerySequence>0.0</inputObjectQuerySequence>
        <linkedObjectSequence>0.0</linkedObjectSequence>
        <name>CreateContractDiscountsOppty</name>
        <outputCreationSequence>5.0</outputCreationSequence>
        <outputFieldName>Name</outputFieldName>
        <outputObjectName>vlocity_cmt__ContractVersionDiscountPricing__c</outputObjectName>
        <requiredForUpsert>true</requiredForUpsert>
        <upsertKey>false</upsertKey>
    </omniDataTransformItem>
    <omniDataTransformItem>
        <disabled>false</disabled>
        <filterGroup>0.0</filterGroup>
        <globalKey>CreateContractDiscountsOpptyCustoma0Nf4000004AIsXEAWItem1</globalKey>
        <inputFieldName>ContractType</inputFieldName>
        <inputObjectQuerySequence>0.0</inputObjectQuerySequence>
        <linkedObjectSequence>0.0</linkedObjectSequence>
        <name>CreateContractDiscountsOppty</name>
        <outputCreationSequence>1.0</outputCreationSequence>
        <outputFieldName>vlocity_cmt__ContractType__c</outputFieldName>
        <outputObjectName>Contract</outputObjectName>
        <requiredForUpsert>false</requiredForUpsert>
        <upsertKey>false</upsertKey>
    </omniDataTransformItem>
    <omniDataTransformItem>
        <disabled>false</disabled>
        <filterGroup>0.0</filterGroup>
        <filterOperator>=</filterOperator>
        <globalKey>CreateContractDiscountsOpptyCustoma0Nf4000004AIsXEAWItem8</globalKey>
        <inputObjectQuerySequence>0.0</inputObjectQuerySequence>
        <linkedFieldName>Id</linkedFieldName>
        <linkedObjectSequence>1.0</linkedObjectSequence>
        <migrationValue>FAKEMAPPING</migrationValue>
        <name>CreateContractDiscountsOppty</name>
        <outputCreationSequence>2.0</outputCreationSequence>
        <outputFieldName>vlocity_cmt__ContractId__c</outputFieldName>
        <outputObjectName>vlocity_cmt__ContractVersion__c</outputObjectName>
        <requiredForUpsert>false</requiredForUpsert>
        <upsertKey>false</upsertKey>
    </omniDataTransformItem>
    <omniDataTransformItem>
        <disabled>true</disabled>
        <filterGroup>0.0</filterGroup>
        <filterOperator>=</filterOperator>
        <globalKey>CreateContractDiscountsOpptyCustoma0Nf4000004AIsXEAWItem10</globalKey>
        <inputObjectQuerySequence>0.0</inputObjectQuerySequence>
        <linkedObjectSequence>0.0</linkedObjectSequence>
        <migrationValue>FAKEMAPPING</migrationValue>
        <name>CreateContractDiscountsOppty</name>
        <outputCreationSequence>3.0</outputCreationSequence>
        <outputFieldName>Id</outputFieldName>
        <outputObjectName>vlocity_cmt__ContractVersionDiscount__c</outputObjectName>
        <requiredForUpsert>false</requiredForUpsert>
        <upsertKey>false</upsertKey>
    </omniDataTransformItem>
    <omniDataTransformItem>
        <disabled>false</disabled>
        <filterGroup>0.0</filterGroup>
        <filterOperator>=</filterOperator>
        <globalKey>CreateContractDiscountsOpptyCustoma0Nf4000004AIsXEAWItem11</globalKey>
        <inputObjectQuerySequence>0.0</inputObjectQuerySequence>
        <linkedFieldName>Id</linkedFieldName>
        <linkedObjectSequence>2.0</linkedObjectSequence>
        <migrationValue>FAKEMAPPING</migrationValue>
        <name>CreateContractDiscountsOppty</name>
        <outputCreationSequence>3.0</outputCreationSequence>
        <outputFieldName>vlocity_cmt__ContractVersionId__c</outputFieldName>
        <outputObjectName>vlocity_cmt__ContractVersionDiscount__c</outputObjectName>
        <requiredForUpsert>false</requiredForUpsert>
        <upsertKey>false</upsertKey>
    </omniDataTransformItem>
    <omniDataTransformItem>
        <disabled>false</disabled>
        <filterGroup>0.0</filterGroup>
        <globalKey>CreateContractDiscountsOpptyCustoma0Nf4000004AIsXEAWItem29</globalKey>
        <inputFieldName>Oppty:Discount:DiscountPricing:TimePolicyId</inputFieldName>
        <inputObjectQuerySequence>0.0</inputObjectQuerySequence>
        <linkedObjectSequence>0.0</linkedObjectSequence>
        <name>CreateContractDiscountsOppty</name>
        <outputCreationSequence>5.0</outputCreationSequence>
        <outputFieldName>vlocity_cmt__TimePolicyId__c</outputFieldName>
        <outputObjectName>vlocity_cmt__ContractVersionDiscountPricing__c</outputObjectName>
        <requiredForUpsert>false</requiredForUpsert>
        <upsertKey>false</upsertKey>
    </omniDataTransformItem>
    <omniDataTransformItem>
        <disabled>false</disabled>
        <filterGroup>0.0</filterGroup>
        <filterOperator>=</filterOperator>
        <globalKey>CreateContractDiscountsOpptyCustoma0Nf4000004AIsXEAWItem23</globalKey>
        <inputObjectQuerySequence>0.0</inputObjectQuerySequence>
        <linkedFieldName>Id</linkedFieldName>
        <linkedObjectSequence>3.0</linkedObjectSequence>
        <migrationValue>FAKEMAPPING</migrationValue>
        <name>CreateContractDiscountsOppty</name>
        <outputCreationSequence>5.0</outputCreationSequence>
        <outputFieldName>vlocity_cmt__ContractVersionDiscountId__c</outputFieldName>
        <outputObjectName>vlocity_cmt__ContractVersionDiscountPricing__c</outputObjectName>
        <requiredForUpsert>false</requiredForUpsert>
        <upsertKey>false</upsertKey>
    </omniDataTransformItem>
    <omniDataTransformItem>
        <disabled>false</disabled>
        <filterGroup>0.0</filterGroup>
        <globalKey>CreateContractDiscountsOpptyCustoma0Nf4000004AIsXEAWItem27</globalKey>
        <inputFieldName>Oppty:Discount:DiscountPricing:PricingVariableId</inputFieldName>
        <inputObjectQuerySequence>0.0</inputObjectQuerySequence>
        <linkedObjectSequence>0.0</linkedObjectSequence>
        <name>CreateContractDiscountsOppty</name>
        <outputCreationSequence>5.0</outputCreationSequence>
        <outputFieldName>vlocity_cmt__PricingVariableId__c</outputFieldName>
        <outputObjectName>vlocity_cmt__ContractVersionDiscountPricing__c</outputObjectName>
        <requiredForUpsert>false</requiredForUpsert>
        <upsertKey>false</upsertKey>
    </omniDataTransformItem>
    <omniDataTransformItem>
        <disabled>false</disabled>
        <filterGroup>0.0</filterGroup>
        <globalKey>CreateContractDiscountsOpptyCustoma0Nf4000004AIsXEAWItem28</globalKey>
        <inputFieldName>Oppty:Discount:DiscountPricing:TimePlanId</inputFieldName>
        <inputObjectQuerySequence>0.0</inputObjectQuerySequence>
        <linkedObjectSequence>0.0</linkedObjectSequence>
        <name>CreateContractDiscountsOppty</name>
        <outputCreationSequence>5.0</outputCreationSequence>
        <outputFieldName>vlocity_cmt__TimePlanId__c</outputFieldName>
        <outputObjectName>vlocity_cmt__ContractVersionDiscountPricing__c</outputObjectName>
        <requiredForUpsert>false</requiredForUpsert>
        <upsertKey>false</upsertKey>
    </omniDataTransformItem>
    <omniDataTransformItem>
        <disabled>true</disabled>
        <filterGroup>0.0</filterGroup>
        <filterOperator>=</filterOperator>
        <globalKey>CreateContractDiscountsOpptyCustoma0Nf4000004AIsXEAWItem22</globalKey>
        <inputObjectQuerySequence>0.0</inputObjectQuerySequence>
        <linkedObjectSequence>0.0</linkedObjectSequence>
        <migrationValue>FAKEMAPPING</migrationValue>
        <name>CreateContractDiscountsOppty</name>
        <outputCreationSequence>5.0</outputCreationSequence>
        <outputFieldName>Id</outputFieldName>
        <outputObjectName>vlocity_cmt__ContractVersionDiscountPricing__c</outputObjectName>
        <requiredForUpsert>false</requiredForUpsert>
        <upsertKey>false</upsertKey>
    </omniDataTransformItem>
    <omniDataTransformItem>
        <disabled>false</disabled>
        <filterGroup>0.0</filterGroup>
        <globalKey>CreateContractDiscountsOpptyCustoma0Nf4000004AIsXEAWItem12</globalKey>
        <inputFieldName>Oppty:Discount:Description</inputFieldName>
        <inputObjectQuerySequence>0.0</inputObjectQuerySequence>
        <linkedObjectSequence>0.0</linkedObjectSequence>
        <name>CreateContractDiscountsOppty</name>
        <outputCreationSequence>3.0</outputCreationSequence>
        <outputFieldName>vlocity_cmt__Description__c</outputFieldName>
        <outputObjectName>vlocity_cmt__ContractVersionDiscount__c</outputObjectName>
        <requiredForUpsert>false</requiredForUpsert>
        <upsertKey>false</upsertKey>
    </omniDataTransformItem>
    <omniDataTransformItem>
        <disabled>false</disabled>
        <filterGroup>0.0</filterGroup>
        <globalKey>CreateContractDiscountsOpptyCustoma0Nf4000004AIsXEAWItem21</globalKey>
        <inputFieldName>Oppty:Discount:DiscountItem:ProductId</inputFieldName>
        <inputObjectQuerySequence>0.0</inputObjectQuerySequence>
        <linkedObjectSequence>0.0</linkedObjectSequence>
        <name>CreateContractDiscountsOppty</name>
        <outputCreationSequence>4.0</outputCreationSequence>
        <outputFieldName>vlocity_cmt__ProductId__c</outputFieldName>
        <outputObjectName>vlocity_cmt__ContractVersionDiscountItem__c</outputObjectName>
        <requiredForUpsert>false</requiredForUpsert>
        <upsertKey>false</upsertKey>
    </omniDataTransformItem>
    <omniDataTransformItem>
        <disabled>false</disabled>
        <filterGroup>0.0</filterGroup>
        <filterOperator>=</filterOperator>
        <globalKey>CreateContractDiscountsOpptyCustoma0Nf4000004AIsXEAWItem17</globalKey>
        <inputObjectQuerySequence>0.0</inputObjectQuerySequence>
        <linkedFieldName>Id</linkedFieldName>
        <linkedObjectSequence>3.0</linkedObjectSequence>
        <migrationValue>FAKEMAPPING</migrationValue>
        <name>CreateContractDiscountsOppty</name>
        <outputCreationSequence>4.0</outputCreationSequence>
        <outputFieldName>vlocity_cmt__ContractVersionDiscountId__c</outputFieldName>
        <outputObjectName>vlocity_cmt__ContractVersionDiscountItem__c</outputObjectName>
        <requiredForUpsert>false</requiredForUpsert>
        <upsertKey>false</upsertKey>
    </omniDataTransformItem>
    <omniDataTransformItem>
        <disabled>false</disabled>
        <filterGroup>0.0</filterGroup>
        <globalKey>CreateContractDiscountsOpptyCustoma0Nf4000004AIsXEAWItem5</globalKey>
        <inputFieldName>Oppty:originalContractId</inputFieldName>
        <inputObjectQuerySequence>0.0</inputObjectQuerySequence>
        <linkedObjectSequence>0.0</linkedObjectSequence>
        <name>CreateContractDiscountsOppty</name>
        <outputCreationSequence>1.0</outputCreationSequence>
        <outputFieldName>vlocity_cmt__OriginalContractId__c</outputFieldName>
        <outputObjectName>Contract</outputObjectName>
        <requiredForUpsert>false</requiredForUpsert>
        <upsertKey>false</upsertKey>
    </omniDataTransformItem>
    <omniDataTransformItem>
        <disabled>false</disabled>
        <filterGroup>0.0</filterGroup>
        <globalKey>CreateContractDiscountsOpptyCustoma0Nf4000004AIsXEAWItem6</globalKey>
        <inputFieldName>OpptyId</inputFieldName>
        <inputObjectQuerySequence>0.0</inputObjectQuerySequence>
        <linkedObjectSequence>0.0</linkedObjectSequence>
        <name>CreateContractDiscountsOppty</name>
        <outputCreationSequence>1.0</outputCreationSequence>
        <outputFieldName>vlocity_cmt__OpportunityId__c</outputFieldName>
        <outputObjectName>Contract</outputObjectName>
        <requiredForUpsert>false</requiredForUpsert>
        <upsertKey>false</upsertKey>
    </omniDataTransformItem>
    <omniDataTransformItem>
        <disabled>false</disabled>
        <filterGroup>0.0</filterGroup>
        <globalKey>CreateContractDiscountsOpptyCustoma0Nf4000004AIsXEAWItem3</globalKey>
        <inputFieldName>Oppty:AccountId</inputFieldName>
        <inputObjectName>json</inputObjectName>
        <inputObjectQuerySequence>0.0</inputObjectQuerySequence>
        <linkedObjectSequence>0.0</linkedObjectSequence>
        <name>CreateContractDiscountsOppty</name>
        <outputCreationSequence>1.0</outputCreationSequence>
        <outputFieldName>AccountId</outputFieldName>
        <outputObjectName>Contract</outputObjectName>
        <requiredForUpsert>false</requiredForUpsert>
        <upsertKey>false</upsertKey>
    </omniDataTransformItem>
    <omniDataTransformItem>
        <disabled>false</disabled>
        <filterGroup>0.0</filterGroup>
        <globalKey>CreateContractDiscountsOpptyCustoma0Nf4000004AIsXEAWItem4</globalKey>
        <inputFieldName>Oppty:Name</inputFieldName>
        <inputObjectName>json</inputObjectName>
        <inputObjectQuerySequence>0.0</inputObjectQuerySequence>
        <linkedObjectSequence>0.0</linkedObjectSequence>
        <name>CreateContractDiscountsOppty</name>
        <outputCreationSequence>1.0</outputCreationSequence>
        <outputFieldName>Name</outputFieldName>
        <outputObjectName>Contract</outputObjectName>
        <requiredForUpsert>false</requiredForUpsert>
        <upsertKey>false</upsertKey>
    </omniDataTransformItem>
    <omniDataTransformItem>
        <disabled>false</disabled>
        <filterGroup>0.0</filterGroup>
        <globalKey>CreateContractDiscountsOpptyCustoma0Nf4000004AIsXEAWItem0</globalKey>
        <inputFieldName>ContractStatus</inputFieldName>
        <inputObjectQuerySequence>0.0</inputObjectQuerySequence>
        <linkedObjectSequence>0.0</linkedObjectSequence>
        <name>CreateContractDiscountsOppty</name>
        <outputCreationSequence>1.0</outputCreationSequence>
        <outputFieldName>Status</outputFieldName>
        <outputObjectName>Contract</outputObjectName>
        <requiredForUpsert>false</requiredForUpsert>
        <upsertKey>false</upsertKey>
    </omniDataTransformItem>
    <omniDataTransformItem>
        <disabled>false</disabled>
        <filterGroup>0.0</filterGroup>
        <globalKey>CreateContractDiscountsOpptyCustoma0Nf4000004AIsXEAWItem2</globalKey>
        <inputFieldName>isFrameContract</inputFieldName>
        <inputObjectQuerySequence>0.0</inputObjectQuerySequence>
        <linkedObjectSequence>0.0</linkedObjectSequence>
        <name>CreateContractDiscountsOppty</name>
        <outputCreationSequence>1.0</outputCreationSequence>
        <outputFieldName>vlocity_cmt__IsFrameContract__c</outputFieldName>
        <outputObjectName>Contract</outputObjectName>
        <requiredForUpsert>false</requiredForUpsert>
        <upsertKey>false</upsertKey>
    </omniDataTransformItem>
    <omniDataTransformItem>
        <disabled>false</disabled>
        <filterGroup>0.0</filterGroup>
        <globalKey>CreateContractDiscountsOpptyCustoma0Nf4000004AIsXEAWItem24</globalKey>
        <inputFieldName>Oppty:Discount:DiscountPricing:AdjustmentValue</inputFieldName>
        <inputObjectQuerySequence>0.0</inputObjectQuerySequence>
        <linkedObjectSequence>0.0</linkedObjectSequence>
        <name>CreateContractDiscountsOppty</name>
        <outputCreationSequence>5.0</outputCreationSequence>
        <outputFieldName>vlocity_cmt__AdjustmentValue__c</outputFieldName>
        <outputObjectName>vlocity_cmt__ContractVersionDiscountPricing__c</outputObjectName>
        <requiredForUpsert>false</requiredForUpsert>
        <upsertKey>false</upsertKey>
    </omniDataTransformItem>
    <omniDataTransformItem>
        <disabled>false</disabled>
        <filterGroup>0.0</filterGroup>
        <globalKey>CreateContractDiscountsOpptyCustoma0Nf4000004AIsXEAWItem25</globalKey>
        <inputFieldName>Oppty:Discount:DiscountPricing:Amount</inputFieldName>
        <inputObjectQuerySequence>0.0</inputObjectQuerySequence>
        <linkedObjectSequence>0.0</linkedObjectSequence>
        <name>CreateContractDiscountsOppty</name>
        <outputCreationSequence>5.0</outputCreationSequence>
        <outputFieldName>vlocity_cmt__Amount__c</outputFieldName>
        <outputObjectName>vlocity_cmt__ContractVersionDiscountPricing__c</outputObjectName>
        <requiredForUpsert>false</requiredForUpsert>
        <upsertKey>false</upsertKey>
    </omniDataTransformItem>
    <outputType>SObject</outputType>
    <previewJsonData>{
  &quot;Quote&quot; : {
    &quot;Discount&quot; : [ {
      &quot;DiscountPricing&quot; : {
        &quot;TimePolicyId&quot; : &quot;a3Af40000009YaJEAU&quot;,
        &quot;TimePlanId&quot; : &quot;a39f4000000R2vhAAC&quot;,
        &quot;PricingVariableId&quot; : &quot;a2rf4000000Qwz7AAC&quot;,
        &quot;Amount&quot; : 10,
        &quot;Name&quot; : &quot;Discount Pricing1-1&quot;,
        &quot;AdjustmentValue&quot; : 400
      },
      &quot;DiscountItem&quot; : {
        &quot;ProductId&quot; : &quot;01tf4000001opAuAAI&quot;,
        &quot;CatalogCategoryId&quot; : &quot;a0Ff4000003W2I7EAK&quot;,
        &quot;Name&quot; : &quot;Discount Item 1-1&quot;
      },
      &quot;ReferenceNumber&quot; : &quot;111111&quot;,
      &quot;EffectiveStartDate&quot; : &quot;2019-01-28T23:29:00.000Z&quot;,
      &quot;EffectiveEndDate&quot; : &quot;2020-01-28T23:40:00.000Z&quot;,
      &quot;Name&quot; : &quot;QuoteDiscount1&quot;
    }, {
      &quot;ReferenceNumber&quot; : &quot;3333333&quot;,
      &quot;EffectiveStartDate&quot; : &quot;2019-01-29T00:48:00.000Z&quot;,
      &quot;Name&quot; : &quot;QuoteDiscount3&quot;
    } ],
    &quot;Name&quot; : &quot;NewQuote3&quot;,
    &quot;AccountId&quot; : &quot;001f400000R8I3eAAF&quot;
  }
}</previewJsonData>
    <processSuperBulk>false</processSuperBulk>
    <responseCacheTtlMinutes>0.0</responseCacheTtlMinutes>
    <rollbackOnError>false</rollbackOnError>
    <sourceObject>json</sourceObject>
    <sourceObjectDefault>false</sourceObjectDefault>
    <synchronousProcessThreshold>0.0</synchronousProcessThreshold>
    <type>Load</type>
    <uniqueName>CreateContractDiscountsOppty_1</uniqueName>
    <versionNumber>1.0</versionNumber>
    <xmlDeclarationRemoved>false</xmlDeclarationRemoved>
</OmniDataTransform>
