<?xml version="1.0" encoding="UTF-8"?>
<OmniDataTransform xmlns="http://soap.sforce.com/2006/04/metadata">
    <active>false</active>
    <assignmentRulesUsed>false</assignmentRulesUsed>
    <deletedOnSuccess>false</deletedOnSuccess>
    <errorIgnored>false</errorIgnored>
    <expectedInputJson>{
  &quot;ContextId&quot; : null,
  &quot;timeStamp&quot; : null,
  &quot;userId&quot; : null,
  &quot;userName&quot; : null,
  &quot;userProfile&quot; : null,
  &quot;userTimeZone&quot; : null,
  &quot;vlcPersistentComponent&quot; : { },
  &quot;vlcTimeTracking&quot; : {
    &quot;CreateSubContractLineItems&quot; : null,
    &quot;GetDiscounts&quot; : null,
    &quot;GetParentContract&quot; : null
  }
}</expectedInputJson>
    <fieldLevelSecurityEnabled>false</fieldLevelSecurityEnabled>
    <inputType>JSON</inputType>
    <name>GetDiscounts</name>
    <nullInputsIncludedInOutput>false</nullInputsIncludedInOutput>
    <omniDataTransformItem>
        <disabled>false</disabled>
        <filterGroup>0.0</filterGroup>
        <globalKey>GetDiscountsCustom8919</globalKey>
        <inputFieldName>Discount:DiscountPricing:vlocity_cmt__TimePolicyId__c</inputFieldName>
        <inputObjectQuerySequence>0.0</inputObjectQuerySequence>
        <linkedObjectSequence>0.0</linkedObjectSequence>
        <name>GetDiscounts</name>
        <outputCreationSequence>1.0</outputCreationSequence>
        <outputFieldName>Discount:DiscountPricing:TimePolicyId</outputFieldName>
        <outputObjectName>json</outputObjectName>
        <requiredForUpsert>false</requiredForUpsert>
        <upsertKey>false</upsertKey>
    </omniDataTransformItem>
    <omniDataTransformItem>
        <disabled>false</disabled>
        <filterGroup>0.0</filterGroup>
        <globalKey>GetDiscountsCustom6231</globalKey>
        <inputFieldName>Discount:DiscountPricing:vlocity_cmt__PricingVariableId__c</inputFieldName>
        <inputObjectQuerySequence>0.0</inputObjectQuerySequence>
        <linkedObjectSequence>0.0</linkedObjectSequence>
        <name>GetDiscounts</name>
        <outputCreationSequence>1.0</outputCreationSequence>
        <outputFieldName>Discount:DiscountPricing:PricingVariableId</outputFieldName>
        <outputObjectName>json</outputObjectName>
        <requiredForUpsert>false</requiredForUpsert>
        <upsertKey>false</upsertKey>
    </omniDataTransformItem>
    <omniDataTransformItem>
        <disabled>false</disabled>
        <filterGroup>0.0</filterGroup>
        <globalKey>GetDiscountsCustom6474</globalKey>
        <inputFieldName>Discount:DiscountPricing:vlocity_cmt__TimePlanId__c</inputFieldName>
        <inputObjectQuerySequence>0.0</inputObjectQuerySequence>
        <linkedObjectSequence>0.0</linkedObjectSequence>
        <name>GetDiscounts</name>
        <outputCreationSequence>1.0</outputCreationSequence>
        <outputFieldName>Discount:DiscountPricing:TimePlanId</outputFieldName>
        <outputObjectName>json</outputObjectName>
        <requiredForUpsert>false</requiredForUpsert>
        <upsertKey>false</upsertKey>
    </omniDataTransformItem>
    <omniDataTransformItem>
        <disabled>false</disabled>
        <filterGroup>0.0</filterGroup>
        <filterOperator>=</filterOperator>
        <filterValue>Discount:Id</filterValue>
        <globalKey>GetDiscountsCustom499</globalKey>
        <inputFieldName>vlocity_cmt__QuoteDiscountId__c</inputFieldName>
        <inputObjectName>vlocity_cmt__QuoteDiscountPricing__c</inputObjectName>
        <inputObjectQuerySequence>3.0</inputObjectQuerySequence>
        <linkedObjectSequence>0.0</linkedObjectSequence>
        <name>GetDiscounts</name>
        <outputCreationSequence>0.0</outputCreationSequence>
        <outputFieldName>Discount:DiscountPricing</outputFieldName>
        <outputObjectName>json</outputObjectName>
        <requiredForUpsert>false</requiredForUpsert>
        <upsertKey>false</upsertKey>
    </omniDataTransformItem>
    <omniDataTransformItem>
        <disabled>false</disabled>
        <filterGroup>0.0</filterGroup>
        <globalKey>GetDiscountsCustom2716</globalKey>
        <inputFieldName>Discount:vlocity_cmt__AppliesToAllItems__c</inputFieldName>
        <inputObjectQuerySequence>0.0</inputObjectQuerySequence>
        <linkedObjectSequence>0.0</linkedObjectSequence>
        <name>GetDiscounts</name>
        <outputCreationSequence>1.0</outputCreationSequence>
        <outputFieldName>Discount:AppliesToAllItems</outputFieldName>
        <outputObjectName>json</outputObjectName>
        <requiredForUpsert>false</requiredForUpsert>
        <upsertKey>false</upsertKey>
    </omniDataTransformItem>
    <omniDataTransformItem>
        <disabled>false</disabled>
        <filterGroup>0.0</filterGroup>
        <filterOperator>=</filterOperator>
        <filterValue>QuoteIds:Id</filterValue>
        <globalKey>GetDiscountsCustom44</globalKey>
        <inputFieldName>vlocity_cmt__QuoteId__c</inputFieldName>
        <inputObjectName>vlocity_cmt__QuoteDiscount__c</inputObjectName>
        <inputObjectQuerySequence>1.0</inputObjectQuerySequence>
        <linkedObjectSequence>0.0</linkedObjectSequence>
        <name>GetDiscounts</name>
        <outputCreationSequence>0.0</outputCreationSequence>
        <outputFieldName>Discount</outputFieldName>
        <outputObjectName>json</outputObjectName>
        <requiredForUpsert>false</requiredForUpsert>
        <upsertKey>false</upsertKey>
    </omniDataTransformItem>
    <omniDataTransformItem>
        <disabled>false</disabled>
        <filterGroup>0.0</filterGroup>
        <filterOperator>=</filterOperator>
        <filterValue>Discount:Id</filterValue>
        <globalKey>GetDiscountsCustom3956</globalKey>
        <inputFieldName>vlocity_cmt__QuoteDiscountId__c</inputFieldName>
        <inputObjectName>vlocity_cmt__QuoteDiscountItem__c</inputObjectName>
        <inputObjectQuerySequence>2.0</inputObjectQuerySequence>
        <linkedObjectSequence>0.0</linkedObjectSequence>
        <name>GetDiscounts</name>
        <outputCreationSequence>0.0</outputCreationSequence>
        <outputFieldName>Discount:DiscountItem</outputFieldName>
        <outputObjectName>json</outputObjectName>
        <requiredForUpsert>false</requiredForUpsert>
        <upsertKey>false</upsertKey>
    </omniDataTransformItem>
    <omniDataTransformItem>
        <disabled>false</disabled>
        <filterGroup>0.0</filterGroup>
        <filterOperator>=</filterOperator>
        <filterValue>&apos;Approved&apos;</filterValue>
        <globalKey>GetDiscountsCustom7820</globalKey>
        <inputFieldName>vlocity_cmt__ApprovalStatus__c</inputFieldName>
        <inputObjectName>vlocity_cmt__QuoteDiscount__c</inputObjectName>
        <inputObjectQuerySequence>1.0</inputObjectQuerySequence>
        <linkedObjectSequence>0.0</linkedObjectSequence>
        <name>GetDiscounts</name>
        <outputCreationSequence>0.0</outputCreationSequence>
        <outputFieldName>Discount</outputFieldName>
        <outputObjectName>json</outputObjectName>
        <requiredForUpsert>false</requiredForUpsert>
        <upsertKey>false</upsertKey>
    </omniDataTransformItem>
    <omniDataTransformItem>
        <disabled>false</disabled>
        <filterGroup>0.0</filterGroup>
        <filterOperator>=</filterOperator>
        <filterValue>&apos;Contract&apos;</filterValue>
        <globalKey>GetDiscountsCustom922</globalKey>
        <inputFieldName>vlocity_cmt__DiscountType__c</inputFieldName>
        <inputObjectName>vlocity_cmt__QuoteDiscount__c</inputObjectName>
        <inputObjectQuerySequence>1.0</inputObjectQuerySequence>
        <linkedObjectSequence>0.0</linkedObjectSequence>
        <name>GetDiscounts</name>
        <outputCreationSequence>0.0</outputCreationSequence>
        <outputFieldName>Discount</outputFieldName>
        <outputObjectName>json</outputObjectName>
        <requiredForUpsert>false</requiredForUpsert>
        <upsertKey>false</upsertKey>
    </omniDataTransformItem>
    <omniDataTransformItem>
        <disabled>false</disabled>
        <filterGroup>0.0</filterGroup>
        <filterOperator>&lt;&gt;</filterOperator>
        <filterValue>&apos;Deactivate&apos;</filterValue>
        <globalKey>GetDiscountsCustom1644</globalKey>
        <inputFieldName>vlocity_cmt__Action__c</inputFieldName>
        <inputObjectName>vlocity_cmt__QuoteDiscount__c</inputObjectName>
        <inputObjectQuerySequence>1.0</inputObjectQuerySequence>
        <linkedObjectSequence>0.0</linkedObjectSequence>
        <name>GetDiscounts</name>
        <outputCreationSequence>0.0</outputCreationSequence>
        <outputFieldName>Discount</outputFieldName>
        <outputObjectName>json</outputObjectName>
        <requiredForUpsert>false</requiredForUpsert>
        <upsertKey>false</upsertKey>
    </omniDataTransformItem>
    <omniDataTransformItem>
        <disabled>false</disabled>
        <filterGroup>0.0</filterGroup>
        <globalKey>GetDiscountsCustom7063</globalKey>
        <inputFieldName>Discount:DiscountPricing:vlocity_cmt__Amount__c</inputFieldName>
        <inputObjectQuerySequence>0.0</inputObjectQuerySequence>
        <linkedObjectSequence>0.0</linkedObjectSequence>
        <name>GetDiscounts</name>
        <outputCreationSequence>1.0</outputCreationSequence>
        <outputFieldName>Discount:DiscountPricing:Amount</outputFieldName>
        <outputObjectName>json</outputObjectName>
        <requiredForUpsert>false</requiredForUpsert>
        <upsertKey>false</upsertKey>
    </omniDataTransformItem>
    <omniDataTransformItem>
        <disabled>false</disabled>
        <filterGroup>0.0</filterGroup>
        <globalKey>GetDiscountsCustom4366</globalKey>
        <inputFieldName>Discount:DiscountPricing:Name</inputFieldName>
        <inputObjectQuerySequence>0.0</inputObjectQuerySequence>
        <linkedObjectSequence>0.0</linkedObjectSequence>
        <name>GetDiscounts</name>
        <outputCreationSequence>1.0</outputCreationSequence>
        <outputFieldName>Discount:DiscountPricing:Name</outputFieldName>
        <outputObjectName>json</outputObjectName>
        <requiredForUpsert>false</requiredForUpsert>
        <upsertKey>false</upsertKey>
    </omniDataTransformItem>
    <omniDataTransformItem>
        <disabled>false</disabled>
        <filterGroup>0.0</filterGroup>
        <globalKey>GetDiscountsCustom5833</globalKey>
        <inputFieldName>Discount:DiscountItem:vlocity_cmt__ProductId__c</inputFieldName>
        <inputObjectQuerySequence>0.0</inputObjectQuerySequence>
        <linkedObjectSequence>0.0</linkedObjectSequence>
        <name>GetDiscounts</name>
        <outputCreationSequence>1.0</outputCreationSequence>
        <outputFieldName>Discount:DiscountItem:ProductId</outputFieldName>
        <outputObjectName>json</outputObjectName>
        <requiredForUpsert>false</requiredForUpsert>
        <upsertKey>false</upsertKey>
    </omniDataTransformItem>
    <omniDataTransformItem>
        <disabled>false</disabled>
        <filterGroup>0.0</filterGroup>
        <globalKey>GetDiscountsCustom8855</globalKey>
        <inputFieldName>Discount:DiscountPricing:vlocity_cmt__AdjustmentValue__c</inputFieldName>
        <inputObjectQuerySequence>0.0</inputObjectQuerySequence>
        <linkedObjectSequence>0.0</linkedObjectSequence>
        <name>GetDiscounts</name>
        <outputCreationSequence>1.0</outputCreationSequence>
        <outputFieldName>Discount:DiscountPricing:AdjustmentValue</outputFieldName>
        <outputObjectName>json</outputObjectName>
        <requiredForUpsert>false</requiredForUpsert>
        <upsertKey>false</upsertKey>
    </omniDataTransformItem>
    <omniDataTransformItem>
        <disabled>false</disabled>
        <filterGroup>0.0</filterGroup>
        <globalKey>GetDiscountsCustom8105</globalKey>
        <inputFieldName>Discount:DiscountItem:vlocity_cmt__Description__c</inputFieldName>
        <inputObjectQuerySequence>0.0</inputObjectQuerySequence>
        <linkedObjectSequence>0.0</linkedObjectSequence>
        <name>GetDiscounts</name>
        <outputCreationSequence>1.0</outputCreationSequence>
        <outputFieldName>Discount:DiscountItem:Description</outputFieldName>
        <outputObjectName>json</outputObjectName>
        <requiredForUpsert>false</requiredForUpsert>
        <upsertKey>false</upsertKey>
    </omniDataTransformItem>
    <omniDataTransformItem>
        <disabled>false</disabled>
        <filterGroup>0.0</filterGroup>
        <globalKey>GetDiscountsCustom9543</globalKey>
        <inputFieldName>Discount:DiscountItem:Name</inputFieldName>
        <inputObjectQuerySequence>0.0</inputObjectQuerySequence>
        <linkedObjectSequence>0.0</linkedObjectSequence>
        <name>GetDiscounts</name>
        <outputCreationSequence>1.0</outputCreationSequence>
        <outputFieldName>Discount:DiscountItem:Name</outputFieldName>
        <outputObjectName>json</outputObjectName>
        <requiredForUpsert>false</requiredForUpsert>
        <upsertKey>false</upsertKey>
    </omniDataTransformItem>
    <omniDataTransformItem>
        <disabled>false</disabled>
        <filterGroup>0.0</filterGroup>
        <globalKey>GetDiscountsCustom819</globalKey>
        <inputFieldName>Discount:vlocity_cmt__Description__c</inputFieldName>
        <inputObjectQuerySequence>0.0</inputObjectQuerySequence>
        <linkedObjectSequence>0.0</linkedObjectSequence>
        <name>GetDiscounts</name>
        <outputCreationSequence>1.0</outputCreationSequence>
        <outputFieldName>Discount:Description</outputFieldName>
        <outputObjectName>json</outputObjectName>
        <requiredForUpsert>false</requiredForUpsert>
        <upsertKey>false</upsertKey>
    </omniDataTransformItem>
    <omniDataTransformItem>
        <disabled>false</disabled>
        <filterGroup>0.0</filterGroup>
        <globalKey>GetDiscountsCustom2843</globalKey>
        <inputFieldName>Discount:DiscountItem:vlocity_cmt__CatalogCategoryId__c</inputFieldName>
        <inputObjectQuerySequence>0.0</inputObjectQuerySequence>
        <linkedObjectSequence>0.0</linkedObjectSequence>
        <name>GetDiscounts</name>
        <outputCreationSequence>1.0</outputCreationSequence>
        <outputFieldName>Discount:DiscountItem:CatalogCategoryId</outputFieldName>
        <outputObjectName>json</outputObjectName>
        <requiredForUpsert>false</requiredForUpsert>
        <upsertKey>false</upsertKey>
    </omniDataTransformItem>
    <omniDataTransformItem>
        <disabled>false</disabled>
        <filterGroup>0.0</filterGroup>
        <globalKey>GetDiscountsCustom5870</globalKey>
        <inputFieldName>Discount:vlocity_cmt__EffectiveEndDate__c</inputFieldName>
        <inputObjectQuerySequence>0.0</inputObjectQuerySequence>
        <linkedObjectSequence>0.0</linkedObjectSequence>
        <name>GetDiscounts</name>
        <outputCreationSequence>1.0</outputCreationSequence>
        <outputFieldName>Discount:EffectiveEndDate</outputFieldName>
        <outputObjectName>json</outputObjectName>
        <requiredForUpsert>false</requiredForUpsert>
        <upsertKey>false</upsertKey>
    </omniDataTransformItem>
    <omniDataTransformItem>
        <disabled>false</disabled>
        <filterGroup>0.0</filterGroup>
        <globalKey>GetDiscountsCustom7108</globalKey>
        <inputFieldName>Discount:vlocity_cmt__DiscountTemplateId__c</inputFieldName>
        <inputObjectQuerySequence>0.0</inputObjectQuerySequence>
        <linkedObjectSequence>0.0</linkedObjectSequence>
        <name>GetDiscounts</name>
        <outputCreationSequence>1.0</outputCreationSequence>
        <outputFieldName>Discount:TemplateId</outputFieldName>
        <outputObjectName>json</outputObjectName>
        <requiredForUpsert>false</requiredForUpsert>
        <upsertKey>false</upsertKey>
    </omniDataTransformItem>
    <omniDataTransformItem>
        <disabled>false</disabled>
        <filterGroup>0.0</filterGroup>
        <globalKey>GetDiscountsCustom857</globalKey>
        <inputFieldName>Discount:vlocity_cmt__QuoteId__c</inputFieldName>
        <inputObjectQuerySequence>0.0</inputObjectQuerySequence>
        <linkedObjectSequence>0.0</linkedObjectSequence>
        <name>GetDiscounts</name>
        <outputCreationSequence>1.0</outputCreationSequence>
        <outputFieldName>Discount:QuoteId</outputFieldName>
        <outputObjectName>json</outputObjectName>
        <requiredForUpsert>false</requiredForUpsert>
        <upsertKey>false</upsertKey>
    </omniDataTransformItem>
    <omniDataTransformItem>
        <disabled>false</disabled>
        <filterGroup>0.0</filterGroup>
        <globalKey>GetDiscountsCustom9360</globalKey>
        <inputFieldName>Discount:vlocity_cmt__ReferenceNumber__c</inputFieldName>
        <inputObjectQuerySequence>0.0</inputObjectQuerySequence>
        <linkedObjectSequence>0.0</linkedObjectSequence>
        <name>GetDiscounts</name>
        <outputCreationSequence>1.0</outputCreationSequence>
        <outputFieldName>Discount:ReferenceNumber</outputFieldName>
        <outputObjectName>json</outputObjectName>
        <requiredForUpsert>false</requiredForUpsert>
        <upsertKey>false</upsertKey>
    </omniDataTransformItem>
    <omniDataTransformItem>
        <disabled>false</disabled>
        <filterGroup>0.0</filterGroup>
        <globalKey>GetDiscountsCustom1593</globalKey>
        <inputFieldName>Discount:vlocity_cmt__EffectiveStartDate__c</inputFieldName>
        <inputObjectQuerySequence>0.0</inputObjectQuerySequence>
        <linkedObjectSequence>0.0</linkedObjectSequence>
        <name>GetDiscounts</name>
        <outputCreationSequence>1.0</outputCreationSequence>
        <outputFieldName>Discount:EffectiveStartDate</outputFieldName>
        <outputObjectName>json</outputObjectName>
        <requiredForUpsert>false</requiredForUpsert>
        <upsertKey>false</upsertKey>
    </omniDataTransformItem>
    <omniDataTransformItem>
        <disabled>false</disabled>
        <filterGroup>0.0</filterGroup>
        <globalKey>GetDiscountsCustom7543</globalKey>
        <inputFieldName>Discount:Name</inputFieldName>
        <inputObjectQuerySequence>0.0</inputObjectQuerySequence>
        <linkedObjectSequence>0.0</linkedObjectSequence>
        <name>GetDiscounts</name>
        <outputCreationSequence>1.0</outputCreationSequence>
        <outputFieldName>Discount:Name</outputFieldName>
        <outputObjectName>json</outputObjectName>
        <requiredForUpsert>false</requiredForUpsert>
        <upsertKey>false</upsertKey>
    </omniDataTransformItem>
    <outputType>JSON</outputType>
    <previewJsonData>{
  &quot;QuoteIds&quot; : [ {
    &quot;Id&quot; : &quot;0Q06g000000EgpO&quot;
  } ]
}</previewJsonData>
    <processSuperBulk>false</processSuperBulk>
    <responseCacheTtlMinutes>0.0</responseCacheTtlMinutes>
    <rollbackOnError>false</rollbackOnError>
    <sourceObject>json</sourceObject>
    <sourceObjectDefault>false</sourceObjectDefault>
    <synchronousProcessThreshold>-1.0</synchronousProcessThreshold>
    <type>Extract</type>
    <uniqueName>GetDiscounts_1</uniqueName>
    <versionNumber>1.0</versionNumber>
    <xmlDeclarationRemoved>false</xmlDeclarationRemoved>
</OmniDataTransform>
