<?xml version="1.0" encoding="UTF-8"?>
<OmniDataTransform xmlns="http://soap.sforce.com/2006/04/metadata">
    <active>false</active>
    <assignmentRulesUsed>false</assignmentRulesUsed>
    <deletedOnSuccess>false</deletedOnSuccess>
    <errorIgnored>false</errorIgnored>
    <expectedInputJson>{
  &quot;messages&quot; : [ ],
  &quot;records&quot; : [ {
    &quot;vlocity_cmt__AppliesToAllItems__c&quot; : false,
    &quot;vlocity_cmt__Code__c&quot; : &quot;I001&quot;,
    &quot;vlocity_cmt__Description__c&quot; : &quot;Promotion for iphone&quot;,
    &quot;vlocity_cmt__DurationUnitOfMeasure__c&quot; : &quot;Month&quot;,
    &quot;Id&quot; : &quot;a3S4W000000cTkvUAE&quot;,
    &quot;Name&quot; : &quot;iphone Promotion&quot;,
    &quot;RecordTypeId&quot; : &quot;0124W000000lXKRQA2&quot;,
    &quot;actions&quot; : {
      &quot;addtocart&quot; : {
        &quot;client&quot; : {
          &quot;params&quot; : { }
        },
        &quot;remote&quot; : {
          &quot;params&quot; : {
            &quot;cartId&quot; : &quot;8014W000000hfF3QAI&quot;,
            &quot;items&quot; : [ {
              &quot;itemId&quot; : &quot;a3S4W000000cTkvUAE&quot;
            } ],
            &quot;methodName&quot; : &quot;postCartsPromoItems&quot;,
            &quot;promotionId&quot; : &quot;a3S4W000000cTkvUAE&quot;
          }
        },
        &quot;rest&quot; : {
          &quot;link&quot; : null,
          &quot;method&quot; : null,
          &quot;params&quot; : { }
        }
      },
      &quot;validatecart&quot; : {
        &quot;client&quot; : {
          &quot;params&quot; : { }
        },
        &quot;remote&quot; : {
          &quot;params&quot; : {
            &quot;cartId&quot; : &quot;8014W000000hfF3QAI&quot;,
            &quot;methodName&quot; : &quot;runCartValidation&quot;
          }
        },
        &quot;rest&quot; : {
          &quot;link&quot; : &quot;/services/apexrest/vlocity_cmt/v2/cpq/carts/8014W000000hfF3QAI/validate&quot;,
          &quot;method&quot; : &quot;POST&quot;,
          &quot;params&quot; : { }
        }
      }
    },
    &quot;category&quot; : &quot;Qualified&quot;,
    &quot;code&quot; : &quot;I001&quot;,
    &quot;description&quot; : &quot;Promotion for iphone&quot;,
    &quot;displaySequence&quot; : 0,
    &quot;id&quot; : &quot;a3S4W000000cTkvUAE&quot;,
    &quot;messages&quot; : [ ],
    &quot;name&quot; : &quot;iphone Promotion&quot;
  } ],
  &quot;totalSize&quot; : 1
}</expectedInputJson>
    <expectedOutputJson>{
  &quot;messages&quot; : [ ],
  &quot;records&quot; : [ {
    &quot;vlocity_cmt__AppliesToAllItems__c&quot; : false,
    &quot;vlocity_cmt__Code__c&quot; : &quot;I001&quot;,
    &quot;vlocity_cmt__Description__c&quot; : &quot;Promotion for iphone&quot;,
    &quot;vlocity_cmt__DurationUnitOfMeasure__c&quot; : &quot;Month&quot;,
    &quot;Id&quot; : &quot;a3S4W000000cTkvUAE&quot;,
    &quot;Name&quot; : &quot;iphone Promotion&quot;,
    &quot;RecordTypeId&quot; : &quot;0124W000000lXKRQA2&quot;,
    &quot;actions&quot; : {
      &quot;addtocart&quot; : {
        &quot;client&quot; : {
          &quot;params&quot; : { }
        },
        &quot;remote&quot; : {
          &quot;params&quot; : {
            &quot;cartId&quot; : &quot;8014W000000hfF3QAI&quot;,
            &quot;items&quot; : [ {
              &quot;itemId&quot; : &quot;a3S4W000000cTkvUAE&quot;
            } ],
            &quot;methodName&quot; : &quot;postCartsPromoItems&quot;,
            &quot;promotionId&quot; : &quot;a3S4W000000cTkvUAE&quot;
          }
        },
        &quot;rest&quot; : {
          &quot;link&quot; : null,
          &quot;method&quot; : null,
          &quot;params&quot; : { }
        }
      },
      &quot;validatecart&quot; : {
        &quot;client&quot; : {
          &quot;params&quot; : { }
        },
        &quot;remote&quot; : {
          &quot;params&quot; : {
            &quot;cartId&quot; : &quot;8014W000000hfF3QAI&quot;,
            &quot;methodName&quot; : &quot;runCartValidation&quot;
          }
        },
        &quot;rest&quot; : {
          &quot;link&quot; : &quot;/services/apexrest/vlocity_cmt/v2/cpq/carts/8014W000000hfF3QAI/validate&quot;,
          &quot;method&quot; : &quot;POST&quot;,
          &quot;params&quot; : { }
        }
      }
    },
    &quot;category&quot; : &quot;Qualified&quot;,
    &quot;code&quot; : &quot;I001&quot;,
    &quot;description&quot; : &quot;Promotion for iphone&quot;,
    &quot;displaySequence&quot; : 0,
    &quot;id&quot; : &quot;a3S4W000000cTkvUAE&quot;,
    &quot;messages&quot; : [ ],
    &quot;name&quot; : &quot;iphone Promotion&quot;
  } ],
  &quot;totalSize&quot; : 1
}</expectedOutputJson>
    <fieldLevelSecurityEnabled>false</fieldLevelSecurityEnabled>
    <inputType>JSON</inputType>
    <name>promotionDescription</name>
    <nullInputsIncludedInOutput>false</nullInputsIncludedInOutput>
    <omniDataTransformItem>
        <disabled>false</disabled>
        <filterGroup>0.0</filterGroup>
        <globalKey>promotionDescription4984846050360461</globalKey>
        <inputFieldName>records:RecordTypeId</inputFieldName>
        <inputObjectQuerySequence>0.0</inputObjectQuerySequence>
        <linkedObjectSequence>0.0</linkedObjectSequence>
        <name>promotionDescription</name>
        <outputCreationSequence>1.0</outputCreationSequence>
        <outputFieldName>records:RecordTypeId</outputFieldName>
        <outputObjectName>json</outputObjectName>
        <requiredForUpsert>false</requiredForUpsert>
        <upsertKey>false</upsertKey>
    </omniDataTransformItem>
    <omniDataTransformItem>
        <disabled>false</disabled>
        <filterGroup>0.0</filterGroup>
        <globalKey>promotionDescription5641448160501787</globalKey>
        <inputFieldName>records:actions:validatecart:rest:link</inputFieldName>
        <inputObjectQuerySequence>0.0</inputObjectQuerySequence>
        <linkedObjectSequence>0.0</linkedObjectSequence>
        <name>promotionDescription</name>
        <outputCreationSequence>1.0</outputCreationSequence>
        <outputFieldName>records:actions:validatecart:rest:link</outputFieldName>
        <outputObjectName>json</outputObjectName>
        <requiredForUpsert>false</requiredForUpsert>
        <upsertKey>false</upsertKey>
    </omniDataTransformItem>
    <omniDataTransformItem>
        <disabled>false</disabled>
        <filterGroup>0.0</filterGroup>
        <globalKey>promotionDescription8391136585453631</globalKey>
        <inputFieldName>records:RecordTypeId</inputFieldName>
        <inputObjectQuerySequence>0.0</inputObjectQuerySequence>
        <linkedObjectSequence>0.0</linkedObjectSequence>
        <name>promotionDescription</name>
        <outputCreationSequence>1.0</outputCreationSequence>
        <outputFieldName>records:RecordTypeId</outputFieldName>
        <outputObjectName>json</outputObjectName>
        <requiredForUpsert>false</requiredForUpsert>
        <upsertKey>false</upsertKey>
    </omniDataTransformItem>
    <omniDataTransformItem>
        <disabled>false</disabled>
        <filterGroup>0.0</filterGroup>
        <globalKey>promotionDescription27167262045332463</globalKey>
        <inputFieldName>records:actions:validatecart:rest:method</inputFieldName>
        <inputObjectQuerySequence>0.0</inputObjectQuerySequence>
        <linkedObjectSequence>0.0</linkedObjectSequence>
        <name>promotionDescription</name>
        <outputCreationSequence>1.0</outputCreationSequence>
        <outputFieldName>records:actions:validatecart:rest:method</outputFieldName>
        <outputObjectName>json</outputObjectName>
        <requiredForUpsert>false</requiredForUpsert>
        <upsertKey>false</upsertKey>
    </omniDataTransformItem>
    <omniDataTransformItem>
        <disabled>false</disabled>
        <filterGroup>0.0</filterGroup>
        <globalKey>promotionDescription495618783989453</globalKey>
        <inputFieldName>records:Name</inputFieldName>
        <inputObjectQuerySequence>0.0</inputObjectQuerySequence>
        <linkedObjectSequence>0.0</linkedObjectSequence>
        <name>promotionDescription</name>
        <outputCreationSequence>1.0</outputCreationSequence>
        <outputFieldName>records:Name</outputFieldName>
        <outputObjectName>json</outputObjectName>
        <requiredForUpsert>false</requiredForUpsert>
        <upsertKey>false</upsertKey>
    </omniDataTransformItem>
    <omniDataTransformItem>
        <disabled>false</disabled>
        <filterGroup>0.0</filterGroup>
        <globalKey>promotionDescription12642665458130664</globalKey>
        <inputFieldName>records:actions:validatecart:rest:link</inputFieldName>
        <inputObjectQuerySequence>0.0</inputObjectQuerySequence>
        <linkedObjectSequence>0.0</linkedObjectSequence>
        <name>promotionDescription</name>
        <outputCreationSequence>1.0</outputCreationSequence>
        <outputFieldName>records:actions:validatecart:rest:link</outputFieldName>
        <outputObjectName>json</outputObjectName>
        <requiredForUpsert>false</requiredForUpsert>
        <upsertKey>false</upsertKey>
    </omniDataTransformItem>
    <omniDataTransformItem>
        <disabled>false</disabled>
        <filterGroup>0.0</filterGroup>
        <globalKey>promotionDescription28741867465029447</globalKey>
        <inputFieldName>records:name</inputFieldName>
        <inputObjectQuerySequence>0.0</inputObjectQuerySequence>
        <linkedObjectSequence>0.0</linkedObjectSequence>
        <name>promotionDescription</name>
        <outputCreationSequence>1.0</outputCreationSequence>
        <outputFieldName>records:Name</outputFieldName>
        <outputObjectName>json</outputObjectName>
        <requiredForUpsert>false</requiredForUpsert>
        <upsertKey>false</upsertKey>
    </omniDataTransformItem>
    <omniDataTransformItem>
        <disabled>false</disabled>
        <filterGroup>0.0</filterGroup>
        <globalKey>promotionDescription5582373665203675</globalKey>
        <inputFieldName>records:actions:validatecart:rest:link</inputFieldName>
        <inputObjectQuerySequence>0.0</inputObjectQuerySequence>
        <linkedObjectSequence>0.0</linkedObjectSequence>
        <name>promotionDescription</name>
        <outputCreationSequence>1.0</outputCreationSequence>
        <outputFieldName>records:actions:validatecart:rest:link</outputFieldName>
        <outputObjectName>json</outputObjectName>
        <requiredForUpsert>false</requiredForUpsert>
        <upsertKey>false</upsertKey>
    </omniDataTransformItem>
    <omniDataTransformItem>
        <disabled>false</disabled>
        <filterGroup>0.0</filterGroup>
        <globalKey>promotionDescription3058340714160175</globalKey>
        <inputFieldName>records:id</inputFieldName>
        <inputObjectQuerySequence>0.0</inputObjectQuerySequence>
        <linkedObjectSequence>0.0</linkedObjectSequence>
        <name>promotionDescription</name>
        <outputCreationSequence>1.0</outputCreationSequence>
        <outputFieldName>records:Id</outputFieldName>
        <outputObjectName>json</outputObjectName>
        <requiredForUpsert>false</requiredForUpsert>
        <upsertKey>false</upsertKey>
    </omniDataTransformItem>
    <omniDataTransformItem>
        <disabled>false</disabled>
        <filterGroup>0.0</filterGroup>
        <globalKey>promotionDescription6417903597757113</globalKey>
        <inputFieldName>records:actions:validatecart:remote:params:methodName</inputFieldName>
        <inputObjectQuerySequence>0.0</inputObjectQuerySequence>
        <linkedObjectSequence>0.0</linkedObjectSequence>
        <name>promotionDescription</name>
        <outputCreationSequence>1.0</outputCreationSequence>
        <outputFieldName>records:actions:validatecart:remote:params:methodName</outputFieldName>
        <outputObjectName>json</outputObjectName>
        <requiredForUpsert>false</requiredForUpsert>
        <upsertKey>false</upsertKey>
    </omniDataTransformItem>
    <omniDataTransformItem>
        <disabled>false</disabled>
        <filterGroup>0.0</filterGroup>
        <globalKey>promotionDescription7355815662142393</globalKey>
        <inputFieldName>records:id</inputFieldName>
        <inputObjectQuerySequence>0.0</inputObjectQuerySequence>
        <linkedObjectSequence>0.0</linkedObjectSequence>
        <name>promotionDescription</name>
        <outputCreationSequence>1.0</outputCreationSequence>
        <outputFieldName>records:Id</outputFieldName>
        <outputObjectName>json</outputObjectName>
        <requiredForUpsert>false</requiredForUpsert>
        <upsertKey>false</upsertKey>
    </omniDataTransformItem>
    <omniDataTransformItem>
        <disabled>false</disabled>
        <filterGroup>0.0</filterGroup>
        <globalKey>promotionDescription7485129807613038</globalKey>
        <inputFieldName>records:actions:validatecart:remote:params:methodName</inputFieldName>
        <inputObjectQuerySequence>0.0</inputObjectQuerySequence>
        <linkedObjectSequence>0.0</linkedObjectSequence>
        <name>promotionDescription</name>
        <outputCreationSequence>1.0</outputCreationSequence>
        <outputFieldName>records:actions:validatecart:remote:params:methodName</outputFieldName>
        <outputObjectName>json</outputObjectName>
        <requiredForUpsert>false</requiredForUpsert>
        <upsertKey>false</upsertKey>
    </omniDataTransformItem>
    <omniDataTransformItem>
        <disabled>false</disabled>
        <filterGroup>0.0</filterGroup>
        <globalKey>promotionDescription7001702603136308</globalKey>
        <inputFieldName>records:vlocity_cmt__DurationUnitOfMeasure__c</inputFieldName>
        <inputObjectQuerySequence>0.0</inputObjectQuerySequence>
        <linkedObjectSequence>0.0</linkedObjectSequence>
        <name>promotionDescription</name>
        <outputCreationSequence>1.0</outputCreationSequence>
        <outputFieldName>records:vlocity_cmt__DurationUnitOfMeasure__c</outputFieldName>
        <outputObjectName>json</outputObjectName>
        <requiredForUpsert>false</requiredForUpsert>
        <upsertKey>false</upsertKey>
    </omniDataTransformItem>
    <omniDataTransformItem>
        <disabled>false</disabled>
        <filterGroup>0.0</filterGroup>
        <globalKey>promotionDescription11392207650758746</globalKey>
        <inputFieldName>records:actions:validatecart:remote:params:cartId</inputFieldName>
        <inputObjectQuerySequence>0.0</inputObjectQuerySequence>
        <linkedObjectSequence>0.0</linkedObjectSequence>
        <name>promotionDescription</name>
        <outputCreationSequence>1.0</outputCreationSequence>
        <outputFieldName>records:actions:validatecart:remote:params:cartId</outputFieldName>
        <outputObjectName>json</outputObjectName>
        <requiredForUpsert>false</requiredForUpsert>
        <upsertKey>false</upsertKey>
    </omniDataTransformItem>
    <omniDataTransformItem>
        <disabled>false</disabled>
        <filterGroup>0.0</filterGroup>
        <globalKey>promotionDescription19132856723097724</globalKey>
        <inputFieldName>records:id</inputFieldName>
        <inputObjectQuerySequence>0.0</inputObjectQuerySequence>
        <linkedObjectSequence>0.0</linkedObjectSequence>
        <name>promotionDescription</name>
        <outputCreationSequence>1.0</outputCreationSequence>
        <outputFieldName>records:Id</outputFieldName>
        <outputObjectName>json</outputObjectName>
        <requiredForUpsert>false</requiredForUpsert>
        <upsertKey>false</upsertKey>
    </omniDataTransformItem>
    <omniDataTransformItem>
        <disabled>false</disabled>
        <filterGroup>0.0</filterGroup>
        <globalKey>promotionDescription5865988990186699</globalKey>
        <inputFieldName>records:actions:validatecart:remote:params:methodName</inputFieldName>
        <inputObjectQuerySequence>0.0</inputObjectQuerySequence>
        <linkedObjectSequence>0.0</linkedObjectSequence>
        <name>promotionDescription</name>
        <outputCreationSequence>1.0</outputCreationSequence>
        <outputFieldName>records:actions:validatecart:remote:params:methodName</outputFieldName>
        <outputObjectName>json</outputObjectName>
        <requiredForUpsert>false</requiredForUpsert>
        <upsertKey>false</upsertKey>
    </omniDataTransformItem>
    <omniDataTransformItem>
        <disabled>false</disabled>
        <filterGroup>0.0</filterGroup>
        <globalKey>promotionDescription4056602893858876</globalKey>
        <inputFieldName>records:actions:addtocart:client:params</inputFieldName>
        <inputObjectQuerySequence>0.0</inputObjectQuerySequence>
        <linkedObjectSequence>0.0</linkedObjectSequence>
        <name>promotionDescription</name>
        <outputCreationSequence>1.0</outputCreationSequence>
        <outputFieldName>records:actions:addtocart:client:params</outputFieldName>
        <outputObjectName>json</outputObjectName>
        <requiredForUpsert>false</requiredForUpsert>
        <upsertKey>false</upsertKey>
    </omniDataTransformItem>
    <omniDataTransformItem>
        <disabled>false</disabled>
        <filterGroup>0.0</filterGroup>
        <globalKey>promotionDescription9380848637093335</globalKey>
        <inputFieldName>records:RecordTypeId</inputFieldName>
        <inputObjectQuerySequence>0.0</inputObjectQuerySequence>
        <linkedObjectSequence>0.0</linkedObjectSequence>
        <name>promotionDescription</name>
        <outputCreationSequence>1.0</outputCreationSequence>
        <outputFieldName>records:RecordTypeId</outputFieldName>
        <outputObjectName>json</outputObjectName>
        <requiredForUpsert>false</requiredForUpsert>
        <upsertKey>false</upsertKey>
    </omniDataTransformItem>
    <omniDataTransformItem>
        <disabled>false</disabled>
        <filterGroup>0.0</filterGroup>
        <globalKey>promotionDescription37135092730827535</globalKey>
        <inputFieldName>records:actions:validatecart:rest:method</inputFieldName>
        <inputObjectQuerySequence>0.0</inputObjectQuerySequence>
        <linkedObjectSequence>0.0</linkedObjectSequence>
        <name>promotionDescription</name>
        <outputCreationSequence>1.0</outputCreationSequence>
        <outputFieldName>records:actions:validatecart:rest:method</outputFieldName>
        <outputObjectName>json</outputObjectName>
        <requiredForUpsert>false</requiredForUpsert>
        <upsertKey>false</upsertKey>
    </omniDataTransformItem>
    <omniDataTransformItem>
        <disabled>false</disabled>
        <filterGroup>0.0</filterGroup>
        <globalKey>promotionDescription010898939243461081</globalKey>
        <inputFieldName>records:actions:addtocart:client:params</inputFieldName>
        <inputObjectQuerySequence>0.0</inputObjectQuerySequence>
        <linkedObjectSequence>0.0</linkedObjectSequence>
        <name>promotionDescription</name>
        <outputCreationSequence>1.0</outputCreationSequence>
        <outputFieldName>records:actions:addtocart:client:params</outputFieldName>
        <outputObjectName>json</outputObjectName>
        <requiredForUpsert>false</requiredForUpsert>
        <upsertKey>false</upsertKey>
    </omniDataTransformItem>
    <omniDataTransformItem>
        <disabled>false</disabled>
        <filterGroup>0.0</filterGroup>
        <globalKey>promotionDescription35740955150635423</globalKey>
        <inputFieldName>records:vlocity_cmt__AppliesToAllItems__c</inputFieldName>
        <inputObjectQuerySequence>0.0</inputObjectQuerySequence>
        <linkedObjectSequence>0.0</linkedObjectSequence>
        <name>promotionDescription</name>
        <outputCreationSequence>1.0</outputCreationSequence>
        <outputFieldName>records:vlocity_cmt__AppliesToAllItems__c</outputFieldName>
        <outputObjectName>json</outputObjectName>
        <requiredForUpsert>false</requiredForUpsert>
        <upsertKey>false</upsertKey>
    </omniDataTransformItem>
    <omniDataTransformItem>
        <disabled>false</disabled>
        <filterGroup>0.0</filterGroup>
        <globalKey>promotionDescription3795436972107378</globalKey>
        <inputFieldName>records:vlocity_cmt__AppliesToAllItems__c</inputFieldName>
        <inputObjectQuerySequence>0.0</inputObjectQuerySequence>
        <linkedObjectSequence>0.0</linkedObjectSequence>
        <name>promotionDescription</name>
        <outputCreationSequence>1.0</outputCreationSequence>
        <outputFieldName>records:vlocity_cmt__AppliesToAllItems__c</outputFieldName>
        <outputObjectName>json</outputObjectName>
        <requiredForUpsert>false</requiredForUpsert>
        <upsertKey>false</upsertKey>
    </omniDataTransformItem>
    <omniDataTransformItem>
        <disabled>false</disabled>
        <filterGroup>0.0</filterGroup>
        <formulaConverted>| | var:records:description ISBLANK &quot;&quot; &quot;In/\/\/Promotions/\/\/-/\/\/&quot; var:records:description + IF</formulaConverted>
        <formulaExpression>IF(ISBLANK(records:description),&quot;&quot;, &quot;In Promotions - &quot;+records:description)</formulaExpression>
        <formulaResultPath>records:name</formulaResultPath>
        <formulaSequence>1.0</formulaSequence>
        <globalKey>promotionDescription014431904776524673</globalKey>
        <inputObjectQuerySequence>0.0</inputObjectQuerySequence>
        <linkedObjectSequence>0.0</linkedObjectSequence>
        <name>promotionDescription</name>
        <outputCreationSequence>0.0</outputCreationSequence>
        <outputFieldName>Formula</outputFieldName>
        <outputObjectName>Formula</outputObjectName>
        <requiredForUpsert>false</requiredForUpsert>
        <upsertKey>false</upsertKey>
    </omniDataTransformItem>
    <omniDataTransformItem>
        <disabled>false</disabled>
        <filterGroup>0.0</filterGroup>
        <globalKey>promotionDescription3332826342846589</globalKey>
        <inputFieldName>records:vlocity_cmt__AppliesToAllItems__c</inputFieldName>
        <inputObjectQuerySequence>0.0</inputObjectQuerySequence>
        <linkedObjectSequence>0.0</linkedObjectSequence>
        <name>promotionDescription</name>
        <outputCreationSequence>1.0</outputCreationSequence>
        <outputFieldName>records:vlocity_cmt__AppliesToAllItems__c</outputFieldName>
        <outputObjectName>json</outputObjectName>
        <requiredForUpsert>false</requiredForUpsert>
        <upsertKey>false</upsertKey>
    </omniDataTransformItem>
    <omniDataTransformItem>
        <disabled>false</disabled>
        <filterGroup>0.0</filterGroup>
        <globalKey>promotionDescription345283338710505</globalKey>
        <inputFieldName>records:vlocity_cmt__DurationUnitOfMeasure__c</inputFieldName>
        <inputObjectQuerySequence>0.0</inputObjectQuerySequence>
        <linkedObjectSequence>0.0</linkedObjectSequence>
        <name>promotionDescription</name>
        <outputCreationSequence>1.0</outputCreationSequence>
        <outputFieldName>records:vlocity_cmt__DurationUnitOfMeasure__c</outputFieldName>
        <outputObjectName>json</outputObjectName>
        <requiredForUpsert>false</requiredForUpsert>
        <upsertKey>false</upsertKey>
    </omniDataTransformItem>
    <omniDataTransformItem>
        <disabled>false</disabled>
        <filterGroup>0.0</filterGroup>
        <globalKey>promotionDescription5364252413188912</globalKey>
        <inputFieldName>records:vlocity_cmt__DurationUnitOfMeasure__c</inputFieldName>
        <inputObjectQuerySequence>0.0</inputObjectQuerySequence>
        <linkedObjectSequence>0.0</linkedObjectSequence>
        <name>promotionDescription</name>
        <outputCreationSequence>1.0</outputCreationSequence>
        <outputFieldName>records:vlocity_cmt__DurationUnitOfMeasure__c</outputFieldName>
        <outputObjectName>json</outputObjectName>
        <requiredForUpsert>false</requiredForUpsert>
        <upsertKey>false</upsertKey>
    </omniDataTransformItem>
    <omniDataTransformItem>
        <disabled>false</disabled>
        <filterGroup>0.0</filterGroup>
        <globalKey>promotionDescription04698180220380843</globalKey>
        <inputFieldName>records:actions:validatecart:remote:params:cartId</inputFieldName>
        <inputObjectQuerySequence>0.0</inputObjectQuerySequence>
        <linkedObjectSequence>0.0</linkedObjectSequence>
        <name>promotionDescription</name>
        <outputCreationSequence>1.0</outputCreationSequence>
        <outputFieldName>records:actions:validatecart:remote:params:cartId</outputFieldName>
        <outputObjectName>json</outputObjectName>
        <requiredForUpsert>false</requiredForUpsert>
        <upsertKey>false</upsertKey>
    </omniDataTransformItem>
    <omniDataTransformItem>
        <disabled>false</disabled>
        <filterGroup>0.0</filterGroup>
        <globalKey>promotionDescription09147277205495952</globalKey>
        <inputFieldName>records:vlocity_cmt__Description__c</inputFieldName>
        <inputObjectQuerySequence>0.0</inputObjectQuerySequence>
        <linkedObjectSequence>0.0</linkedObjectSequence>
        <name>promotionDescription</name>
        <outputCreationSequence>1.0</outputCreationSequence>
        <outputFieldName>records:vlocity_cmt__Description__c</outputFieldName>
        <outputObjectName>json</outputObjectName>
        <requiredForUpsert>false</requiredForUpsert>
        <upsertKey>false</upsertKey>
    </omniDataTransformItem>
    <omniDataTransformItem>
        <disabled>false</disabled>
        <filterGroup>0.0</filterGroup>
        <globalKey>promotionDescription5131238178079189</globalKey>
        <inputFieldName>records:vlocity_cmt__Description__c</inputFieldName>
        <inputObjectQuerySequence>0.0</inputObjectQuerySequence>
        <linkedObjectSequence>0.0</linkedObjectSequence>
        <name>promotionDescription</name>
        <outputCreationSequence>1.0</outputCreationSequence>
        <outputFieldName>records:vlocity_cmt__Description__c</outputFieldName>
        <outputObjectName>json</outputObjectName>
        <requiredForUpsert>false</requiredForUpsert>
        <upsertKey>false</upsertKey>
    </omniDataTransformItem>
    <omniDataTransformItem>
        <disabled>false</disabled>
        <filterGroup>0.0</filterGroup>
        <globalKey>promotionDescription8542840673605854</globalKey>
        <inputFieldName>records:code</inputFieldName>
        <inputObjectQuerySequence>0.0</inputObjectQuerySequence>
        <linkedObjectSequence>0.0</linkedObjectSequence>
        <name>promotionDescription</name>
        <outputCreationSequence>1.0</outputCreationSequence>
        <outputFieldName>records:vlocity_cmt__Code__c</outputFieldName>
        <outputObjectName>json</outputObjectName>
        <requiredForUpsert>false</requiredForUpsert>
        <upsertKey>false</upsertKey>
    </omniDataTransformItem>
    <omniDataTransformItem>
        <disabled>false</disabled>
        <filterGroup>0.0</filterGroup>
        <globalKey>promotionDescription06811417532521502</globalKey>
        <inputFieldName>records:vlocity_cmt__Description__c</inputFieldName>
        <inputObjectQuerySequence>0.0</inputObjectQuerySequence>
        <linkedObjectSequence>0.0</linkedObjectSequence>
        <name>promotionDescription</name>
        <outputCreationSequence>1.0</outputCreationSequence>
        <outputFieldName>records:vlocity_cmt__Description__c</outputFieldName>
        <outputObjectName>json</outputObjectName>
        <requiredForUpsert>false</requiredForUpsert>
        <upsertKey>false</upsertKey>
    </omniDataTransformItem>
    <omniDataTransformItem>
        <disabled>false</disabled>
        <filterGroup>0.0</filterGroup>
        <globalKey>promotionDescription5662260055916468</globalKey>
        <inputFieldName>records:code</inputFieldName>
        <inputObjectQuerySequence>0.0</inputObjectQuerySequence>
        <linkedObjectSequence>0.0</linkedObjectSequence>
        <name>promotionDescription</name>
        <outputCreationSequence>1.0</outputCreationSequence>
        <outputFieldName>records:vlocity_cmt__Code__c</outputFieldName>
        <outputObjectName>json</outputObjectName>
        <requiredForUpsert>false</requiredForUpsert>
        <upsertKey>false</upsertKey>
    </omniDataTransformItem>
    <omniDataTransformItem>
        <disabled>false</disabled>
        <filterGroup>0.0</filterGroup>
        <globalKey>promotionDescription7341545117771617</globalKey>
        <inputFieldName>records:code</inputFieldName>
        <inputObjectQuerySequence>0.0</inputObjectQuerySequence>
        <linkedObjectSequence>0.0</linkedObjectSequence>
        <name>promotionDescription</name>
        <outputCreationSequence>1.0</outputCreationSequence>
        <outputFieldName>records:vlocity_cmt__Code__c</outputFieldName>
        <outputObjectName>json</outputObjectName>
        <requiredForUpsert>false</requiredForUpsert>
        <upsertKey>false</upsertKey>
    </omniDataTransformItem>
    <omniDataTransformItem>
        <disabled>false</disabled>
        <filterGroup>0.0</filterGroup>
        <globalKey>promotionDescription6882515905097908</globalKey>
        <inputFieldName>records:actions:addtocart:rest:params</inputFieldName>
        <inputObjectQuerySequence>0.0</inputObjectQuerySequence>
        <linkedObjectSequence>0.0</linkedObjectSequence>
        <name>promotionDescription</name>
        <outputCreationSequence>1.0</outputCreationSequence>
        <outputFieldName>records:actions:addtocart:rest:params</outputFieldName>
        <outputObjectName>json</outputObjectName>
        <requiredForUpsert>false</requiredForUpsert>
        <upsertKey>false</upsertKey>
    </omniDataTransformItem>
    <omniDataTransformItem>
        <disabled>false</disabled>
        <filterGroup>0.0</filterGroup>
        <globalKey>promotionDescription11515793696104693</globalKey>
        <inputFieldName>totalSize</inputFieldName>
        <inputObjectQuerySequence>0.0</inputObjectQuerySequence>
        <linkedObjectSequence>0.0</linkedObjectSequence>
        <name>promotionDescription</name>
        <outputCreationSequence>1.0</outputCreationSequence>
        <outputFieldName>totalSize</outputFieldName>
        <outputObjectName>json</outputObjectName>
        <requiredForUpsert>false</requiredForUpsert>
        <upsertKey>false</upsertKey>
    </omniDataTransformItem>
    <omniDataTransformItem>
        <disabled>false</disabled>
        <filterGroup>0.0</filterGroup>
        <globalKey>promotionDescription007427084877161372</globalKey>
        <inputFieldName>records:actions:validatecart:client:params</inputFieldName>
        <inputObjectQuerySequence>0.0</inputObjectQuerySequence>
        <linkedObjectSequence>0.0</linkedObjectSequence>
        <name>promotionDescription</name>
        <outputCreationSequence>1.0</outputCreationSequence>
        <outputFieldName>records:actions:validatecart:client:params</outputFieldName>
        <outputObjectName>json</outputObjectName>
        <requiredForUpsert>false</requiredForUpsert>
        <upsertKey>false</upsertKey>
    </omniDataTransformItem>
    <omniDataTransformItem>
        <disabled>false</disabled>
        <filterGroup>0.0</filterGroup>
        <globalKey>promotionDescription2787627405124915</globalKey>
        <inputFieldName>totalSize</inputFieldName>
        <inputObjectQuerySequence>0.0</inputObjectQuerySequence>
        <linkedObjectSequence>0.0</linkedObjectSequence>
        <name>promotionDescription</name>
        <outputCreationSequence>1.0</outputCreationSequence>
        <outputFieldName>totalSize</outputFieldName>
        <outputObjectName>json</outputObjectName>
        <requiredForUpsert>false</requiredForUpsert>
        <upsertKey>false</upsertKey>
    </omniDataTransformItem>
    <omniDataTransformItem>
        <disabled>false</disabled>
        <filterGroup>0.0</filterGroup>
        <globalKey>promotionDescription4793393535831536</globalKey>
        <inputFieldName>records:actions:addtocart:rest:params</inputFieldName>
        <inputObjectQuerySequence>0.0</inputObjectQuerySequence>
        <linkedObjectSequence>0.0</linkedObjectSequence>
        <name>promotionDescription</name>
        <outputCreationSequence>1.0</outputCreationSequence>
        <outputFieldName>records:actions:addtocart:rest:params</outputFieldName>
        <outputObjectName>json</outputObjectName>
        <requiredForUpsert>false</requiredForUpsert>
        <upsertKey>false</upsertKey>
    </omniDataTransformItem>
    <omniDataTransformItem>
        <disabled>false</disabled>
        <filterGroup>0.0</filterGroup>
        <globalKey>promotionDescription3714003219875506</globalKey>
        <inputFieldName>records:name</inputFieldName>
        <inputObjectQuerySequence>0.0</inputObjectQuerySequence>
        <linkedObjectSequence>0.0</linkedObjectSequence>
        <name>promotionDescription</name>
        <outputCreationSequence>1.0</outputCreationSequence>
        <outputFieldName>records:name</outputFieldName>
        <outputObjectName>json</outputObjectName>
        <requiredForUpsert>false</requiredForUpsert>
        <upsertKey>false</upsertKey>
    </omniDataTransformItem>
    <omniDataTransformItem>
        <disabled>false</disabled>
        <filterGroup>0.0</filterGroup>
        <globalKey>promotionDescription6638363649515451</globalKey>
        <inputFieldName>records:actions:addtocart:rest:params</inputFieldName>
        <inputObjectQuerySequence>0.0</inputObjectQuerySequence>
        <linkedObjectSequence>0.0</linkedObjectSequence>
        <name>promotionDescription</name>
        <outputCreationSequence>1.0</outputCreationSequence>
        <outputFieldName>records:actions:addtocart:rest:params</outputFieldName>
        <outputObjectName>json</outputObjectName>
        <requiredForUpsert>false</requiredForUpsert>
        <upsertKey>false</upsertKey>
    </omniDataTransformItem>
    <omniDataTransformItem>
        <disabled>false</disabled>
        <filterGroup>0.0</filterGroup>
        <globalKey>promotionDescription10834206881702158</globalKey>
        <inputFieldName>totalSize</inputFieldName>
        <inputObjectQuerySequence>0.0</inputObjectQuerySequence>
        <linkedObjectSequence>0.0</linkedObjectSequence>
        <name>promotionDescription</name>
        <outputCreationSequence>1.0</outputCreationSequence>
        <outputFieldName>totalSize</outputFieldName>
        <outputObjectName>json</outputObjectName>
        <requiredForUpsert>false</requiredForUpsert>
        <upsertKey>false</upsertKey>
    </omniDataTransformItem>
    <omniDataTransformItem>
        <disabled>false</disabled>
        <filterGroup>0.0</filterGroup>
        <globalKey>promotionDescription719634796186478</globalKey>
        <inputFieldName>records:actions:addtocart:rest:method</inputFieldName>
        <inputObjectQuerySequence>0.0</inputObjectQuerySequence>
        <linkedObjectSequence>0.0</linkedObjectSequence>
        <name>promotionDescription</name>
        <outputCreationSequence>1.0</outputCreationSequence>
        <outputFieldName>records:actions:addtocart:rest:method</outputFieldName>
        <outputObjectName>json</outputObjectName>
        <requiredForUpsert>false</requiredForUpsert>
        <upsertKey>false</upsertKey>
    </omniDataTransformItem>
    <omniDataTransformItem>
        <disabled>false</disabled>
        <filterGroup>0.0</filterGroup>
        <globalKey>promotionDescription3286846458233694</globalKey>
        <inputFieldName>records:Name</inputFieldName>
        <inputObjectQuerySequence>0.0</inputObjectQuerySequence>
        <linkedObjectSequence>0.0</linkedObjectSequence>
        <name>promotionDescription</name>
        <outputCreationSequence>1.0</outputCreationSequence>
        <outputFieldName>records:name</outputFieldName>
        <outputObjectName>json</outputObjectName>
        <requiredForUpsert>false</requiredForUpsert>
        <upsertKey>false</upsertKey>
    </omniDataTransformItem>
    <omniDataTransformItem>
        <disabled>false</disabled>
        <filterGroup>0.0</filterGroup>
        <globalKey>promotionDescription8336901704740902</globalKey>
        <inputFieldName>records:actions:addtocart:rest:method</inputFieldName>
        <inputObjectQuerySequence>0.0</inputObjectQuerySequence>
        <linkedObjectSequence>0.0</linkedObjectSequence>
        <name>promotionDescription</name>
        <outputCreationSequence>1.0</outputCreationSequence>
        <outputFieldName>records:actions:addtocart:rest:method</outputFieldName>
        <outputObjectName>json</outputObjectName>
        <requiredForUpsert>false</requiredForUpsert>
        <upsertKey>false</upsertKey>
    </omniDataTransformItem>
    <omniDataTransformItem>
        <disabled>false</disabled>
        <filterGroup>0.0</filterGroup>
        <globalKey>promotionDescription4294905592358247</globalKey>
        <inputFieldName>records:Name</inputFieldName>
        <inputObjectQuerySequence>0.0</inputObjectQuerySequence>
        <linkedObjectSequence>0.0</linkedObjectSequence>
        <name>promotionDescription</name>
        <outputCreationSequence>1.0</outputCreationSequence>
        <outputFieldName>records:name</outputFieldName>
        <outputObjectName>json</outputObjectName>
        <requiredForUpsert>false</requiredForUpsert>
        <upsertKey>false</upsertKey>
    </omniDataTransformItem>
    <omniDataTransformItem>
        <disabled>false</disabled>
        <filterGroup>0.0</filterGroup>
        <globalKey>promotionDescription6669774716026937</globalKey>
        <inputFieldName>records:actions:addtocart:rest:link</inputFieldName>
        <inputObjectQuerySequence>0.0</inputObjectQuerySequence>
        <linkedObjectSequence>0.0</linkedObjectSequence>
        <name>promotionDescription</name>
        <outputCreationSequence>1.0</outputCreationSequence>
        <outputFieldName>records:actions:addtocart:rest:link</outputFieldName>
        <outputObjectName>json</outputObjectName>
        <requiredForUpsert>false</requiredForUpsert>
        <upsertKey>false</upsertKey>
    </omniDataTransformItem>
    <omniDataTransformItem>
        <disabled>false</disabled>
        <filterGroup>0.0</filterGroup>
        <globalKey>promotionDescription3487818795997082</globalKey>
        <inputFieldName>records:Id</inputFieldName>
        <inputObjectQuerySequence>0.0</inputObjectQuerySequence>
        <linkedObjectSequence>0.0</linkedObjectSequence>
        <name>promotionDescription</name>
        <outputCreationSequence>1.0</outputCreationSequence>
        <outputFieldName>records:id</outputFieldName>
        <outputObjectName>json</outputObjectName>
        <requiredForUpsert>false</requiredForUpsert>
        <upsertKey>false</upsertKey>
    </omniDataTransformItem>
    <omniDataTransformItem>
        <disabled>false</disabled>
        <filterGroup>0.0</filterGroup>
        <globalKey>promotionDescription7158375498056742</globalKey>
        <inputFieldName>records:actions:addtocart:rest:method</inputFieldName>
        <inputObjectQuerySequence>0.0</inputObjectQuerySequence>
        <linkedObjectSequence>0.0</linkedObjectSequence>
        <name>promotionDescription</name>
        <outputCreationSequence>1.0</outputCreationSequence>
        <outputFieldName>records:actions:addtocart:rest:method</outputFieldName>
        <outputObjectName>json</outputObjectName>
        <requiredForUpsert>false</requiredForUpsert>
        <upsertKey>false</upsertKey>
    </omniDataTransformItem>
    <omniDataTransformItem>
        <disabled>false</disabled>
        <filterGroup>0.0</filterGroup>
        <globalKey>promotionDescription48472690920683936</globalKey>
        <inputFieldName>records:Id</inputFieldName>
        <inputObjectQuerySequence>0.0</inputObjectQuerySequence>
        <linkedObjectSequence>0.0</linkedObjectSequence>
        <name>promotionDescription</name>
        <outputCreationSequence>1.0</outputCreationSequence>
        <outputFieldName>records:id</outputFieldName>
        <outputObjectName>json</outputObjectName>
        <requiredForUpsert>false</requiredForUpsert>
        <upsertKey>false</upsertKey>
    </omniDataTransformItem>
    <omniDataTransformItem>
        <disabled>false</disabled>
        <filterGroup>0.0</filterGroup>
        <globalKey>promotionDescription02635791991005787</globalKey>
        <inputFieldName>records:actions:validatecart:remote:params:cartId</inputFieldName>
        <inputObjectQuerySequence>0.0</inputObjectQuerySequence>
        <linkedObjectSequence>0.0</linkedObjectSequence>
        <name>promotionDescription</name>
        <outputCreationSequence>1.0</outputCreationSequence>
        <outputFieldName>records:actions:validatecart:remote:params:cartId</outputFieldName>
        <outputObjectName>json</outputObjectName>
        <requiredForUpsert>false</requiredForUpsert>
        <upsertKey>false</upsertKey>
    </omniDataTransformItem>
    <omniDataTransformItem>
        <disabled>false</disabled>
        <filterGroup>0.0</filterGroup>
        <globalKey>promotionDescription5616994537213567</globalKey>
        <inputFieldName>records:actions:validatecart:client:params</inputFieldName>
        <inputObjectQuerySequence>0.0</inputObjectQuerySequence>
        <linkedObjectSequence>0.0</linkedObjectSequence>
        <name>promotionDescription</name>
        <outputCreationSequence>1.0</outputCreationSequence>
        <outputFieldName>records:actions:validatecart:client:params</outputFieldName>
        <outputObjectName>json</outputObjectName>
        <requiredForUpsert>false</requiredForUpsert>
        <upsertKey>false</upsertKey>
    </omniDataTransformItem>
    <omniDataTransformItem>
        <disabled>false</disabled>
        <filterGroup>0.0</filterGroup>
        <globalKey>promotionDescription6785559683203402</globalKey>
        <inputFieldName>records:actions:validatecart:client:params</inputFieldName>
        <inputObjectQuerySequence>0.0</inputObjectQuerySequence>
        <linkedObjectSequence>0.0</linkedObjectSequence>
        <name>promotionDescription</name>
        <outputCreationSequence>1.0</outputCreationSequence>
        <outputFieldName>records:actions:validatecart:client:params</outputFieldName>
        <outputObjectName>json</outputObjectName>
        <requiredForUpsert>false</requiredForUpsert>
        <upsertKey>false</upsertKey>
    </omniDataTransformItem>
    <omniDataTransformItem>
        <disabled>false</disabled>
        <filterGroup>0.0</filterGroup>
        <globalKey>promotionDescription8971299299808362</globalKey>
        <inputFieldName>records:actions:addtocart:remote:params:items:itemId</inputFieldName>
        <inputObjectQuerySequence>0.0</inputObjectQuerySequence>
        <linkedObjectSequence>0.0</linkedObjectSequence>
        <name>promotionDescription</name>
        <outputCreationSequence>1.0</outputCreationSequence>
        <outputFieldName>records:actions:addtocart:remote:params:items:itemId</outputFieldName>
        <outputObjectName>json</outputObjectName>
        <requiredForUpsert>false</requiredForUpsert>
        <upsertKey>false</upsertKey>
    </omniDataTransformItem>
    <omniDataTransformItem>
        <disabled>false</disabled>
        <filterGroup>0.0</filterGroup>
        <globalKey>promotionDescription6398601016259149</globalKey>
        <inputFieldName>records:category</inputFieldName>
        <inputObjectQuerySequence>0.0</inputObjectQuerySequence>
        <linkedObjectSequence>0.0</linkedObjectSequence>
        <name>promotionDescription</name>
        <outputCreationSequence>1.0</outputCreationSequence>
        <outputFieldName>records:category</outputFieldName>
        <outputObjectName>json</outputObjectName>
        <requiredForUpsert>false</requiredForUpsert>
        <upsertKey>false</upsertKey>
    </omniDataTransformItem>
    <omniDataTransformItem>
        <disabled>false</disabled>
        <filterGroup>0.0</filterGroup>
        <globalKey>promotionDescription9773113286524697</globalKey>
        <inputFieldName>records:actions:addtocart:remote:params:items:itemId</inputFieldName>
        <inputObjectQuerySequence>0.0</inputObjectQuerySequence>
        <linkedObjectSequence>0.0</linkedObjectSequence>
        <name>promotionDescription</name>
        <outputCreationSequence>1.0</outputCreationSequence>
        <outputFieldName>records:actions:addtocart:remote:params:items:itemId</outputFieldName>
        <outputObjectName>json</outputObjectName>
        <requiredForUpsert>false</requiredForUpsert>
        <upsertKey>false</upsertKey>
    </omniDataTransformItem>
    <omniDataTransformItem>
        <disabled>false</disabled>
        <filterGroup>0.0</filterGroup>
        <globalKey>promotionDescription2799817386354595</globalKey>
        <inputFieldName>records:vlocity_cmt__Code__c</inputFieldName>
        <inputObjectQuerySequence>0.0</inputObjectQuerySequence>
        <linkedObjectSequence>0.0</linkedObjectSequence>
        <name>promotionDescription</name>
        <outputCreationSequence>1.0</outputCreationSequence>
        <outputFieldName>records:code</outputFieldName>
        <outputObjectName>json</outputObjectName>
        <requiredForUpsert>false</requiredForUpsert>
        <upsertKey>false</upsertKey>
    </omniDataTransformItem>
    <omniDataTransformItem>
        <disabled>false</disabled>
        <filterGroup>0.0</filterGroup>
        <globalKey>promotionDescription8877191366931727</globalKey>
        <inputFieldName>records:actions:addtocart:remote:params:cartId</inputFieldName>
        <inputObjectQuerySequence>0.0</inputObjectQuerySequence>
        <linkedObjectSequence>0.0</linkedObjectSequence>
        <name>promotionDescription</name>
        <outputCreationSequence>1.0</outputCreationSequence>
        <outputFieldName>records:actions:addtocart:remote:params:cartId</outputFieldName>
        <outputObjectName>json</outputObjectName>
        <requiredForUpsert>false</requiredForUpsert>
        <upsertKey>false</upsertKey>
    </omniDataTransformItem>
    <omniDataTransformItem>
        <disabled>false</disabled>
        <filterGroup>0.0</filterGroup>
        <globalKey>promotionDescription23529914602568214</globalKey>
        <inputFieldName>records:category</inputFieldName>
        <inputObjectQuerySequence>0.0</inputObjectQuerySequence>
        <linkedObjectSequence>0.0</linkedObjectSequence>
        <name>promotionDescription</name>
        <outputCreationSequence>1.0</outputCreationSequence>
        <outputFieldName>records:category</outputFieldName>
        <outputObjectName>json</outputObjectName>
        <requiredForUpsert>false</requiredForUpsert>
        <upsertKey>false</upsertKey>
    </omniDataTransformItem>
    <omniDataTransformItem>
        <disabled>false</disabled>
        <filterGroup>0.0</filterGroup>
        <globalKey>promotionDescription23770173676249784</globalKey>
        <inputFieldName>records:actions:addtocart:remote:params:items:itemId</inputFieldName>
        <inputObjectQuerySequence>0.0</inputObjectQuerySequence>
        <linkedObjectSequence>0.0</linkedObjectSequence>
        <name>promotionDescription</name>
        <outputCreationSequence>1.0</outputCreationSequence>
        <outputFieldName>records:actions:addtocart:remote:params:items:itemId</outputFieldName>
        <outputObjectName>json</outputObjectName>
        <requiredForUpsert>false</requiredForUpsert>
        <upsertKey>false</upsertKey>
    </omniDataTransformItem>
    <omniDataTransformItem>
        <disabled>false</disabled>
        <filterGroup>0.0</filterGroup>
        <globalKey>promotionDescription2771808157931259</globalKey>
        <inputFieldName>records:category</inputFieldName>
        <inputObjectQuerySequence>0.0</inputObjectQuerySequence>
        <linkedObjectSequence>0.0</linkedObjectSequence>
        <name>promotionDescription</name>
        <outputCreationSequence>1.0</outputCreationSequence>
        <outputFieldName>records:category</outputFieldName>
        <outputObjectName>json</outputObjectName>
        <requiredForUpsert>false</requiredForUpsert>
        <upsertKey>false</upsertKey>
    </omniDataTransformItem>
    <omniDataTransformItem>
        <disabled>false</disabled>
        <filterGroup>0.0</filterGroup>
        <globalKey>promotionDescription11364375585533848</globalKey>
        <inputFieldName>records:actions:addtocart:remote:params:cartId</inputFieldName>
        <inputObjectQuerySequence>0.0</inputObjectQuerySequence>
        <linkedObjectSequence>0.0</linkedObjectSequence>
        <name>promotionDescription</name>
        <outputCreationSequence>1.0</outputCreationSequence>
        <outputFieldName>records:actions:addtocart:remote:params:cartId</outputFieldName>
        <outputObjectName>json</outputObjectName>
        <requiredForUpsert>false</requiredForUpsert>
        <upsertKey>false</upsertKey>
    </omniDataTransformItem>
    <omniDataTransformItem>
        <disabled>false</disabled>
        <filterGroup>0.0</filterGroup>
        <globalKey>promotionDescription04704135003605181</globalKey>
        <inputFieldName>records:actions:validatecart:rest:params</inputFieldName>
        <inputObjectQuerySequence>0.0</inputObjectQuerySequence>
        <linkedObjectSequence>0.0</linkedObjectSequence>
        <name>promotionDescription</name>
        <outputCreationSequence>1.0</outputCreationSequence>
        <outputFieldName>records:actions:validatecart:rest:params</outputFieldName>
        <outputObjectName>json</outputObjectName>
        <requiredForUpsert>false</requiredForUpsert>
        <upsertKey>false</upsertKey>
    </omniDataTransformItem>
    <omniDataTransformItem>
        <disabled>false</disabled>
        <filterGroup>0.0</filterGroup>
        <globalKey>promotionDescription6131971912895753</globalKey>
        <inputFieldName>records:actions:addtocart:remote:params:cartId</inputFieldName>
        <inputObjectQuerySequence>0.0</inputObjectQuerySequence>
        <linkedObjectSequence>0.0</linkedObjectSequence>
        <name>promotionDescription</name>
        <outputCreationSequence>1.0</outputCreationSequence>
        <outputFieldName>records:actions:addtocart:remote:params:cartId</outputFieldName>
        <outputObjectName>json</outputObjectName>
        <requiredForUpsert>false</requiredForUpsert>
        <upsertKey>false</upsertKey>
    </omniDataTransformItem>
    <omniDataTransformItem>
        <disabled>false</disabled>
        <filterGroup>0.0</filterGroup>
        <globalKey>promotionDescription32451025331020755</globalKey>
        <inputFieldName>records:actions:validatecart:rest:params</inputFieldName>
        <inputObjectQuerySequence>0.0</inputObjectQuerySequence>
        <linkedObjectSequence>0.0</linkedObjectSequence>
        <name>promotionDescription</name>
        <outputCreationSequence>1.0</outputCreationSequence>
        <outputFieldName>records:actions:validatecart:rest:params</outputFieldName>
        <outputObjectName>json</outputObjectName>
        <requiredForUpsert>false</requiredForUpsert>
        <upsertKey>false</upsertKey>
    </omniDataTransformItem>
    <omniDataTransformItem>
        <disabled>false</disabled>
        <filterGroup>0.0</filterGroup>
        <globalKey>promotionDescription38962843080530907</globalKey>
        <inputFieldName>records:actions:validatecart:rest:method</inputFieldName>
        <inputObjectQuerySequence>0.0</inputObjectQuerySequence>
        <linkedObjectSequence>0.0</linkedObjectSequence>
        <name>promotionDescription</name>
        <outputCreationSequence>1.0</outputCreationSequence>
        <outputFieldName>records:actions:validatecart:rest:method</outputFieldName>
        <outputObjectName>json</outputObjectName>
        <requiredForUpsert>false</requiredForUpsert>
        <upsertKey>false</upsertKey>
    </omniDataTransformItem>
    <omniDataTransformItem>
        <disabled>false</disabled>
        <filterGroup>0.0</filterGroup>
        <globalKey>promotionDescription6093788664684052</globalKey>
        <inputFieldName>records:actions:addtocart:client:params</inputFieldName>
        <inputObjectQuerySequence>0.0</inputObjectQuerySequence>
        <linkedObjectSequence>0.0</linkedObjectSequence>
        <name>promotionDescription</name>
        <outputCreationSequence>1.0</outputCreationSequence>
        <outputFieldName>records:actions:addtocart:client:params</outputFieldName>
        <outputObjectName>json</outputObjectName>
        <requiredForUpsert>false</requiredForUpsert>
        <upsertKey>false</upsertKey>
    </omniDataTransformItem>
    <omniDataTransformItem>
        <disabled>false</disabled>
        <filterGroup>0.0</filterGroup>
        <globalKey>promotionDescription042797998437784646</globalKey>
        <inputFieldName>records:actions:validatecart:rest:params</inputFieldName>
        <inputObjectQuerySequence>0.0</inputObjectQuerySequence>
        <linkedObjectSequence>0.0</linkedObjectSequence>
        <name>promotionDescription</name>
        <outputCreationSequence>1.0</outputCreationSequence>
        <outputFieldName>records:actions:validatecart:rest:params</outputFieldName>
        <outputObjectName>json</outputObjectName>
        <requiredForUpsert>false</requiredForUpsert>
        <upsertKey>false</upsertKey>
    </omniDataTransformItem>
    <omniDataTransformItem>
        <disabled>false</disabled>
        <filterGroup>0.0</filterGroup>
        <globalKey>promotionDescription26671149784484194</globalKey>
        <inputFieldName>records:actions:addtocart:rest:link</inputFieldName>
        <inputObjectQuerySequence>0.0</inputObjectQuerySequence>
        <linkedObjectSequence>0.0</linkedObjectSequence>
        <name>promotionDescription</name>
        <outputCreationSequence>1.0</outputCreationSequence>
        <outputFieldName>records:actions:addtocart:rest:link</outputFieldName>
        <outputObjectName>json</outputObjectName>
        <requiredForUpsert>false</requiredForUpsert>
        <upsertKey>false</upsertKey>
    </omniDataTransformItem>
    <omniDataTransformItem>
        <disabled>false</disabled>
        <filterGroup>0.0</filterGroup>
        <globalKey>promotionDescription2820677217724965</globalKey>
        <inputFieldName>records:displaySequence</inputFieldName>
        <inputObjectQuerySequence>0.0</inputObjectQuerySequence>
        <linkedObjectSequence>0.0</linkedObjectSequence>
        <name>promotionDescription</name>
        <outputCreationSequence>1.0</outputCreationSequence>
        <outputFieldName>records:displaySequence</outputFieldName>
        <outputObjectName>json</outputObjectName>
        <requiredForUpsert>false</requiredForUpsert>
        <upsertKey>false</upsertKey>
    </omniDataTransformItem>
    <omniDataTransformItem>
        <disabled>false</disabled>
        <filterGroup>0.0</filterGroup>
        <globalKey>promotionDescription30193446709962934</globalKey>
        <inputFieldName>records:actions:addtocart:rest:link</inputFieldName>
        <inputObjectQuerySequence>0.0</inputObjectQuerySequence>
        <linkedObjectSequence>0.0</linkedObjectSequence>
        <name>promotionDescription</name>
        <outputCreationSequence>1.0</outputCreationSequence>
        <outputFieldName>records:actions:addtocart:rest:link</outputFieldName>
        <outputObjectName>json</outputObjectName>
        <requiredForUpsert>false</requiredForUpsert>
        <upsertKey>false</upsertKey>
    </omniDataTransformItem>
    <omniDataTransformItem>
        <disabled>false</disabled>
        <filterGroup>0.0</filterGroup>
        <globalKey>promotionDescription43952839163666013</globalKey>
        <inputFieldName>records:displaySequence</inputFieldName>
        <inputObjectQuerySequence>0.0</inputObjectQuerySequence>
        <linkedObjectSequence>0.0</linkedObjectSequence>
        <name>promotionDescription</name>
        <outputCreationSequence>1.0</outputCreationSequence>
        <outputFieldName>records:displaySequence</outputFieldName>
        <outputObjectName>json</outputObjectName>
        <requiredForUpsert>false</requiredForUpsert>
        <upsertKey>false</upsertKey>
    </omniDataTransformItem>
    <omniDataTransformItem>
        <disabled>false</disabled>
        <filterGroup>0.0</filterGroup>
        <globalKey>promotionDescription27755770476448993</globalKey>
        <inputFieldName>records:actions:addtocart:remote:params:promotionId</inputFieldName>
        <inputObjectQuerySequence>0.0</inputObjectQuerySequence>
        <linkedObjectSequence>0.0</linkedObjectSequence>
        <name>promotionDescription</name>
        <outputCreationSequence>1.0</outputCreationSequence>
        <outputFieldName>records:actions:addtocart:remote:params:promotionId</outputFieldName>
        <outputObjectName>json</outputObjectName>
        <requiredForUpsert>false</requiredForUpsert>
        <upsertKey>false</upsertKey>
    </omniDataTransformItem>
    <omniDataTransformItem>
        <disabled>false</disabled>
        <filterGroup>0.0</filterGroup>
        <globalKey>promotionDescription8261359893583822</globalKey>
        <inputFieldName>records:description</inputFieldName>
        <inputObjectQuerySequence>0.0</inputObjectQuerySequence>
        <linkedObjectSequence>0.0</linkedObjectSequence>
        <name>promotionDescription</name>
        <outputCreationSequence>1.0</outputCreationSequence>
        <outputFieldName>records:description</outputFieldName>
        <outputObjectName>json</outputObjectName>
        <requiredForUpsert>false</requiredForUpsert>
        <upsertKey>false</upsertKey>
    </omniDataTransformItem>
    <omniDataTransformItem>
        <disabled>false</disabled>
        <filterGroup>0.0</filterGroup>
        <globalKey>promotionDescription5055061815964417</globalKey>
        <inputFieldName>records:actions:addtocart:remote:params:promotionId</inputFieldName>
        <inputObjectQuerySequence>0.0</inputObjectQuerySequence>
        <linkedObjectSequence>0.0</linkedObjectSequence>
        <name>promotionDescription</name>
        <outputCreationSequence>1.0</outputCreationSequence>
        <outputFieldName>records:actions:addtocart:remote:params:promotionId</outputFieldName>
        <outputObjectName>json</outputObjectName>
        <requiredForUpsert>false</requiredForUpsert>
        <upsertKey>false</upsertKey>
    </omniDataTransformItem>
    <omniDataTransformItem>
        <disabled>false</disabled>
        <filterGroup>0.0</filterGroup>
        <globalKey>promotionDescription09222532383935822</globalKey>
        <inputFieldName>records:displaySequence</inputFieldName>
        <inputObjectQuerySequence>0.0</inputObjectQuerySequence>
        <linkedObjectSequence>0.0</linkedObjectSequence>
        <name>promotionDescription</name>
        <outputCreationSequence>1.0</outputCreationSequence>
        <outputFieldName>records:displaySequence</outputFieldName>
        <outputObjectName>json</outputObjectName>
        <requiredForUpsert>false</requiredForUpsert>
        <upsertKey>false</upsertKey>
    </omniDataTransformItem>
    <omniDataTransformItem>
        <disabled>false</disabled>
        <filterGroup>0.0</filterGroup>
        <globalKey>promotionDescription2392981830197516</globalKey>
        <inputFieldName>records:actions:addtocart:remote:params:methodName</inputFieldName>
        <inputObjectQuerySequence>0.0</inputObjectQuerySequence>
        <linkedObjectSequence>0.0</linkedObjectSequence>
        <name>promotionDescription</name>
        <outputCreationSequence>1.0</outputCreationSequence>
        <outputFieldName>records:actions:addtocart:remote:params:methodName</outputFieldName>
        <outputObjectName>json</outputObjectName>
        <requiredForUpsert>false</requiredForUpsert>
        <upsertKey>false</upsertKey>
    </omniDataTransformItem>
    <omniDataTransformItem>
        <disabled>false</disabled>
        <filterGroup>0.0</filterGroup>
        <globalKey>promotionDescription004472714394691879</globalKey>
        <inputFieldName>records:description</inputFieldName>
        <inputObjectQuerySequence>0.0</inputObjectQuerySequence>
        <linkedObjectSequence>0.0</linkedObjectSequence>
        <name>promotionDescription</name>
        <outputCreationSequence>1.0</outputCreationSequence>
        <outputFieldName>records:description</outputFieldName>
        <outputObjectName>json</outputObjectName>
        <requiredForUpsert>false</requiredForUpsert>
        <upsertKey>false</upsertKey>
    </omniDataTransformItem>
    <omniDataTransformItem>
        <disabled>false</disabled>
        <filterGroup>0.0</filterGroup>
        <globalKey>promotionDescription024725257945009238</globalKey>
        <inputFieldName>records:actions:addtocart:remote:params:promotionId</inputFieldName>
        <inputObjectQuerySequence>0.0</inputObjectQuerySequence>
        <linkedObjectSequence>0.0</linkedObjectSequence>
        <name>promotionDescription</name>
        <outputCreationSequence>1.0</outputCreationSequence>
        <outputFieldName>records:actions:addtocart:remote:params:promotionId</outputFieldName>
        <outputObjectName>json</outputObjectName>
        <requiredForUpsert>false</requiredForUpsert>
        <upsertKey>false</upsertKey>
    </omniDataTransformItem>
    <omniDataTransformItem>
        <disabled>false</disabled>
        <filterGroup>0.0</filterGroup>
        <globalKey>promotionDescription24503376567117052</globalKey>
        <inputFieldName>records:description</inputFieldName>
        <inputObjectQuerySequence>0.0</inputObjectQuerySequence>
        <linkedObjectSequence>0.0</linkedObjectSequence>
        <name>promotionDescription</name>
        <outputCreationSequence>1.0</outputCreationSequence>
        <outputFieldName>records:description</outputFieldName>
        <outputObjectName>json</outputObjectName>
        <requiredForUpsert>false</requiredForUpsert>
        <upsertKey>false</upsertKey>
    </omniDataTransformItem>
    <omniDataTransformItem>
        <disabled>false</disabled>
        <filterGroup>0.0</filterGroup>
        <globalKey>promotionDescription03558862974164123</globalKey>
        <inputFieldName>records:actions:addtocart:remote:params:methodName</inputFieldName>
        <inputObjectQuerySequence>0.0</inputObjectQuerySequence>
        <linkedObjectSequence>0.0</linkedObjectSequence>
        <name>promotionDescription</name>
        <outputCreationSequence>1.0</outputCreationSequence>
        <outputFieldName>records:actions:addtocart:remote:params:methodName</outputFieldName>
        <outputObjectName>json</outputObjectName>
        <requiredForUpsert>false</requiredForUpsert>
        <upsertKey>false</upsertKey>
    </omniDataTransformItem>
    <omniDataTransformItem>
        <disabled>false</disabled>
        <filterGroup>0.0</filterGroup>
        <globalKey>promotionDescription3322748512523668</globalKey>
        <inputFieldName>records:vlocity_cmt__Code__c</inputFieldName>
        <inputObjectQuerySequence>0.0</inputObjectQuerySequence>
        <linkedObjectSequence>0.0</linkedObjectSequence>
        <name>promotionDescription</name>
        <outputCreationSequence>1.0</outputCreationSequence>
        <outputFieldName>records:code</outputFieldName>
        <outputObjectName>json</outputObjectName>
        <requiredForUpsert>false</requiredForUpsert>
        <upsertKey>false</upsertKey>
    </omniDataTransformItem>
    <omniDataTransformItem>
        <disabled>false</disabled>
        <filterGroup>0.0</filterGroup>
        <globalKey>promotionDescription18694932327723035</globalKey>
        <inputFieldName>records:actions:addtocart:remote:params:methodName</inputFieldName>
        <inputObjectQuerySequence>0.0</inputObjectQuerySequence>
        <linkedObjectSequence>0.0</linkedObjectSequence>
        <name>promotionDescription</name>
        <outputCreationSequence>1.0</outputCreationSequence>
        <outputFieldName>records:actions:addtocart:remote:params:methodName</outputFieldName>
        <outputObjectName>json</outputObjectName>
        <requiredForUpsert>false</requiredForUpsert>
        <upsertKey>false</upsertKey>
    </omniDataTransformItem>
    <omniDataTransformItem>
        <disabled>false</disabled>
        <filterGroup>0.0</filterGroup>
        <globalKey>promotionDescription39681036878199527</globalKey>
        <inputFieldName>records:vlocity_cmt__Code__c</inputFieldName>
        <inputObjectQuerySequence>0.0</inputObjectQuerySequence>
        <linkedObjectSequence>0.0</linkedObjectSequence>
        <name>promotionDescription</name>
        <outputCreationSequence>1.0</outputCreationSequence>
        <outputFieldName>records:code</outputFieldName>
        <outputObjectName>json</outputObjectName>
        <requiredForUpsert>false</requiredForUpsert>
        <upsertKey>false</upsertKey>
    </omniDataTransformItem>
    <outputType>JSON</outputType>
    <previewJsonData>{
  &quot;messages&quot; : [ ],
  &quot;records&quot; : [ {
    &quot;vlocity_cmt__AppliesToAllItems__c&quot; : false,
    &quot;vlocity_cmt__Code__c&quot; : &quot;I001&quot;,
    &quot;vlocity_cmt__Description__c&quot; : &quot;Promotion for iphone&quot;,
    &quot;vlocity_cmt__DurationUnitOfMeasure__c&quot; : &quot;Month&quot;,
    &quot;Id&quot; : &quot;a3S4W000000cTkvUAE&quot;,
    &quot;Name&quot; : &quot;iphone Promotion&quot;,
    &quot;RecordTypeId&quot; : &quot;0124W000000lXKRQA2&quot;,
    &quot;actions&quot; : {
      &quot;addtocart&quot; : {
        &quot;client&quot; : {
          &quot;params&quot; : { }
        },
        &quot;remote&quot; : {
          &quot;params&quot; : {
            &quot;cartId&quot; : &quot;8014W000000hfF3QAI&quot;,
            &quot;items&quot; : [ {
              &quot;itemId&quot; : &quot;a3S4W000000cTkvUAE&quot;
            } ],
            &quot;methodName&quot; : &quot;postCartsPromoItems&quot;,
            &quot;promotionId&quot; : &quot;a3S4W000000cTkvUAE&quot;
          }
        },
        &quot;rest&quot; : {
          &quot;link&quot; : null,
          &quot;method&quot; : null,
          &quot;params&quot; : { }
        }
      },
      &quot;validatecart&quot; : {
        &quot;client&quot; : {
          &quot;params&quot; : { }
        },
        &quot;remote&quot; : {
          &quot;params&quot; : {
            &quot;cartId&quot; : &quot;8014W000000hfF3QAI&quot;,
            &quot;methodName&quot; : &quot;runCartValidation&quot;
          }
        },
        &quot;rest&quot; : {
          &quot;link&quot; : &quot;/services/apexrest/vlocity_cmt/v2/cpq/carts/8014W000000hfF3QAI/validate&quot;,
          &quot;method&quot; : &quot;POST&quot;,
          &quot;params&quot; : { }
        }
      }
    },
    &quot;category&quot; : &quot;Qualified&quot;,
    &quot;code&quot; : &quot;I001&quot;,
    &quot;description&quot; : &quot;Promotion for iphone&quot;,
    &quot;displaySequence&quot; : 0,
    &quot;id&quot; : &quot;a3S4W000000cTkvUAE&quot;,
    &quot;messages&quot; : [ ],
    &quot;name&quot; : &quot;iphone Promotion&quot;
  } ],
  &quot;totalSize&quot; : 1
}</previewJsonData>
    <processSuperBulk>false</processSuperBulk>
    <responseCacheTtlMinutes>0.0</responseCacheTtlMinutes>
    <rollbackOnError>false</rollbackOnError>
    <sourceObject>json</sourceObject>
    <sourceObjectDefault>false</sourceObjectDefault>
    <synchronousProcessThreshold>0.0</synchronousProcessThreshold>
    <type>Transform</type>
    <uniqueName>promotionDescription_1</uniqueName>
    <versionNumber>1.0</versionNumber>
    <xmlDeclarationRemoved>false</xmlDeclarationRemoved>
</OmniDataTransform>
