<?xml version="1.0" encoding="UTF-8"?>
<OmniDataTransform xmlns="http://soap.sforce.com/2006/04/metadata">
    <active>false</active>
    <assignmentRulesUsed>false</assignmentRulesUsed>
    <deletedOnSuccess>false</deletedOnSuccess>
    <description>This DataRaptor extracts the consumer account &amp; premise related information.</description>
    <errorIgnored>false</errorIgnored>
    <fieldLevelSecurityEnabled>true</fieldLevelSecurityEnabled>
    <inputType>JSON</inputType>
    <name>sfiEnergySelfServiceRetrievePremiseInfo</name>
    <nullInputsIncludedInOutput>false</nullInputsIncludedInOutput>
    <omniDataTransformItem>
        <disabled>false</disabled>
        <filterGroup>0.0</filterGroup>
        <globalKey>sfiEnergySelfServiceRetrievePremiseInfoCustoma0P4x00000KIrmiEADItem20</globalKey>
        <inputFieldName>Account:vlocity_cmt__PremisesId__c</inputFieldName>
        <inputObjectQuerySequence>0.0</inputObjectQuerySequence>
        <linkedObjectSequence>0.0</linkedObjectSequence>
        <name>sfiEnergySelfServiceRetrievePremiseInfo</name>
        <outputCreationSequence>1.0</outputCreationSequence>
        <outputFieldName>premiseInfo:premisesId</outputFieldName>
        <outputObjectName>json</outputObjectName>
        <requiredForUpsert>false</requiredForUpsert>
        <upsertKey>false</upsertKey>
    </omniDataTransformItem>
    <omniDataTransformItem>
        <disabled>false</disabled>
        <filterGroup>0.0</filterGroup>
        <filterOperator>&lt;&gt;</filterOperator>
        <filterValue>&quot;$Vlocity.null&quot;</filterValue>
        <globalKey>sfiEnergySelfServiceRetrievePremiseInfoCustom5090</globalKey>
        <inputFieldName>vlocity_cmt__PremisesId__c</inputFieldName>
        <inputObjectName>Account</inputObjectName>
        <inputObjectQuerySequence>2.0</inputObjectQuerySequence>
        <linkedObjectSequence>0.0</linkedObjectSequence>
        <name>sfiEnergySelfServiceRetrievePremiseInfo</name>
        <outputCreationSequence>0.0</outputCreationSequence>
        <outputFieldName>Account</outputFieldName>
        <outputObjectName>json</outputObjectName>
        <requiredForUpsert>false</requiredForUpsert>
        <upsertKey>false</upsertKey>
    </omniDataTransformItem>
    <omniDataTransformItem>
        <disabled>false</disabled>
        <filterGroup>0.0</filterGroup>
        <filterOperator>=</filterOperator>
        <filterValue>AccountId</filterValue>
        <globalKey>sfiEnergySelfServiceRetrievePremiseInfoCustom8873</globalKey>
        <inputFieldName>Id</inputFieldName>
        <inputObjectName>Account</inputObjectName>
        <inputObjectQuerySequence>2.0</inputObjectQuerySequence>
        <linkedObjectSequence>0.0</linkedObjectSequence>
        <name>sfiEnergySelfServiceRetrievePremiseInfo</name>
        <outputCreationSequence>0.0</outputCreationSequence>
        <outputFieldName>Account</outputFieldName>
        <outputObjectName>json</outputObjectName>
        <requiredForUpsert>false</requiredForUpsert>
        <upsertKey>false</upsertKey>
    </omniDataTransformItem>
    <omniDataTransformItem>
        <disabled>false</disabled>
        <filterGroup>0.0</filterGroup>
        <filterOperator>=</filterOperator>
        <filterValue>recordTypeName</filterValue>
        <globalKey>sfiEnergySelfServiceRetrievePremiseInfoCustoma0P4x00000KIrmiEADItem0</globalKey>
        <inputFieldName>DeveloperName</inputFieldName>
        <inputObjectName>RecordType</inputObjectName>
        <inputObjectQuerySequence>1.0</inputObjectQuerySequence>
        <linkedObjectSequence>0.0</linkedObjectSequence>
        <name>sfiEnergySelfServiceRetrievePremiseInfo</name>
        <outputCreationSequence>0.0</outputCreationSequence>
        <outputFieldName>RecordType</outputFieldName>
        <outputObjectName>json</outputObjectName>
        <requiredForUpsert>false</requiredForUpsert>
        <upsertKey>false</upsertKey>
    </omniDataTransformItem>
    <omniDataTransformItem>
        <disabled>false</disabled>
        <filterGroup>0.0</filterGroup>
        <filterOperator>=</filterOperator>
        <filterValue>sObjectName</filterValue>
        <globalKey>sfiEnergySelfServiceRetrievePremiseInfoCustoma0P4x00000KIrmiEADItem1</globalKey>
        <inputFieldName>SobjectType</inputFieldName>
        <inputObjectName>RecordType</inputObjectName>
        <inputObjectQuerySequence>1.0</inputObjectQuerySequence>
        <linkedObjectSequence>0.0</linkedObjectSequence>
        <name>sfiEnergySelfServiceRetrievePremiseInfo</name>
        <outputCreationSequence>0.0</outputCreationSequence>
        <outputFieldName>RecordType</outputFieldName>
        <outputObjectName>json</outputObjectName>
        <requiredForUpsert>false</requiredForUpsert>
        <upsertKey>false</upsertKey>
    </omniDataTransformItem>
    <omniDataTransformItem>
        <disabled>false</disabled>
        <filterGroup>0.0</filterGroup>
        <globalKey>sfiEnergySelfServiceRetrievePremiseInfoCustom7199</globalKey>
        <inputFieldName>Account:premiseAddress</inputFieldName>
        <inputObjectQuerySequence>0.0</inputObjectQuerySequence>
        <linkedObjectSequence>0.0</linkedObjectSequence>
        <name>sfiEnergySelfServiceRetrievePremiseInfo</name>
        <outputCreationSequence>1.0</outputCreationSequence>
        <outputFieldName>premiseInfo:premiseAddress</outputFieldName>
        <outputObjectName>json</outputObjectName>
        <requiredForUpsert>false</requiredForUpsert>
        <upsertKey>false</upsertKey>
    </omniDataTransformItem>
    <omniDataTransformItem>
        <disabled>false</disabled>
        <filterGroup>0.0</filterGroup>
        <globalKey>sfiEnergySelfServiceRetrievePremiseInfoCustoma0P4x00000KIrmiEADItem14</globalKey>
        <inputFieldName>Account:vlocity_cmt__PremisesId__r.vlocity_cmt__City__c</inputFieldName>
        <inputObjectQuerySequence>0.0</inputObjectQuerySequence>
        <linkedObjectSequence>0.0</linkedObjectSequence>
        <name>sfiEnergySelfServiceRetrievePremiseInfo</name>
        <outputCreationSequence>1.0</outputCreationSequence>
        <outputFieldName>premiseInfo:premiseCity</outputFieldName>
        <outputObjectName>json</outputObjectName>
        <requiredForUpsert>false</requiredForUpsert>
        <upsertKey>false</upsertKey>
    </omniDataTransformItem>
    <omniDataTransformItem>
        <disabled>false</disabled>
        <filterGroup>0.0</filterGroup>
        <globalKey>sfiEnergySelfServiceRetrievePremiseInfoCustoma0P4x00000KIrmiEADItem12</globalKey>
        <inputFieldName>Account:vlocity_cmt__PremisesId__r.vlocity_cmt__Geolocation__Longitude__s</inputFieldName>
        <inputObjectQuerySequence>0.0</inputObjectQuerySequence>
        <linkedObjectSequence>0.0</linkedObjectSequence>
        <name>sfiEnergySelfServiceRetrievePremiseInfo</name>
        <outputCreationSequence>1.0</outputCreationSequence>
        <outputFieldFormat>String</outputFieldFormat>
        <outputFieldName>premiseInfo:longitude</outputFieldName>
        <outputObjectName>json</outputObjectName>
        <requiredForUpsert>false</requiredForUpsert>
        <upsertKey>false</upsertKey>
    </omniDataTransformItem>
    <omniDataTransformItem>
        <disabled>false</disabled>
        <filterGroup>0.0</filterGroup>
        <globalKey>sfiEnergySelfServiceRetrievePremiseInfoCustoma0P4x00000KIrmiEADItem13</globalKey>
        <inputFieldName>Account:Id</inputFieldName>
        <inputObjectQuerySequence>0.0</inputObjectQuerySequence>
        <linkedObjectSequence>0.0</linkedObjectSequence>
        <name>sfiEnergySelfServiceRetrievePremiseInfo</name>
        <outputCreationSequence>1.0</outputCreationSequence>
        <outputFieldName>premiseInfo:premiseAccountId</outputFieldName>
        <outputObjectName>json</outputObjectName>
        <requiredForUpsert>false</requiredForUpsert>
        <upsertKey>false</upsertKey>
    </omniDataTransformItem>
    <omniDataTransformItem>
        <disabled>false</disabled>
        <filterGroup>0.0</filterGroup>
        <globalKey>sfiEnergySelfServiceRetrievePremiseInfoCustoma0P4x00000KIrmiEADItem18</globalKey>
        <inputFieldName>Account:vlocity_cmt__PremisesId__r.vlocity_cmt__State__c</inputFieldName>
        <inputObjectQuerySequence>0.0</inputObjectQuerySequence>
        <linkedObjectSequence>0.0</linkedObjectSequence>
        <name>sfiEnergySelfServiceRetrievePremiseInfo</name>
        <outputCreationSequence>1.0</outputCreationSequence>
        <outputFieldName>premiseInfo:premiseState</outputFieldName>
        <outputObjectName>json</outputObjectName>
        <requiredForUpsert>false</requiredForUpsert>
        <upsertKey>false</upsertKey>
    </omniDataTransformItem>
    <omniDataTransformItem>
        <disabled>false</disabled>
        <filterGroup>0.0</filterGroup>
        <globalKey>sfiEnergySelfServiceRetrievePremiseInfoCustoma0P4x00000KIrmiEADItem19</globalKey>
        <inputFieldName>Account:vlocity_cmt__PremisesId__r.vlocity_cmt__StreetAddress__c</inputFieldName>
        <inputObjectQuerySequence>0.0</inputObjectQuerySequence>
        <linkedObjectSequence>0.0</linkedObjectSequence>
        <name>sfiEnergySelfServiceRetrievePremiseInfo</name>
        <outputCreationSequence>1.0</outputCreationSequence>
        <outputFieldName>premiseInfo:premiseStreet</outputFieldName>
        <outputObjectName>json</outputObjectName>
        <requiredForUpsert>false</requiredForUpsert>
        <upsertKey>false</upsertKey>
    </omniDataTransformItem>
    <omniDataTransformItem>
        <disabled>false</disabled>
        <filterGroup>0.0</filterGroup>
        <globalKey>sfiEnergySelfServiceRetrievePremiseInfoCustoma0P4x00000KIrmiEADItem16</globalKey>
        <inputFieldName>Account:vlocity_cmt__PremisesId__r.Name</inputFieldName>
        <inputObjectQuerySequence>0.0</inputObjectQuerySequence>
        <linkedObjectSequence>0.0</linkedObjectSequence>
        <name>sfiEnergySelfServiceRetrievePremiseInfo</name>
        <outputCreationSequence>1.0</outputCreationSequence>
        <outputFieldName>premiseInfo:premiseName</outputFieldName>
        <outputObjectName>json</outputObjectName>
        <requiredForUpsert>false</requiredForUpsert>
        <upsertKey>false</upsertKey>
    </omniDataTransformItem>
    <omniDataTransformItem>
        <disabled>false</disabled>
        <filterGroup>0.0</filterGroup>
        <globalKey>sfiEnergySelfServiceRetrievePremiseInfoCustoma0P4x00000KIrmiEADItem17</globalKey>
        <inputFieldName>Account:vlocity_cmt__PremisesId__r.vlocity_cmt__PostalCode__c</inputFieldName>
        <inputObjectQuerySequence>0.0</inputObjectQuerySequence>
        <linkedObjectSequence>0.0</linkedObjectSequence>
        <name>sfiEnergySelfServiceRetrievePremiseInfo</name>
        <outputCreationSequence>1.0</outputCreationSequence>
        <outputFieldName>premiseInfo:premisePostalCode</outputFieldName>
        <outputObjectName>json</outputObjectName>
        <requiredForUpsert>false</requiredForUpsert>
        <upsertKey>false</upsertKey>
    </omniDataTransformItem>
    <omniDataTransformItem>
        <disabled>false</disabled>
        <filterGroup>0.0</filterGroup>
        <globalKey>sfiEnergySelfServiceRetrievePremiseInfoCustoma0P4x00000KIrmiEADItem15</globalKey>
        <inputFieldName>Account:vlocity_cmt__PremisesId__r.vlocity_cmt__Country__c</inputFieldName>
        <inputObjectQuerySequence>0.0</inputObjectQuerySequence>
        <linkedObjectSequence>0.0</linkedObjectSequence>
        <name>sfiEnergySelfServiceRetrievePremiseInfo</name>
        <outputCreationSequence>1.0</outputCreationSequence>
        <outputFieldName>premiseInfo:premiseCountry</outputFieldName>
        <outputObjectName>json</outputObjectName>
        <requiredForUpsert>false</requiredForUpsert>
        <upsertKey>false</upsertKey>
    </omniDataTransformItem>
    <omniDataTransformItem>
        <disabled>false</disabled>
        <filterGroup>0.0</filterGroup>
        <globalKey>sfiEnergySelfServiceRetrievePremiseInfoCustoma0P4x00000KIrmiEADItem10</globalKey>
        <inputFieldName>Account:vlocity_cmt__PremisesId__r.vlocity_cmt__Geolocation__Longitude__s</inputFieldName>
        <inputObjectQuerySequence>0.0</inputObjectQuerySequence>
        <linkedObjectSequence>0.0</linkedObjectSequence>
        <name>sfiEnergySelfServiceRetrievePremiseInfo</name>
        <outputCreationSequence>1.0</outputCreationSequence>
        <outputFieldName>premiseInfo:geoLocation:longitude</outputFieldName>
        <outputObjectName>json</outputObjectName>
        <requiredForUpsert>false</requiredForUpsert>
        <upsertKey>false</upsertKey>
    </omniDataTransformItem>
    <omniDataTransformItem>
        <disabled>false</disabled>
        <filterGroup>0.0</filterGroup>
        <globalKey>sfiEnergySelfServiceRetrievePremiseInfoCustoma0P4x00000KIrmiEADItem11</globalKey>
        <inputFieldName>Account:vlocity_cmt__PremisesId__r.vlocity_cmt__Geolocation__Latitude__s</inputFieldName>
        <inputObjectQuerySequence>0.0</inputObjectQuerySequence>
        <linkedObjectSequence>0.0</linkedObjectSequence>
        <name>sfiEnergySelfServiceRetrievePremiseInfo</name>
        <outputCreationSequence>1.0</outputCreationSequence>
        <outputFieldFormat>String</outputFieldFormat>
        <outputFieldName>premiseInfo:latitude</outputFieldName>
        <outputObjectName>json</outputObjectName>
        <requiredForUpsert>false</requiredForUpsert>
        <upsertKey>false</upsertKey>
    </omniDataTransformItem>
    <omniDataTransformItem>
        <disabled>false</disabled>
        <filterGroup>0.0</filterGroup>
        <globalKey>sfiEnergySelfServiceRetrievePremiseInfoCustom7362</globalKey>
        <inputFieldName>Account:RecordType.Name</inputFieldName>
        <inputObjectQuerySequence>0.0</inputObjectQuerySequence>
        <linkedObjectSequence>0.0</linkedObjectSequence>
        <name>sfiEnergySelfServiceRetrievePremiseInfo</name>
        <outputCreationSequence>1.0</outputCreationSequence>
        <outputFieldName>premiseInfo:accountrecordType</outputFieldName>
        <outputObjectName>json</outputObjectName>
        <requiredForUpsert>false</requiredForUpsert>
        <upsertKey>false</upsertKey>
    </omniDataTransformItem>
    <omniDataTransformItem>
        <disabled>false</disabled>
        <filterGroup>0.0</filterGroup>
        <globalKey>sfiEnergySelfServiceRetrievePremiseInfoCustoma0P4x00000KIrmiEADItem9</globalKey>
        <inputFieldName>Account:vlocity_cmt__PremisesId__r.vlocity_cmt__Geolocation__Latitude__s</inputFieldName>
        <inputObjectQuerySequence>0.0</inputObjectQuerySequence>
        <linkedObjectSequence>0.0</linkedObjectSequence>
        <name>sfiEnergySelfServiceRetrievePremiseInfo</name>
        <outputCreationSequence>1.0</outputCreationSequence>
        <outputFieldName>premiseInfo:geoLocation:latitude</outputFieldName>
        <outputObjectName>json</outputObjectName>
        <requiredForUpsert>false</requiredForUpsert>
        <upsertKey>false</upsertKey>
    </omniDataTransformItem>
    <omniDataTransformItem>
        <disabled>false</disabled>
        <filterGroup>0.0</filterGroup>
        <globalKey>sfiEnergySelfServiceRetrievePremiseInfoCustoma0P4x00000KIrmiEADItem8</globalKey>
        <inputObjectQuerySequence>0.0</inputObjectQuerySequence>
        <linkedObjectSequence>0.0</linkedObjectSequence>
        <name>sfiEnergySelfServiceRetrievePremiseInfo</name>
        <outputCreationSequence>1.0</outputCreationSequence>
        <outputFieldFormat>List&lt;Map&gt;</outputFieldFormat>
        <outputFieldName>premiseInfo</outputFieldName>
        <outputObjectName>json</outputObjectName>
        <requiredForUpsert>false</requiredForUpsert>
        <upsertKey>false</upsertKey>
    </omniDataTransformItem>
    <omniDataTransformItem>
        <disabled>false</disabled>
        <filterGroup>0.0</filterGroup>
        <globalKey>sfiEnergySelfServiceRetrievePremiseInfoCustom6182</globalKey>
        <inputFieldName>Account:AccountNumber</inputFieldName>
        <inputObjectQuerySequence>0.0</inputObjectQuerySequence>
        <linkedObjectSequence>0.0</linkedObjectSequence>
        <name>sfiEnergySelfServiceRetrievePremiseInfo</name>
        <outputCreationSequence>1.0</outputCreationSequence>
        <outputFieldName>premiseInfo:accountNumber</outputFieldName>
        <outputObjectName>json</outputObjectName>
        <requiredForUpsert>false</requiredForUpsert>
        <transformValuesMappings>{ }</transformValuesMappings>
        <upsertKey>false</upsertKey>
    </omniDataTransformItem>
    <omniDataTransformItem>
        <disabled>false</disabled>
        <filterGroup>0.0</filterGroup>
        <formulaConverted>| var:Account:vlocity_cmt__PremisesId__r.vlocity_cmt__StreetAddress__c var:null != var:Account:vlocity_cmt__PremisesId__r.vlocity_cmt__City__c var:null != &amp;&amp; var:Account:vlocity_cmt__PremisesId__r.vlocity_cmt__State__c var:null != &amp;&amp; var:Account:vlocity_cmt__PremisesId__r.vlocity_cmt__PostalCode__c var:null != &amp;&amp; | var:Account:vlocity_cmt__PremisesId__r.vlocity_cmt__StreetAddress__c &quot;,/\/\/&quot; var:Account:vlocity_cmt__PremisesId__r.vlocity_cmt__City__c &quot;,/\/\/&quot; var:Account:vlocity_cmt__PremisesId__r.vlocity_cmt__State__c &quot;,/\/\/&quot; var:Account:vlocity_cmt__PremisesId__r.vlocity_cmt__PostalCode__c CONCAT var:null IF</formulaConverted>
        <formulaExpression>IF(Account:vlocity_cmt__PremisesId__r.vlocity_cmt__StreetAddress__c!=null &amp;&amp; Account:vlocity_cmt__PremisesId__r.vlocity_cmt__City__c!=null &amp;&amp; Account:vlocity_cmt__PremisesId__r.vlocity_cmt__State__c!=null &amp;&amp; Account:vlocity_cmt__PremisesId__r.vlocity_cmt__PostalCode__c!=null,CONCAT(Account:vlocity_cmt__PremisesId__r.vlocity_cmt__StreetAddress__c, &quot;, &quot;,Account:vlocity_cmt__PremisesId__r.vlocity_cmt__City__c, &quot;, &quot;,Account:vlocity_cmt__PremisesId__r.vlocity_cmt__State__c, &quot;, &quot;,Account:vlocity_cmt__PremisesId__r.vlocity_cmt__PostalCode__c),null)</formulaExpression>
        <formulaResultPath>Account:premiseAddress</formulaResultPath>
        <formulaSequence>1.0</formulaSequence>
        <globalKey>sfiEnergySelfServiceRetrievePremiseInfoCustom7713</globalKey>
        <inputObjectQuerySequence>0.0</inputObjectQuerySequence>
        <linkedObjectSequence>0.0</linkedObjectSequence>
        <name>sfiEnergySelfServiceRetrievePremiseInfo</name>
        <outputCreationSequence>0.0</outputCreationSequence>
        <outputFieldName>Formula</outputFieldName>
        <outputObjectName>Formula</outputObjectName>
        <requiredForUpsert>false</requiredForUpsert>
        <upsertKey>false</upsertKey>
    </omniDataTransformItem>
    <omniDataTransformItem>
        <disabled>false</disabled>
        <filterGroup>0.0</filterGroup>
        <globalKey>sfiEnergySelfServiceRetrievePremiseInfoCustom364</globalKey>
        <inputFieldName>ConsumerAccount:AccountNumber</inputFieldName>
        <inputObjectQuerySequence>0.0</inputObjectQuerySequence>
        <linkedObjectSequence>0.0</linkedObjectSequence>
        <name>sfiEnergySelfServiceRetrievePremiseInfo</name>
        <outputCreationSequence>1.0</outputCreationSequence>
        <outputFieldName>ConsumerAccountNumber</outputFieldName>
        <outputObjectName>json</outputObjectName>
        <requiredForUpsert>false</requiredForUpsert>
        <upsertKey>false</upsertKey>
    </omniDataTransformItem>
    <omniDataTransformItem>
        <disabled>false</disabled>
        <filterGroup>1.0</filterGroup>
        <filterOperator>=</filterOperator>
        <filterValue>RecordType:Id</filterValue>
        <globalKey>sfiEnergySelfServiceRetrievePremiseInfoCustom2900</globalKey>
        <inputFieldName>RecordTypeId</inputFieldName>
        <inputObjectName>Account</inputObjectName>
        <inputObjectQuerySequence>2.0</inputObjectQuerySequence>
        <linkedObjectSequence>0.0</linkedObjectSequence>
        <name>sfiEnergySelfServiceRetrievePremiseInfo</name>
        <outputCreationSequence>0.0</outputCreationSequence>
        <outputFieldName>Account</outputFieldName>
        <outputObjectName>json</outputObjectName>
        <requiredForUpsert>false</requiredForUpsert>
        <upsertKey>false</upsertKey>
    </omniDataTransformItem>
    <omniDataTransformItem>
        <disabled>false</disabled>
        <filterGroup>0.0</filterGroup>
        <filterOperator>=</filterOperator>
        <filterValue>AccountId</filterValue>
        <globalKey>sfiEnergySelfServiceRetrievePremiseInfoCustom1990</globalKey>
        <inputFieldName>Id</inputFieldName>
        <inputObjectName>Account</inputObjectName>
        <inputObjectQuerySequence>3.0</inputObjectQuerySequence>
        <linkedObjectSequence>0.0</linkedObjectSequence>
        <name>sfiEnergySelfServiceRetrievePremiseInfo</name>
        <outputCreationSequence>0.0</outputCreationSequence>
        <outputFieldName>ConsumerAccount</outputFieldName>
        <outputObjectName>json</outputObjectName>
        <requiredForUpsert>false</requiredForUpsert>
        <upsertKey>false</upsertKey>
    </omniDataTransformItem>
    <omniDataTransformItem>
        <disabled>false</disabled>
        <filterGroup>1.0</filterGroup>
        <filterOperator>&lt;&gt;</filterOperator>
        <filterValue>&quot;$Vlocity.null&quot;</filterValue>
        <globalKey>sfiEnergySelfServiceRetrievePremiseInfoCustom3907</globalKey>
        <inputFieldName>vlocity_cmt__PremisesId__c</inputFieldName>
        <inputObjectName>Account</inputObjectName>
        <inputObjectQuerySequence>2.0</inputObjectQuerySequence>
        <linkedObjectSequence>0.0</linkedObjectSequence>
        <name>sfiEnergySelfServiceRetrievePremiseInfo</name>
        <outputCreationSequence>0.0</outputCreationSequence>
        <outputFieldName>Account</outputFieldName>
        <outputObjectName>json</outputObjectName>
        <requiredForUpsert>false</requiredForUpsert>
        <upsertKey>false</upsertKey>
    </omniDataTransformItem>
    <omniDataTransformItem>
        <disabled>false</disabled>
        <filterGroup>1.0</filterGroup>
        <filterOperator>=</filterOperator>
        <filterValue>AccountId</filterValue>
        <globalKey>sfiEnergySelfServiceRetrievePremiseInfoCustom1118</globalKey>
        <inputFieldName>ParentId</inputFieldName>
        <inputObjectName>Account</inputObjectName>
        <inputObjectQuerySequence>2.0</inputObjectQuerySequence>
        <linkedObjectSequence>0.0</linkedObjectSequence>
        <name>sfiEnergySelfServiceRetrievePremiseInfo</name>
        <outputCreationSequence>0.0</outputCreationSequence>
        <outputFieldName>Account</outputFieldName>
        <outputObjectName>json</outputObjectName>
        <requiredForUpsert>false</requiredForUpsert>
        <upsertKey>false</upsertKey>
    </omniDataTransformItem>
    <outputType>JSON</outputType>
    <previewJsonData>{
  &quot;accountId&quot; : &quot;0014x000013pH2iAAE&quot;,
  &quot;recordTypeName&quot; : &quot;Service&quot;,
  &quot;sObjectName&quot; : &quot;Account&quot;
}</previewJsonData>
    <processSuperBulk>false</processSuperBulk>
    <responseCacheTtlMinutes>0.0</responseCacheTtlMinutes>
    <rollbackOnError>false</rollbackOnError>
    <sourceObject>json</sourceObject>
    <sourceObjectDefault>false</sourceObjectDefault>
    <synchronousProcessThreshold>0.0</synchronousProcessThreshold>
    <type>Extract</type>
    <uniqueName>sfiEnergySelfServiceRetrievePremiseInfo_1</uniqueName>
    <versionNumber>1.0</versionNumber>
    <xmlDeclarationRemoved>false</xmlDeclarationRemoved>
</OmniDataTransform>
