<?xml version="1.0" encoding="UTF-8"?>
<OmniDataTransform xmlns="http://soap.sforce.com/2006/04/metadata">
    <active>false</active>
    <assignmentRulesUsed>false</assignmentRulesUsed>
    <deletedOnSuccess>false</deletedOnSuccess>
    <description>Fetch Selected Case details</description>
    <errorIgnored>false</errorIgnored>
    <fieldLevelSecurityEnabled>false</fieldLevelSecurityEnabled>
    <inputType>JSON</inputType>
    <name>VPLGetCaseStatus</name>
    <nullInputsIncludedInOutput>false</nullInputsIncludedInOutput>
    <omniDataTransformItem>
        <disabled>false</disabled>
        <filterGroup>0.0</filterGroup>
        <formulaConverted>| &quot;select/\/\/COUNT()/\/\/from/\/\/case/\/\/where/\/\/recordtype.name=&apos;Billing/\/\/Dispute&apos;/\/\/and/\/\/accountid=&apos;{0}&apos;&quot; var:CaseCountAccountId COUNTQUERY</formulaConverted>
        <formulaExpression>COUNTQUERY ( &quot;select COUNT() from case where recordtype.name=&apos;Billing Dispute&apos; and accountid=&apos;{0}&apos;&quot;,%CaseCountAccountId%)</formulaExpression>
        <formulaResultPath>TotalCaseCount</formulaResultPath>
        <formulaSequence>2.0</formulaSequence>
        <globalKey>VPL-GetCaseStatus6561176772811632</globalKey>
        <inputObjectQuerySequence>0.0</inputObjectQuerySequence>
        <linkedObjectSequence>0.0</linkedObjectSequence>
        <name>VPL-GetCaseStatus</name>
        <outputCreationSequence>0.0</outputCreationSequence>
        <outputFieldName>Formula</outputFieldName>
        <outputObjectName>Formula</outputObjectName>
        <requiredForUpsert>false</requiredForUpsert>
        <upsertKey>false</upsertKey>
    </omniDataTransformItem>
    <omniDataTransformItem>
        <disabled>false</disabled>
        <filterGroup>0.0</filterGroup>
        <globalKey>VPL-GetCaseStatus5116584240952535</globalKey>
        <inputFieldName>SelectedCase:Priority</inputFieldName>
        <inputObjectQuerySequence>0.0</inputObjectQuerySequence>
        <linkedObjectSequence>0.0</linkedObjectSequence>
        <name>VPL-GetCaseStatus</name>
        <outputCreationSequence>1.0</outputCreationSequence>
        <outputFieldName>CaseDetails:CasePriority</outputFieldName>
        <outputObjectName>json</outputObjectName>
        <requiredForUpsert>false</requiredForUpsert>
        <upsertKey>false</upsertKey>
    </omniDataTransformItem>
    <omniDataTransformItem>
        <disabled>false</disabled>
        <filterGroup>0.0</filterGroup>
        <globalKey>VPL-GetCaseStatus49238974595534746</globalKey>
        <inputFieldName>SelectedCase:vlocity_cmt__StatementId__r.Name</inputFieldName>
        <inputObjectQuerySequence>0.0</inputObjectQuerySequence>
        <linkedObjectSequence>0.0</linkedObjectSequence>
        <name>VPL-GetCaseStatus</name>
        <outputCreationSequence>1.0</outputCreationSequence>
        <outputFieldName>CaseDetails:CaseStatement</outputFieldName>
        <outputObjectName>json</outputObjectName>
        <requiredForUpsert>false</requiredForUpsert>
        <upsertKey>false</upsertKey>
    </omniDataTransformItem>
    <omniDataTransformItem>
        <disabled>false</disabled>
        <filterGroup>0.0</filterGroup>
        <globalKey>VPL-GetCaseStatus6782943485783897</globalKey>
        <inputFieldName>SelectedCase:CaseNumber</inputFieldName>
        <inputObjectQuerySequence>0.0</inputObjectQuerySequence>
        <linkedObjectSequence>0.0</linkedObjectSequence>
        <name>VPL-GetCaseStatus</name>
        <outputCreationSequence>1.0</outputCreationSequence>
        <outputFieldName>CaseDetails:CaseNumber</outputFieldName>
        <outputObjectName>json</outputObjectName>
        <requiredForUpsert>false</requiredForUpsert>
        <upsertKey>false</upsertKey>
    </omniDataTransformItem>
    <omniDataTransformItem>
        <disabled>false</disabled>
        <filterGroup>0.0</filterGroup>
        <globalKey>VPL-GetCaseStatus6784922080599858</globalKey>
        <inputFieldName>SelectedCase:Owner.Name</inputFieldName>
        <inputObjectQuerySequence>0.0</inputObjectQuerySequence>
        <linkedObjectSequence>0.0</linkedObjectSequence>
        <name>VPL-GetCaseStatus</name>
        <outputCreationSequence>1.0</outputCreationSequence>
        <outputFieldName>CaseDetails:CaseOwner</outputFieldName>
        <outputObjectName>json</outputObjectName>
        <requiredForUpsert>false</requiredForUpsert>
        <upsertKey>false</upsertKey>
    </omniDataTransformItem>
    <omniDataTransformItem>
        <disabled>false</disabled>
        <filterGroup>0.0</filterGroup>
        <globalKey>VPL-GetCaseStatus35934429966597325</globalKey>
        <inputFieldName>SelectedCase:Comments</inputFieldName>
        <inputObjectQuerySequence>0.0</inputObjectQuerySequence>
        <linkedObjectSequence>0.0</linkedObjectSequence>
        <name>VPL-GetCaseStatus</name>
        <outputCreationSequence>1.0</outputCreationSequence>
        <outputFieldName>CaseDetails:CaseComments</outputFieldName>
        <outputObjectName>json</outputObjectName>
        <requiredForUpsert>false</requiredForUpsert>
        <upsertKey>false</upsertKey>
    </omniDataTransformItem>
    <omniDataTransformItem>
        <disabled>false</disabled>
        <filterGroup>0.0</filterGroup>
        <globalKey>VPL-GetCaseStatus8606983619093802</globalKey>
        <inputFieldName>SelectedCase:Id</inputFieldName>
        <inputObjectQuerySequence>0.0</inputObjectQuerySequence>
        <linkedObjectSequence>0.0</linkedObjectSequence>
        <name>VPL-GetCaseStatus</name>
        <outputCreationSequence>1.0</outputCreationSequence>
        <outputFieldName>CaseDetails:CaseId</outputFieldName>
        <outputObjectName>json</outputObjectName>
        <requiredForUpsert>false</requiredForUpsert>
        <upsertKey>false</upsertKey>
    </omniDataTransformItem>
    <omniDataTransformItem>
        <disabled>false</disabled>
        <filterGroup>0.0</filterGroup>
        <formulaConverted>| &quot;select/\/\/COUNT()/\/\/from/\/\/case/\/\/where/\/\/recordtype.name=&apos;Billing/\/\/Dispute&apos;/\/\/and/\/\/status=&apos;Closed&apos;/\/\/and/\/\/accountid=&apos;{0}&apos;&quot; var:CaseCountAccountId COUNTQUERY</formulaConverted>
        <formulaExpression>COUNTQUERY ( &quot;select COUNT() from case where recordtype.name=&apos;Billing Dispute&apos; and status=&apos;Closed&apos; and accountid=&apos;{0}&apos;&quot;,%CaseCountAccountId%)</formulaExpression>
        <formulaResultPath>CaseCountClosed</formulaResultPath>
        <formulaSequence>1.0</formulaSequence>
        <globalKey>VPL-GetCaseStatus4009960765107774</globalKey>
        <inputObjectQuerySequence>0.0</inputObjectQuerySequence>
        <linkedObjectSequence>0.0</linkedObjectSequence>
        <name>VPL-GetCaseStatus</name>
        <outputCreationSequence>0.0</outputCreationSequence>
        <outputFieldName>Formula</outputFieldName>
        <outputObjectName>Formula</outputObjectName>
        <requiredForUpsert>false</requiredForUpsert>
        <upsertKey>false</upsertKey>
    </omniDataTransformItem>
    <omniDataTransformItem>
        <disabled>false</disabled>
        <filterGroup>0.0</filterGroup>
        <globalKey>VPL-GetCaseStatus2907596531829948</globalKey>
        <inputFieldName>CaseCountClosed</inputFieldName>
        <inputObjectQuerySequence>0.0</inputObjectQuerySequence>
        <linkedObjectSequence>0.0</linkedObjectSequence>
        <name>VPL-GetCaseStatus</name>
        <outputCreationSequence>1.0</outputCreationSequence>
        <outputFieldName>CaseCountClosed</outputFieldName>
        <outputObjectName>json</outputObjectName>
        <requiredForUpsert>false</requiredForUpsert>
        <upsertKey>false</upsertKey>
    </omniDataTransformItem>
    <omniDataTransformItem>
        <disabled>false</disabled>
        <filterGroup>0.0</filterGroup>
        <globalKey>VPL-GetCaseStatus5071063858390523</globalKey>
        <inputFieldName>SelectedCase:AccountId</inputFieldName>
        <inputObjectQuerySequence>0.0</inputObjectQuerySequence>
        <linkedObjectSequence>0.0</linkedObjectSequence>
        <name>VPL-GetCaseStatus</name>
        <outputCreationSequence>1.0</outputCreationSequence>
        <outputFieldName>RelatedCaseDetails:AccountId</outputFieldName>
        <outputObjectName>json</outputObjectName>
        <requiredForUpsert>false</requiredForUpsert>
        <upsertKey>false</upsertKey>
    </omniDataTransformItem>
    <omniDataTransformItem>
        <disabled>false</disabled>
        <filterGroup>0.0</filterGroup>
        <globalKey>VPL-GetCaseStatus6908877706145189</globalKey>
        <inputFieldName>SelectedCase:vlocity_cmt__StatementId__c</inputFieldName>
        <inputObjectQuerySequence>0.0</inputObjectQuerySequence>
        <linkedObjectSequence>0.0</linkedObjectSequence>
        <name>VPL-GetCaseStatus</name>
        <outputCreationSequence>1.0</outputCreationSequence>
        <outputFieldName>RelatedCaseDetails:StatementId</outputFieldName>
        <outputObjectName>json</outputObjectName>
        <requiredForUpsert>false</requiredForUpsert>
        <upsertKey>false</upsertKey>
    </omniDataTransformItem>
    <omniDataTransformItem>
        <disabled>false</disabled>
        <filterGroup>0.0</filterGroup>
        <globalKey>VPL-GetCaseStatus3884390209052413</globalKey>
        <inputFieldName>SelectedCase:vlocity_cmt__StatementId__r.vlocity_cmt__ExternalID__c</inputFieldName>
        <inputObjectQuerySequence>0.0</inputObjectQuerySequence>
        <linkedObjectSequence>0.0</linkedObjectSequence>
        <name>VPL-GetCaseStatus</name>
        <outputCreationSequence>1.0</outputCreationSequence>
        <outputFieldName>CaseDetails:StatmentExternalId</outputFieldName>
        <outputObjectName>json</outputObjectName>
        <requiredForUpsert>false</requiredForUpsert>
        <upsertKey>false</upsertKey>
    </omniDataTransformItem>
    <omniDataTransformItem>
        <disabled>false</disabled>
        <filterGroup>0.0</filterGroup>
        <globalKey>VPL-GetCaseStatus39398715089577685</globalKey>
        <inputObjectQuerySequence>0.0</inputObjectQuerySequence>
        <linkedObjectSequence>0.0</linkedObjectSequence>
        <name>VPL-GetCaseStatus</name>
        <outputCreationSequence>1.0</outputCreationSequence>
        <outputFieldFormat>List&lt;Map&gt;</outputFieldFormat>
        <outputFieldName>RecordList</outputFieldName>
        <outputObjectName>json</outputObjectName>
        <requiredForUpsert>false</requiredForUpsert>
        <upsertKey>false</upsertKey>
    </omniDataTransformItem>
    <omniDataTransformItem>
        <disabled>false</disabled>
        <filterGroup>0.0</filterGroup>
        <globalKey>VPL-GetCaseStatus2546838063132433</globalKey>
        <inputFieldName>SelectedCase:Type</inputFieldName>
        <inputObjectQuerySequence>0.0</inputObjectQuerySequence>
        <linkedObjectSequence>0.0</linkedObjectSequence>
        <name>VPL-GetCaseStatus</name>
        <outputCreationSequence>1.0</outputCreationSequence>
        <outputFieldName>CaseDetails:CaseType</outputFieldName>
        <outputObjectName>json</outputObjectName>
        <requiredForUpsert>false</requiredForUpsert>
        <upsertKey>false</upsertKey>
    </omniDataTransformItem>
    <omniDataTransformItem>
        <disabled>false</disabled>
        <filterGroup>0.0</filterGroup>
        <globalKey>VPL-GetCaseStatus11854877373207495</globalKey>
        <inputFieldName>SelectedCase:RecordType.Name</inputFieldName>
        <inputObjectQuerySequence>0.0</inputObjectQuerySequence>
        <linkedObjectSequence>0.0</linkedObjectSequence>
        <name>VPL-GetCaseStatus</name>
        <outputCreationSequence>1.0</outputCreationSequence>
        <outputFieldName>CaseDetails:RecordTypeName</outputFieldName>
        <outputObjectName>json</outputObjectName>
        <requiredForUpsert>false</requiredForUpsert>
        <upsertKey>false</upsertKey>
    </omniDataTransformItem>
    <omniDataTransformItem>
        <disabled>false</disabled>
        <filterGroup>0.0</filterGroup>
        <globalKey>VPL-GetCaseStatus501323832642256</globalKey>
        <inputFieldName>SelectedCase:Status</inputFieldName>
        <inputObjectQuerySequence>0.0</inputObjectQuerySequence>
        <linkedObjectSequence>0.0</linkedObjectSequence>
        <name>VPL-GetCaseStatus</name>
        <outputCreationSequence>1.0</outputCreationSequence>
        <outputFieldName>CaseDetails:CaseStatusBillingDispute</outputFieldName>
        <outputObjectName>json</outputObjectName>
        <requiredForUpsert>false</requiredForUpsert>
        <upsertKey>false</upsertKey>
    </omniDataTransformItem>
    <omniDataTransformItem>
        <disabled>false</disabled>
        <filterGroup>0.0</filterGroup>
        <globalKey>VPL-GetCaseStatus35967335203206807</globalKey>
        <inputFieldName>SelectedCase:Status</inputFieldName>
        <inputObjectQuerySequence>0.0</inputObjectQuerySequence>
        <linkedObjectSequence>0.0</linkedObjectSequence>
        <name>VPL-GetCaseStatus</name>
        <outputCreationSequence>1.0</outputCreationSequence>
        <outputFieldName>CaseDetails:CaseStatusEnergyComplaint</outputFieldName>
        <outputObjectName>json</outputObjectName>
        <requiredForUpsert>false</requiredForUpsert>
        <upsertKey>false</upsertKey>
    </omniDataTransformItem>
    <omniDataTransformItem>
        <disabled>false</disabled>
        <filterGroup>0.0</filterGroup>
        <filterOperator>=</filterOperator>
        <filterValue>CaseId</filterValue>
        <globalKey>VPL-GetCaseStatus9297830790340063</globalKey>
        <inputFieldName>Id</inputFieldName>
        <inputObjectName>Case</inputObjectName>
        <inputObjectQuerySequence>1.0</inputObjectQuerySequence>
        <linkedObjectSequence>0.0</linkedObjectSequence>
        <name>VPL-GetCaseStatus</name>
        <outputCreationSequence>0.0</outputCreationSequence>
        <outputFieldName>SelectedCase</outputFieldName>
        <outputObjectName>json</outputObjectName>
        <requiredForUpsert>false</requiredForUpsert>
        <upsertKey>false</upsertKey>
    </omniDataTransformItem>
    <omniDataTransformItem>
        <disabled>false</disabled>
        <filterGroup>0.0</filterGroup>
        <filterOperator>LIMIT</filterOperator>
        <filterValue>1</filterValue>
        <globalKey>VPL-GetCaseStatus30774468909798425</globalKey>
        <inputObjectName>Case</inputObjectName>
        <inputObjectQuerySequence>1.0</inputObjectQuerySequence>
        <linkedObjectSequence>0.0</linkedObjectSequence>
        <name>VPL-GetCaseStatus</name>
        <outputCreationSequence>0.0</outputCreationSequence>
        <outputFieldName>SelectedCase</outputFieldName>
        <outputObjectName>json</outputObjectName>
        <requiredForUpsert>false</requiredForUpsert>
        <upsertKey>false</upsertKey>
    </omniDataTransformItem>
    <omniDataTransformItem>
        <disabled>false</disabled>
        <filterGroup>0.0</filterGroup>
        <globalKey>VPL-GetCaseStatus04399932466635037</globalKey>
        <inputFieldName>TotalCaseCount</inputFieldName>
        <inputObjectQuerySequence>0.0</inputObjectQuerySequence>
        <linkedObjectSequence>0.0</linkedObjectSequence>
        <name>VPL-GetCaseStatus</name>
        <outputCreationSequence>1.0</outputCreationSequence>
        <outputFieldName>TotalCaseCount</outputFieldName>
        <outputObjectName>json</outputObjectName>
        <requiredForUpsert>false</requiredForUpsert>
        <upsertKey>false</upsertKey>
    </omniDataTransformItem>
    <outputType>JSON</outputType>
    <previewJsonData>{
  &quot;AccountId&quot; : &quot;0013h00000CVS5qAAH&quot;,
  &quot;CaseId&quot; : &quot;5003h000006I333AAC&quot;
}</previewJsonData>
    <processSuperBulk>false</processSuperBulk>
    <responseCacheTtlMinutes>0.0</responseCacheTtlMinutes>
    <rollbackOnError>false</rollbackOnError>
    <sourceObject>json</sourceObject>
    <sourceObjectDefault>false</sourceObjectDefault>
    <synchronousProcessThreshold>-1.0</synchronousProcessThreshold>
    <type>Extract</type>
    <uniqueName>VPLGetCaseStatus_1</uniqueName>
    <versionNumber>1.0</versionNumber>
    <xmlDeclarationRemoved>false</xmlDeclarationRemoved>
</OmniDataTransform>
