<?xml version="1.0" encoding="UTF-8"?>
<OmniDataTransform xmlns="http://soap.sforce.com/2006/04/metadata">
    <active>false</active>
    <assignmentRulesUsed>false</assignmentRulesUsed>
    <deletedOnSuccess>false</deletedOnSuccess>
    <description>This DR is used to Transform the Profile Attribute values.</description>
    <errorIgnored>false</errorIgnored>
    <expectedInputJson>{
  &quot;ContextId&quot; : null,
  &quot;ManageNotificationPreferences&quot; : {
    &quot;BillNotifications&quot; : null,
    &quot;DNCFrom&quot; : null,
    &quot;DNCTo&quot; : null,
    &quot;OffersPromotions&quot; : null,
    &quot;OutageNotifications&quot; : null,
    &quot;PaymentRemindersNotifications&quot; : null,
    &quot;WorkOrderNotifications&quot; : null
  },
  &quot;timeStamp&quot; : null,
  &quot;userId&quot; : null,
  &quot;userName&quot; : null,
  &quot;userProfile&quot; : null,
  &quot;userTimeZone&quot; : null,
  &quot;vlcPersistentComponent&quot; : { },
  &quot;vlcTimeTracking&quot; : {
    &quot;DRExtractAccountPreferences&quot; : null,
    &quot;DataRaptorTransformAction1&quot; : null,
    &quot;ManageNotificationPreferences&quot; : null,
    &quot;PostAccountAttrAssignment&quot; : null
  }
}</expectedInputJson>
    <fieldLevelSecurityEnabled>false</fieldLevelSecurityEnabled>
    <inputType>JSON</inputType>
    <name>VPLTransformExistingProfileAttributeCategory</name>
    <nullInputsIncludedInOutput>true</nullInputsIncludedInOutput>
    <omniDataTransformItem>
        <disabled>false</disabled>
        <filterGroup>0.0</filterGroup>
        <globalKey>VPL-TransformExistingProfileAttributeCategoryCustom9196</globalKey>
        <inputFieldName>CustomerSatisfactionCoverage</inputFieldName>
        <inputObjectQuerySequence>0.0</inputObjectQuerySequence>
        <linkedObjectSequence>0.0</linkedObjectSequence>
        <name>VPL-TransformExistingProfileAttributeCategory</name>
        <outputCreationSequence>1.0</outputCreationSequence>
        <outputFieldName>AccountPref:CustomerSatisfactionCoverage</outputFieldName>
        <outputObjectName>json</outputObjectName>
        <requiredForUpsert>false</requiredForUpsert>
        <upsertKey>false</upsertKey>
    </omniDataTransformItem>
    <omniDataTransformItem>
        <disabled>false</disabled>
        <filterGroup>0.0</filterGroup>
        <globalKey>VPL-TransformExistingProfileAttributeCategoryCustom7989</globalKey>
        <inputFieldName>CustomerSatisfactionMaintenance</inputFieldName>
        <inputObjectQuerySequence>0.0</inputObjectQuerySequence>
        <linkedObjectSequence>0.0</linkedObjectSequence>
        <name>VPL-TransformExistingProfileAttributeCategory</name>
        <outputCreationSequence>1.0</outputCreationSequence>
        <outputFieldName>AccountPref:CustomerSatisfactionMaintenance</outputFieldName>
        <outputObjectName>json</outputObjectName>
        <requiredForUpsert>false</requiredForUpsert>
        <upsertKey>false</upsertKey>
    </omniDataTransformItem>
    <omniDataTransformItem>
        <disabled>false</disabled>
        <filterGroup>0.0</filterGroup>
        <globalKey>VPL-TransformExistingProfileAttributeCategoryCustom3052</globalKey>
        <inputFieldName>AnalysisUpsellPotential</inputFieldName>
        <inputObjectQuerySequence>0.0</inputObjectQuerySequence>
        <linkedObjectSequence>0.0</linkedObjectSequence>
        <name>VPL-TransformExistingProfileAttributeCategory</name>
        <outputCreationSequence>1.0</outputCreationSequence>
        <outputFieldName>AccountPref:AnalysisUpsellPotential</outputFieldName>
        <outputObjectName>json</outputObjectName>
        <requiredForUpsert>false</requiredForUpsert>
        <upsertKey>false</upsertKey>
    </omniDataTransformItem>
    <omniDataTransformItem>
        <disabled>false</disabled>
        <filterGroup>0.0</filterGroup>
        <globalKey>VPL-TransformExistingProfileAttributeCategoryCustom7047</globalKey>
        <inputFieldName>CustomerSatisfactionCost</inputFieldName>
        <inputObjectQuerySequence>0.0</inputObjectQuerySequence>
        <linkedObjectSequence>0.0</linkedObjectSequence>
        <name>VPL-TransformExistingProfileAttributeCategory</name>
        <outputCreationSequence>1.0</outputCreationSequence>
        <outputFieldName>AccountPref:CustomerSatisfactionCost</outputFieldName>
        <outputObjectName>json</outputObjectName>
        <requiredForUpsert>false</requiredForUpsert>
        <upsertKey>false</upsertKey>
    </omniDataTransformItem>
    <omniDataTransformItem>
        <disabled>false</disabled>
        <filterGroup>0.0</filterGroup>
        <globalKey>VPL-TransformExistingProfileAttributeCategoryCustom7817</globalKey>
        <inputFieldName>AnalysisRenewalPotential</inputFieldName>
        <inputObjectQuerySequence>0.0</inputObjectQuerySequence>
        <linkedObjectSequence>0.0</linkedObjectSequence>
        <name>VPL-TransformExistingProfileAttributeCategory</name>
        <outputCreationSequence>1.0</outputCreationSequence>
        <outputFieldName>AccountPref:AnalysisRenewalPotential</outputFieldName>
        <outputObjectName>json</outputObjectName>
        <requiredForUpsert>false</requiredForUpsert>
        <upsertKey>false</upsertKey>
    </omniDataTransformItem>
    <omniDataTransformItem>
        <disabled>false</disabled>
        <filterGroup>0.0</filterGroup>
        <globalKey>VPL-TransformExistingProfileAttributeCategoryCustom6487</globalKey>
        <inputFieldName>PurchaseCriteriaInsurance</inputFieldName>
        <inputObjectQuerySequence>0.0</inputObjectQuerySequence>
        <linkedObjectSequence>0.0</linkedObjectSequence>
        <name>VPL-TransformExistingProfileAttributeCategory</name>
        <outputCreationSequence>1.0</outputCreationSequence>
        <outputFieldName>AccountPref:PurchaseCriteriaInsurance</outputFieldName>
        <outputObjectName>json</outputObjectName>
        <requiredForUpsert>false</requiredForUpsert>
        <upsertKey>false</upsertKey>
    </omniDataTransformItem>
    <omniDataTransformItem>
        <disabled>false</disabled>
        <filterGroup>0.0</filterGroup>
        <globalKey>VPL-TransformExistingProfileAttributeCategoryCustoma1V3h000000mBriEAEItem12</globalKey>
        <inputFieldName>PurchaseCriteriaRenewableEnergy</inputFieldName>
        <inputObjectQuerySequence>0.0</inputObjectQuerySequence>
        <linkedObjectSequence>0.0</linkedObjectSequence>
        <name>VPL-TransformExistingProfileAttributeCategory</name>
        <outputCreationSequence>1.0</outputCreationSequence>
        <outputFieldName>AccountPref:PurchaseCriteriaRenewableEnergy</outputFieldName>
        <outputObjectName>json</outputObjectName>
        <requiredForUpsert>false</requiredForUpsert>
        <upsertKey>false</upsertKey>
    </omniDataTransformItem>
    <omniDataTransformItem>
        <disabled>false</disabled>
        <filterGroup>0.0</filterGroup>
        <globalKey>VPL-TransformExistingProfileAttributeCategoryCustoma1V3h000000mBriEAEItem7</globalKey>
        <inputFieldName>PurchaseCriteriaCost</inputFieldName>
        <inputObjectQuerySequence>0.0</inputObjectQuerySequence>
        <linkedObjectSequence>0.0</linkedObjectSequence>
        <name>VPL-TransformExistingProfileAttributeCategory</name>
        <outputCreationSequence>1.0</outputCreationSequence>
        <outputFieldName>AccountPref:PurchaseCriteriaCost</outputFieldName>
        <outputObjectName>json</outputObjectName>
        <requiredForUpsert>false</requiredForUpsert>
        <upsertKey>false</upsertKey>
    </omniDataTransformItem>
    <omniDataTransformItem>
        <disabled>false</disabled>
        <filterGroup>0.0</filterGroup>
        <globalKey>VPL-TransformExistingProfileAttributeCategoryCustoma1V3h000000mBriEAEItem11</globalKey>
        <inputFieldName>PurchaseCriteriaFamilyFriendly</inputFieldName>
        <inputObjectQuerySequence>0.0</inputObjectQuerySequence>
        <linkedObjectSequence>0.0</linkedObjectSequence>
        <name>VPL-TransformExistingProfileAttributeCategory</name>
        <outputCreationSequence>1.0</outputCreationSequence>
        <outputFieldName>AccountPref:PurchaseCriteriaFamilyFriendly</outputFieldName>
        <outputObjectName>json</outputObjectName>
        <requiredForUpsert>false</requiredForUpsert>
        <upsertKey>false</upsertKey>
    </omniDataTransformItem>
    <omniDataTransformItem>
        <disabled>false</disabled>
        <filterGroup>0.0</filterGroup>
        <globalKey>VPL-TransformExistingProfileAttributeCategoryCustom2442</globalKey>
        <inputFieldName>CustomerSatisfactionUsageCharges</inputFieldName>
        <inputObjectQuerySequence>0.0</inputObjectQuerySequence>
        <linkedObjectSequence>0.0</linkedObjectSequence>
        <name>VPL-TransformExistingProfileAttributeCategory</name>
        <outputCreationSequence>1.0</outputCreationSequence>
        <outputFieldName>AccountPref:CustomerSatisfactionUsageCharges</outputFieldName>
        <outputObjectName>json</outputObjectName>
        <requiredForUpsert>false</requiredForUpsert>
        <upsertKey>false</upsertKey>
    </omniDataTransformItem>
    <omniDataTransformItem>
        <disabled>false</disabled>
        <filterGroup>0.0</filterGroup>
        <globalKey>VPL-TransformExistingProfileAttributeCategoryCustom90</globalKey>
        <inputFieldName>ProductInterests</inputFieldName>
        <inputObjectQuerySequence>0.0</inputObjectQuerySequence>
        <linkedObjectSequence>0.0</linkedObjectSequence>
        <name>VPL-TransformExistingProfileAttributeCategory</name>
        <outputCreationSequence>1.0</outputCreationSequence>
        <outputFieldName>AccountPref:ProductInterests</outputFieldName>
        <outputObjectName>json</outputObjectName>
        <requiredForUpsert>false</requiredForUpsert>
        <upsertKey>false</upsertKey>
    </omniDataTransformItem>
    <omniDataTransformItem>
        <disabled>false</disabled>
        <filterGroup>0.0</filterGroup>
        <globalKey>VPL-TransformExistingProfileAttributeCategoryCustom1872</globalKey>
        <inputFieldName>CustomerSatisfactionReliability</inputFieldName>
        <inputObjectQuerySequence>0.0</inputObjectQuerySequence>
        <linkedObjectSequence>0.0</linkedObjectSequence>
        <name>VPL-TransformExistingProfileAttributeCategory</name>
        <outputCreationSequence>1.0</outputCreationSequence>
        <outputFieldName>AccountPref:CustomerSatisfactionReliability</outputFieldName>
        <outputObjectName>json</outputObjectName>
        <requiredForUpsert>false</requiredForUpsert>
        <upsertKey>false</upsertKey>
    </omniDataTransformItem>
    <omniDataTransformItem>
        <disabled>false</disabled>
        <filterGroup>0.0</filterGroup>
        <globalKey>VPL-TransformExistingProfileAttributeCategoryCustom397</globalKey>
        <inputFieldName>CustomerSatisfactionService</inputFieldName>
        <inputObjectQuerySequence>0.0</inputObjectQuerySequence>
        <linkedObjectSequence>0.0</linkedObjectSequence>
        <name>VPL-TransformExistingProfileAttributeCategory</name>
        <outputCreationSequence>1.0</outputCreationSequence>
        <outputFieldName>AccountPref:CustomerSatisfactionService</outputFieldName>
        <outputObjectName>json</outputObjectName>
        <requiredForUpsert>false</requiredForUpsert>
        <upsertKey>false</upsertKey>
    </omniDataTransformItem>
    <omniDataTransformItem>
        <disabled>false</disabled>
        <filterGroup>0.0</filterGroup>
        <formulaConverted>| | var:Preferences LIST &apos;Category/\/\/==/\/\/&quot;PURCHASE_CRITERIA_COST&quot;&apos; FILTER</formulaConverted>
        <formulaExpression>FILTER(LIST(Preferences), &apos;Category == &quot;PURCHASE_CRITERIA_COST&quot;&apos;)</formulaExpression>
        <formulaResultPath>PurchaseCriteriaCost</formulaResultPath>
        <formulaSequence>2.0</formulaSequence>
        <globalKey>VPL-TransformExistingProfileAttributeCategoryCustoma1V3h000000mBriEAEItem4</globalKey>
        <inputObjectQuerySequence>0.0</inputObjectQuerySequence>
        <linkedObjectSequence>0.0</linkedObjectSequence>
        <name>VPL-TransformExistingProfileAttributeCategory</name>
        <outputCreationSequence>0.0</outputCreationSequence>
        <outputFieldName>Formula</outputFieldName>
        <outputObjectName>Formula</outputObjectName>
        <requiredForUpsert>false</requiredForUpsert>
        <upsertKey>false</upsertKey>
    </omniDataTransformItem>
    <omniDataTransformItem>
        <disabled>false</disabled>
        <filterGroup>0.0</filterGroup>
        <formulaConverted>| | var:Preferences LIST &apos;Category/\/\/==/\/\/&quot;PURCHASE_CRITERIA_FAMILY_FRIENDLY&quot;&apos; FILTER</formulaConverted>
        <formulaExpression>FILTER(LIST(Preferences), &apos;Category == &quot;PURCHASE_CRITERIA_FAMILY_FRIENDLY&quot;&apos;)</formulaExpression>
        <formulaResultPath>PurchaseCriteriaFamilyFriendly</formulaResultPath>
        <formulaSequence>1.0</formulaSequence>
        <globalKey>VPL-TransformExistingProfileAttributeCategoryCustoma1V3h000000mBriEAEItem0</globalKey>
        <inputObjectQuerySequence>0.0</inputObjectQuerySequence>
        <linkedObjectSequence>0.0</linkedObjectSequence>
        <name>VPL-TransformExistingProfileAttributeCategory</name>
        <outputCreationSequence>0.0</outputCreationSequence>
        <outputFieldName>Formula</outputFieldName>
        <outputObjectName>Formula</outputObjectName>
        <requiredForUpsert>false</requiredForUpsert>
        <upsertKey>false</upsertKey>
    </omniDataTransformItem>
    <omniDataTransformItem>
        <disabled>false</disabled>
        <filterGroup>0.0</filterGroup>
        <formulaConverted>| | var:Preferences LIST &apos;Category/\/\/==/\/\/&quot;DNC_TO&quot;&apos; FILTER</formulaConverted>
        <formulaExpression>FILTER(LIST(Preferences), &apos;Category == &quot;DNC_TO&quot;&apos;)</formulaExpression>
        <formulaResultPath>DNCTo</formulaResultPath>
        <formulaSequence>5.0</formulaSequence>
        <globalKey>VPL-TransformExistingProfileAttributeCategoryCustoma1V3h000000mBriEAEItem1</globalKey>
        <inputObjectQuerySequence>0.0</inputObjectQuerySequence>
        <linkedObjectSequence>0.0</linkedObjectSequence>
        <name>VPL-TransformExistingProfileAttributeCategory</name>
        <outputCreationSequence>0.0</outputCreationSequence>
        <outputFieldName>Formula</outputFieldName>
        <outputObjectName>Formula</outputObjectName>
        <requiredForUpsert>false</requiredForUpsert>
        <upsertKey>false</upsertKey>
    </omniDataTransformItem>
    <omniDataTransformItem>
        <disabled>false</disabled>
        <filterGroup>0.0</filterGroup>
        <formulaConverted>| | var:Preferences LIST &apos;Category/\/\/==/\/\/&quot;PRODUCT_INTERESTS&quot;&apos; FILTER</formulaConverted>
        <formulaExpression>FILTER(LIST(Preferences), &apos;Category == &quot;PRODUCT_INTERESTS&quot;&apos;)</formulaExpression>
        <formulaResultPath>ProductInterests</formulaResultPath>
        <formulaSequence>17.0</formulaSequence>
        <globalKey>VPL-TransformExistingProfileAttributeCategoryCustom7774</globalKey>
        <inputObjectQuerySequence>0.0</inputObjectQuerySequence>
        <linkedObjectSequence>0.0</linkedObjectSequence>
        <name>VPL-TransformExistingProfileAttributeCategory</name>
        <outputCreationSequence>0.0</outputCreationSequence>
        <outputFieldName>Formula</outputFieldName>
        <outputObjectName>Formula</outputObjectName>
        <requiredForUpsert>false</requiredForUpsert>
        <upsertKey>false</upsertKey>
    </omniDataTransformItem>
    <omniDataTransformItem>
        <disabled>false</disabled>
        <filterGroup>0.0</filterGroup>
        <formulaConverted>| | var:Preferences LIST &apos;Category/\/\/==/\/\/&quot;CUSTOMER_SATISFACTION_USAGE_CHARGES&quot;&apos; FILTER</formulaConverted>
        <formulaExpression>FILTER(LIST(Preferences), &apos;Category == &quot;CUSTOMER_SATISFACTION_USAGE_CHARGES&quot;&apos;)</formulaExpression>
        <formulaResultPath>CustomerSatisfactionUsageCharges</formulaResultPath>
        <formulaSequence>13.0</formulaSequence>
        <globalKey>VPL-TransformExistingProfileAttributeCategoryCustom4449</globalKey>
        <inputObjectQuerySequence>0.0</inputObjectQuerySequence>
        <linkedObjectSequence>0.0</linkedObjectSequence>
        <name>VPL-TransformExistingProfileAttributeCategory</name>
        <outputCreationSequence>0.0</outputCreationSequence>
        <outputFieldName>Formula</outputFieldName>
        <outputObjectName>Formula</outputObjectName>
        <requiredForUpsert>false</requiredForUpsert>
        <upsertKey>false</upsertKey>
    </omniDataTransformItem>
    <omniDataTransformItem>
        <disabled>false</disabled>
        <filterGroup>0.0</filterGroup>
        <formulaConverted>| | var:Preferences LIST &apos;Category/\/\/==/\/\/&quot;DNC_FROM&quot;&apos; FILTER</formulaConverted>
        <formulaExpression>FILTER(LIST(Preferences), &apos;Category == &quot;DNC_FROM&quot;&apos;)</formulaExpression>
        <formulaResultPath>DNCFrom</formulaResultPath>
        <formulaSequence>4.0</formulaSequence>
        <globalKey>VPL-TransformExistingProfileAttributeCategoryCustoma1V3h000000mBriEAEItem2</globalKey>
        <inputObjectQuerySequence>0.0</inputObjectQuerySequence>
        <linkedObjectSequence>0.0</linkedObjectSequence>
        <name>VPL-TransformExistingProfileAttributeCategory</name>
        <outputCreationSequence>0.0</outputCreationSequence>
        <outputFieldName>Formula</outputFieldName>
        <outputObjectName>Formula</outputObjectName>
        <requiredForUpsert>false</requiredForUpsert>
        <upsertKey>false</upsertKey>
    </omniDataTransformItem>
    <omniDataTransformItem>
        <disabled>false</disabled>
        <filterGroup>0.0</filterGroup>
        <formulaConverted>| | var:Preferences LIST &apos;Category/\/\/==/\/\/&quot;PURCHASE_CRITERIA_SERVICE_AVAILABILITY&quot;&apos; FILTER</formulaConverted>
        <formulaExpression>FILTER(LIST(Preferences), &apos;Category == &quot;PURCHASE_CRITERIA_SERVICE_AVAILABILITY&quot;&apos;)</formulaExpression>
        <formulaResultPath>PurchaseCriteriaServiceAvailability</formulaResultPath>
        <formulaSequence>6.0</formulaSequence>
        <globalKey>VPL-TransformExistingProfileAttributeCategoryCustom6364</globalKey>
        <inputObjectQuerySequence>0.0</inputObjectQuerySequence>
        <linkedObjectSequence>0.0</linkedObjectSequence>
        <name>VPL-TransformExistingProfileAttributeCategory</name>
        <outputCreationSequence>0.0</outputCreationSequence>
        <outputFieldName>Formula</outputFieldName>
        <outputObjectName>Formula</outputObjectName>
        <requiredForUpsert>false</requiredForUpsert>
        <upsertKey>false</upsertKey>
    </omniDataTransformItem>
    <omniDataTransformItem>
        <disabled>false</disabled>
        <filterGroup>0.0</filterGroup>
        <globalKey>VPL-TransformExistingProfileAttributeCategoryCustom3216</globalKey>
        <inputFieldName>AnalysisMood</inputFieldName>
        <inputObjectQuerySequence>0.0</inputObjectQuerySequence>
        <linkedObjectSequence>0.0</linkedObjectSequence>
        <name>VPL-TransformExistingProfileAttributeCategory</name>
        <outputCreationSequence>1.0</outputCreationSequence>
        <outputFieldName>AccountPref:AnalysisMood</outputFieldName>
        <outputObjectName>json</outputObjectName>
        <requiredForUpsert>false</requiredForUpsert>
        <upsertKey>false</upsertKey>
    </omniDataTransformItem>
    <omniDataTransformItem>
        <disabled>false</disabled>
        <filterGroup>0.0</filterGroup>
        <formulaConverted>| | var:Preferences LIST &apos;Category/\/\/==/\/\/&quot;PURCHASE_CRITERIA_INSURANCE&quot;&apos; FILTER</formulaConverted>
        <formulaExpression>FILTER(LIST(Preferences), &apos;Category == &quot;PURCHASE_CRITERIA_INSURANCE&quot;&apos;)</formulaExpression>
        <formulaResultPath>PurchaseCriteriaInsurance</formulaResultPath>
        <formulaSequence>7.0</formulaSequence>
        <globalKey>VPL-TransformExistingProfileAttributeCategoryCustom3489</globalKey>
        <inputObjectQuerySequence>0.0</inputObjectQuerySequence>
        <linkedObjectSequence>0.0</linkedObjectSequence>
        <name>VPL-TransformExistingProfileAttributeCategory</name>
        <outputCreationSequence>0.0</outputCreationSequence>
        <outputFieldName>Formula</outputFieldName>
        <outputObjectName>Formula</outputObjectName>
        <requiredForUpsert>false</requiredForUpsert>
        <upsertKey>false</upsertKey>
    </omniDataTransformItem>
    <omniDataTransformItem>
        <disabled>false</disabled>
        <filterGroup>0.0</filterGroup>
        <formulaConverted>| | var:Preferences LIST &apos;Category/\/\/==/\/\/&quot;PURCHASE_CRITERIA_RENEWABLE_ENERGY&quot;&apos; FILTER</formulaConverted>
        <formulaExpression>FILTER(LIST(Preferences), &apos;Category == &quot;PURCHASE_CRITERIA_RENEWABLE_ENERGY&quot;&apos;)</formulaExpression>
        <formulaResultPath>PurchaseCriteriaRenewableEnergy</formulaResultPath>
        <formulaSequence>3.0</formulaSequence>
        <globalKey>VPL-TransformExistingProfileAttributeCategoryCustoma1V3h000000mBriEAEItem3</globalKey>
        <inputObjectQuerySequence>0.0</inputObjectQuerySequence>
        <linkedObjectSequence>0.0</linkedObjectSequence>
        <name>VPL-TransformExistingProfileAttributeCategory</name>
        <outputCreationSequence>0.0</outputCreationSequence>
        <outputFieldName>Formula</outputFieldName>
        <outputObjectName>Formula</outputObjectName>
        <requiredForUpsert>false</requiredForUpsert>
        <upsertKey>false</upsertKey>
    </omniDataTransformItem>
    <omniDataTransformItem>
        <disabled>false</disabled>
        <filterGroup>0.0</filterGroup>
        <formulaConverted>| | var:Preferences LIST &apos;Category/\/\/==/\/\/&quot;ANALYSIS_MOOD&quot;&apos; FILTER</formulaConverted>
        <formulaExpression>FILTER(LIST(Preferences), &apos;Category == &quot;ANALYSIS_MOOD&quot;&apos;)</formulaExpression>
        <formulaResultPath>AnalysisMood</formulaResultPath>
        <formulaSequence>14.0</formulaSequence>
        <globalKey>VPL-TransformExistingProfileAttributeCategoryCustom6788</globalKey>
        <inputObjectQuerySequence>0.0</inputObjectQuerySequence>
        <linkedObjectSequence>0.0</linkedObjectSequence>
        <name>VPL-TransformExistingProfileAttributeCategory</name>
        <outputCreationSequence>0.0</outputCreationSequence>
        <outputFieldName>Formula</outputFieldName>
        <outputObjectName>Formula</outputObjectName>
        <requiredForUpsert>false</requiredForUpsert>
        <upsertKey>false</upsertKey>
    </omniDataTransformItem>
    <omniDataTransformItem>
        <disabled>false</disabled>
        <filterGroup>0.0</filterGroup>
        <formulaConverted>| | var:Preferences LIST &apos;Category/\/\/==/\/\/&quot;ANALYSIS_RENEWAL_POTENTIAL&quot;&apos; FILTER</formulaConverted>
        <formulaExpression>FILTER(LIST(Preferences), &apos;Category == &quot;ANALYSIS_RENEWAL_POTENTIAL&quot;&apos;)</formulaExpression>
        <formulaResultPath>AnalysisRenewalPotential</formulaResultPath>
        <formulaSequence>16.0</formulaSequence>
        <globalKey>VPL-TransformExistingProfileAttributeCategoryCustom4299</globalKey>
        <inputObjectQuerySequence>0.0</inputObjectQuerySequence>
        <linkedObjectSequence>0.0</linkedObjectSequence>
        <name>VPL-TransformExistingProfileAttributeCategory</name>
        <outputCreationSequence>0.0</outputCreationSequence>
        <outputFieldName>Formula</outputFieldName>
        <outputObjectName>Formula</outputObjectName>
        <requiredForUpsert>false</requiredForUpsert>
        <upsertKey>false</upsertKey>
    </omniDataTransformItem>
    <omniDataTransformItem>
        <disabled>false</disabled>
        <filterGroup>0.0</filterGroup>
        <globalKey>VPL-TransformExistingProfileAttributeCategoryCustom1480</globalKey>
        <inputFieldName>PurchaseCriteriaServiceAvailability</inputFieldName>
        <inputObjectQuerySequence>0.0</inputObjectQuerySequence>
        <linkedObjectSequence>0.0</linkedObjectSequence>
        <name>VPL-TransformExistingProfileAttributeCategory</name>
        <outputCreationSequence>1.0</outputCreationSequence>
        <outputFieldName>AccountPref:PurchaseCriteriaServiceAvailability</outputFieldName>
        <outputObjectName>json</outputObjectName>
        <requiredForUpsert>false</requiredForUpsert>
        <upsertKey>false</upsertKey>
    </omniDataTransformItem>
    <omniDataTransformItem>
        <disabled>false</disabled>
        <filterGroup>0.0</filterGroup>
        <formulaConverted>| | var:Preferences LIST &apos;Category/\/\/==/\/\/&quot;CUSTOMER_SATISFACTION_RELIABILITY&quot;&apos; FILTER</formulaConverted>
        <formulaExpression>FILTER(LIST(Preferences), &apos;Category == &quot;CUSTOMER_SATISFACTION_RELIABILITY&quot;&apos;)</formulaExpression>
        <formulaResultPath>CustomerSatisfactionReliability</formulaResultPath>
        <formulaSequence>9.0</formulaSequence>
        <globalKey>VPL-TransformExistingProfileAttributeCategoryCustom3610</globalKey>
        <inputObjectQuerySequence>0.0</inputObjectQuerySequence>
        <linkedObjectSequence>0.0</linkedObjectSequence>
        <name>VPL-TransformExistingProfileAttributeCategory</name>
        <outputCreationSequence>0.0</outputCreationSequence>
        <outputFieldName>Formula</outputFieldName>
        <outputObjectName>Formula</outputObjectName>
        <requiredForUpsert>false</requiredForUpsert>
        <upsertKey>false</upsertKey>
    </omniDataTransformItem>
    <omniDataTransformItem>
        <disabled>false</disabled>
        <filterGroup>0.0</filterGroup>
        <formulaConverted>| | var:Preferences LIST &apos;Category/\/\/==/\/\/&quot;CUSTOMER_SATISFACTION_SERVICE&quot;&apos; FILTER</formulaConverted>
        <formulaExpression>FILTER(LIST(Preferences), &apos;Category == &quot;CUSTOMER_SATISFACTION_SERVICE&quot;&apos;)</formulaExpression>
        <formulaResultPath>CustomerSatisfactionService</formulaResultPath>
        <formulaSequence>11.0</formulaSequence>
        <globalKey>VPL-TransformExistingProfileAttributeCategoryCustom5357</globalKey>
        <inputObjectQuerySequence>0.0</inputObjectQuerySequence>
        <linkedObjectSequence>0.0</linkedObjectSequence>
        <name>VPL-TransformExistingProfileAttributeCategory</name>
        <outputCreationSequence>0.0</outputCreationSequence>
        <outputFieldName>Formula</outputFieldName>
        <outputObjectName>Formula</outputObjectName>
        <requiredForUpsert>false</requiredForUpsert>
        <upsertKey>false</upsertKey>
    </omniDataTransformItem>
    <omniDataTransformItem>
        <disabled>false</disabled>
        <filterGroup>0.0</filterGroup>
        <formulaConverted>| | var:Preferences LIST &apos;Category/\/\/==/\/\/&quot;CUSTOMER_SATISFACTION_COVERAGE&quot;&apos; FILTER</formulaConverted>
        <formulaExpression>FILTER(LIST(Preferences), &apos;Category == &quot;CUSTOMER_SATISFACTION_COVERAGE&quot;&apos;)</formulaExpression>
        <formulaResultPath>CustomerSatisfactionCoverage</formulaResultPath>
        <formulaSequence>10.0</formulaSequence>
        <globalKey>VPL-TransformExistingProfileAttributeCategoryCustom8990</globalKey>
        <inputObjectQuerySequence>0.0</inputObjectQuerySequence>
        <linkedObjectSequence>0.0</linkedObjectSequence>
        <name>VPL-TransformExistingProfileAttributeCategory</name>
        <outputCreationSequence>0.0</outputCreationSequence>
        <outputFieldName>Formula</outputFieldName>
        <outputObjectName>Formula</outputObjectName>
        <requiredForUpsert>false</requiredForUpsert>
        <upsertKey>false</upsertKey>
    </omniDataTransformItem>
    <omniDataTransformItem>
        <disabled>false</disabled>
        <filterGroup>0.0</filterGroup>
        <formulaConverted>| | var:Preferences LIST &apos;Category/\/\/==/\/\/&quot;CUSTOMER_SATISFACTION_MAINTENANCE&quot;&apos; FILTER</formulaConverted>
        <formulaExpression>FILTER(LIST(Preferences), &apos;Category == &quot;CUSTOMER_SATISFACTION_MAINTENANCE&quot;&apos;)</formulaExpression>
        <formulaResultPath>CustomerSatisfactionMaintenance</formulaResultPath>
        <formulaSequence>12.0</formulaSequence>
        <globalKey>VPL-TransformExistingProfileAttributeCategoryCustom1094</globalKey>
        <inputObjectQuerySequence>0.0</inputObjectQuerySequence>
        <linkedObjectSequence>0.0</linkedObjectSequence>
        <name>VPL-TransformExistingProfileAttributeCategory</name>
        <outputCreationSequence>0.0</outputCreationSequence>
        <outputFieldName>Formula</outputFieldName>
        <outputObjectName>Formula</outputObjectName>
        <requiredForUpsert>false</requiredForUpsert>
        <upsertKey>false</upsertKey>
    </omniDataTransformItem>
    <omniDataTransformItem>
        <disabled>false</disabled>
        <filterGroup>0.0</filterGroup>
        <formulaConverted>| | var:Preferences LIST &apos;Category/\/\/==/\/\/&quot;ANALYSIS_UPSELL_POTENTIAL&quot;&apos; FILTER</formulaConverted>
        <formulaExpression>FILTER(LIST(Preferences), &apos;Category == &quot;ANALYSIS_UPSELL_POTENTIAL&quot;&apos;)</formulaExpression>
        <formulaResultPath>AnalysisUpsellPotential</formulaResultPath>
        <formulaSequence>15.0</formulaSequence>
        <globalKey>VPL-TransformExistingProfileAttributeCategoryCustom6199</globalKey>
        <inputObjectQuerySequence>0.0</inputObjectQuerySequence>
        <linkedObjectSequence>0.0</linkedObjectSequence>
        <name>VPL-TransformExistingProfileAttributeCategory</name>
        <outputCreationSequence>0.0</outputCreationSequence>
        <outputFieldName>Formula</outputFieldName>
        <outputObjectName>Formula</outputObjectName>
        <requiredForUpsert>false</requiredForUpsert>
        <upsertKey>false</upsertKey>
    </omniDataTransformItem>
    <omniDataTransformItem>
        <disabled>false</disabled>
        <filterGroup>0.0</filterGroup>
        <formulaConverted>| | var:Preferences LIST &apos;Category/\/\/==/\/\/&quot;CUSTOMER_SATISFACTION_COST&quot;&apos; FILTER</formulaConverted>
        <formulaExpression>FILTER(LIST(Preferences), &apos;Category == &quot;CUSTOMER_SATISFACTION_COST&quot;&apos;)</formulaExpression>
        <formulaResultPath>CustomerSatisfactionCost</formulaResultPath>
        <formulaSequence>8.0</formulaSequence>
        <globalKey>VPL-TransformExistingProfileAttributeCategoryCustom5454</globalKey>
        <inputObjectQuerySequence>0.0</inputObjectQuerySequence>
        <linkedObjectSequence>0.0</linkedObjectSequence>
        <name>VPL-TransformExistingProfileAttributeCategory</name>
        <outputCreationSequence>0.0</outputCreationSequence>
        <outputFieldName>Formula</outputFieldName>
        <outputObjectName>Formula</outputObjectName>
        <requiredForUpsert>false</requiredForUpsert>
        <upsertKey>false</upsertKey>
    </omniDataTransformItem>
    <outputType>JSON</outputType>
    <previewJsonData>{
  &quot;AccountName&quot; : &quot;ACCOUNT-27683&quot;,
  &quot;Preferences&quot; : {
    &quot;AttrAssignId&quot; : &quot;a0M3h000002ivl7EAA&quot;,
    &quot;AttrId&quot; : &quot;a0P3h0000012egGEAQ&quot;,
    &quot;AttrValue&quot; : &quot;1&quot;,
    &quot;Category&quot; : &quot;PURCHASE_CRITERIA_COST&quot;,
    &quot;CategoryId&quot; : &quot;a0O3h000000iF7FEAU&quot;
  },
  &quot;TotalAttrAssignCount&quot; : 1
}</previewJsonData>
    <processSuperBulk>false</processSuperBulk>
    <responseCacheTtlMinutes>0.0</responseCacheTtlMinutes>
    <rollbackOnError>false</rollbackOnError>
    <sourceObject>json</sourceObject>
    <sourceObjectDefault>false</sourceObjectDefault>
    <synchronousProcessThreshold>-1.0</synchronousProcessThreshold>
    <type>Transform</type>
    <uniqueName>VPLTransformExistingProfileAttributeCategory_1</uniqueName>
    <versionNumber>1.0</versionNumber>
    <xmlDeclarationRemoved>false</xmlDeclarationRemoved>
</OmniDataTransform>
